D:\Projects\Informatique.Alumni\src\Informatique.Alumni.Application\Informatique.Alumni.Application.csproj : warning NU1903: Package 'AutoMapper' 14.0.0 has a known high severity vulnerability, https://github.com/advisories/GHSA-rvv3-g6hj-g44x
D:\Projects\Informatique.Alumni\src\Informatique.Alumni.Domain\Informatique.Alumni.Domain.csproj : warning NU1902: Package 'Scriban' 6.3.0 has a known moderate severity vulnerability, https://github.com/advisories/GHSA-5rpf-x9jg-8j5p [D:\Projects\Informatique.Alumni\src\Informatique.Alumni.Application\Informatique.Alumni.Application.csproj]
D:\Projects\Informatique.Alumni\src\Informatique.Alumni.Domain\Informatique.Alumni.Domain.csproj : warning NU1904: Package 'Scriban' 6.3.0 has a known critical severity vulnerability, https://github.com/advisories/GHSA-5wr9-m6jw-xx44 [D:\Projects\Informatique.Alumni\src\Informatique.Alumni.Application\Informatique.Alumni.Application.csproj]
D:\Projects\Informatique.Alumni\src\Informatique.Alumni.Application\Informatique.Alumni.Application.csproj : warning NU1902: Package 'HtmlSanitizer' 9.0.889 has a known moderate severity vulnerability, https://github.com/advisories/GHSA-j92c-7v7g-gj3f
D:\Projects\Informatique.Alumni\src\Informatique.Alumni.Domain\Informatique.Alumni.Domain.csproj : warning NU1903: Package 'Scriban' 6.3.0 has a known high severity vulnerability, https://github.com/advisories/GHSA-c875-h985-hvrc [D:\Projects\Informatique.Alumni\src\Informatique.Alumni.Application\Informatique.Alumni.Application.csproj]
D:\Projects\Informatique.Alumni\src\Informatique.Alumni.Application\Informatique.Alumni.Application.csproj : warning NU1902: Package 'Scriban' 6.3.0 has a known moderate severity vulnerability, https://github.com/advisories/GHSA-5rpf-x9jg-8j5p
D:\Projects\Informatique.Alumni\src\Informatique.Alumni.Application\Informatique.Alumni.Application.csproj : warning NU1904: Package 'Scriban' 6.3.0 has a known critical severity vulnerability, https://github.com/advisories/GHSA-5wr9-m6jw-xx44
D:\Projects\Informatique.Alumni\src\Informatique.Alumni.Domain\Informatique.Alumni.Domain.csproj : warning NU1903: Package 'Scriban' 6.3.0 has a known high severity vulnerability, https://github.com/advisories/GHSA-grr9-747v-xvcp [D:\Projects\Informatique.Alumni\src\Informatique.Alumni.Application\Informatique.Alumni.Application.csproj]
D:\Projects\Informatique.Alumni\src\Informatique.Alumni.Application\Informatique.Alumni.Application.csproj : warning NU1903: Package 'Scriban' 6.3.0 has a known high severity vulnerability, https://github.com/advisories/GHSA-c875-h985-hvrc
D:\Projects\Informatique.Alumni\src\Informatique.Alumni.Domain\Informatique.Alumni.Domain.csproj : warning NU1902: Package 'Scriban' 6.3.0 has a known moderate severity vulnerability, https://github.com/advisories/GHSA-m2p3-hwv5-xpqw [D:\Projects\Informatique.Alumni\src\Informatique.Alumni.Application\Informatique.Alumni.Application.csproj]
D:\Projects\Informatique.Alumni\src\Informatique.Alumni.Application\Informatique.Alumni.Application.csproj : warning NU1903: Package 'Scriban' 6.3.0 has a known high severity vulnerability, https://github.com/advisories/GHSA-grr9-747v-xvcp
D:\Projects\Informatique.Alumni\src\Informatique.Alumni.Domain\Informatique.Alumni.Domain.csproj : warning NU1903: Package 'Scriban' 6.3.0 has a known high severity vulnerability, https://github.com/advisories/GHSA-p6q4-fgr8-vx4p [D:\Projects\Informatique.Alumni\src\Informatique.Alumni.Application\Informatique.Alumni.Application.csproj]
D:\Projects\Informatique.Alumni\src\Informatique.Alumni.Application\Informatique.Alumni.Application.csproj : warning NU1902: Package 'Scriban' 6.3.0 has a known moderate severity vulnerability, https://github.com/advisories/GHSA-m2p3-hwv5-xpqw
D:\Projects\Informatique.Alumni\src\Informatique.Alumni.Domain\Informatique.Alumni.Domain.csproj : warning NU1903: Package 'Scriban' 6.3.0 has a known high severity vulnerability, https://github.com/advisories/GHSA-v66j-x4hw-fv9g [D:\Projects\Informatique.Alumni\src\Informatique.Alumni.Application\Informatique.Alumni.Application.csproj]
D:\Projects\Informatique.Alumni\src\Informatique.Alumni.Application\Informatique.Alumni.Application.csproj : warning NU1903: Package 'Scriban' 6.3.0 has a known high severity vulnerability, https://github.com/advisories/GHSA-p6q4-fgr8-vx4p
D:\Projects\Informatique.Alumni\src\Informatique.Alumni.Domain\Informatique.Alumni.Domain.csproj : warning NU1903: Package 'Scriban' 6.3.0 has a known high severity vulnerability, https://github.com/advisories/GHSA-wgh7-7m3c-fx25 [D:\Projects\Informatique.Alumni\src\Informatique.Alumni.Application\Informatique.Alumni.Application.csproj]
D:\Projects\Informatique.Alumni\src\Informatique.Alumni.Application\Informatique.Alumni.Application.csproj : warning NU1903: Package 'Scriban' 6.3.0 has a known high severity vulnerability, https://github.com/advisories/GHSA-v66j-x4hw-fv9g
D:\Projects\Informatique.Alumni\src\Informatique.Alumni.Domain\Informatique.Alumni.Domain.csproj : warning NU1903: Package 'Scriban' 6.3.0 has a known high severity vulnerability, https://github.com/advisories/GHSA-x6m9-38vm-2xhf [D:\Projects\Informatique.Alumni\src\Informatique.Alumni.Application\Informatique.Alumni.Application.csproj]
D:\Projects\Informatique.Alumni\src\Informatique.Alumni.Application\Informatique.Alumni.Application.csproj : warning NU1903: Package 'Scriban' 6.3.0 has a known high severity vulnerability, https://github.com/advisories/GHSA-wgh7-7m3c-fx25
D:\Projects\Informatique.Alumni\src\Informatique.Alumni.Domain\Informatique.Alumni.Domain.csproj : warning NU1903: Package 'Scriban' 6.3.0 has a known high severity vulnerability, https://github.com/advisories/GHSA-xcx6-vp38-8hr5 [D:\Projects\Informatique.Alumni\src\Informatique.Alumni.Application\Informatique.Alumni.Application.csproj]
D:\Projects\Informatique.Alumni\src\Informatique.Alumni.Domain\Informatique.Alumni.Domain.csproj : warning NU1902: Package 'Scriban' 6.3.0 has a known moderate severity vulnerability, https://github.com/advisories/GHSA-xw6w-9jjh-p9cr [D:\Projects\Informatique.Alumni\src\Informatique.Alumni.Application\Informatique.Alumni.Application.csproj]
D:\Projects\Informatique.Alumni\src\Informatique.Alumni.Application\Informatique.Alumni.Application.csproj : warning NU1903: Package 'Scriban' 6.3.0 has a known high severity vulnerability, https://github.com/advisories/GHSA-x6m9-38vm-2xhf
D:\Projects\Informatique.Alumni\src\Informatique.Alumni.Application\Informatique.Alumni.Application.csproj : warning NU1903: Package 'Scriban' 6.3.0 has a known high severity vulnerability, https://github.com/advisories/GHSA-xcx6-vp38-8hr5
D:\Projects\Informatique.Alumni\src\Informatique.Alumni.Application\Informatique.Alumni.Application.csproj : warning NU1902: Package 'Scriban' 6.3.0 has a known moderate severity vulnerability, https://github.com/advisories/GHSA-xw6w-9jjh-p9cr
D:\Projects\Informatique.Alumni\src\Informatique.Alumni.Application\Informatique.Alumni.Application.csproj : warning NU1903: Package 'AutoMapper' 14.0.0 has a known high severity vulnerability, https://github.com/advisories/GHSA-rvv3-g6hj-g44x
D:\Projects\Informatique.Alumni\src\Informatique.Alumni.Application\Informatique.Alumni.Application.csproj : warning NU1902: Package 'HtmlSanitizer' 9.0.889 has a known moderate severity vulnerability, https://github.com/advisories/GHSA-j92c-7v7g-gj3f
D:\Projects\Informatique.Alumni\src\Informatique.Alumni.Application\Informatique.Alumni.Application.csproj : warning NU1902: Package 'Scriban' 6.3.0 has a known moderate severity vulnerability, https://github.com/advisories/GHSA-5rpf-x9jg-8j5p
D:\Projects\Informatique.Alumni\src\Informatique.Alumni.Application\Informatique.Alumni.Application.csproj : warning NU1904: Package 'Scriban' 6.3.0 has a known critical severity vulnerability, https://github.com/advisories/GHSA-5wr9-m6jw-xx44
D:\Projects\Informatique.Alumni\src\Informatique.Alumni.Application\Informatique.Alumni.Application.csproj : warning NU1903: Package 'Scriban' 6.3.0 has a known high severity vulnerability, https://github.com/advisories/GHSA-c875-h985-hvrc
D:\Projects\Informatique.Alumni\src\Informatique.Alumni.Application\Informatique.Alumni.Application.csproj : warning NU1903: Package 'Scriban' 6.3.0 has a known high severity vulnerability, https://github.com/advisories/GHSA-grr9-747v-xvcp
D:\Projects\Informatique.Alumni\src\Informatique.Alumni.Application\Informatique.Alumni.Application.csproj : warning NU1902: Package 'Scriban' 6.3.0 has a known moderate severity vulnerability, https://github.com/advisories/GHSA-m2p3-hwv5-xpqw
D:\Projects\Informatique.Alumni\src\Informatique.Alumni.Application\Informatique.Alumni.Application.csproj : warning NU1903: Package 'Scriban' 6.3.0 has a known high severity vulnerability, https://github.com/advisories/GHSA-p6q4-fgr8-vx4p
D:\Projects\Informatique.Alumni\src\Informatique.Alumni.Application\Informatique.Alumni.Application.csproj : warning NU1903: Package 'Scriban' 6.3.0 has a known high severity vulnerability, https://github.com/advisories/GHSA-v66j-x4hw-fv9g
D:\Projects\Informatique.Alumni\src\Informatique.Alumni.Application\Informatique.Alumni.Application.csproj : warning NU1903: Package 'Scriban' 6.3.0 has a known high severity vulnerability, https://github.com/advisories/GHSA-wgh7-7m3c-fx25
D:\Projects\Informatique.Alumni\src\Informatique.Alumni.Application\Informatique.Alumni.Application.csproj : warning NU1903: Package 'Scriban' 6.3.0 has a known high severity vulnerability, https://github.com/advisories/GHSA-x6m9-38vm-2xhf
D:\Projects\Informatique.Alumni\src\Informatique.Alumni.Application\Informatique.Alumni.Application.csproj : warning NU1903: Package 'Scriban' 6.3.0 has a known high severity vulnerability, https://github.com/advisories/GHSA-xcx6-vp38-8hr5
D:\Projects\Informatique.Alumni\src\Informatique.Alumni.Application\Informatique.Alumni.Application.csproj : warning NU1902: Package 'Scriban' 6.3.0 has a known moderate severity vulnerability, https://github.com/advisories/GHSA-xw6w-9jjh-p9cr
D:\Projects\Informatique.Alumni\src\Informatique.Alumni.Domain\Informatique.Alumni.Domain.csproj : warning NU1902: Package 'Scriban' 6.3.0 has a known moderate severity vulnerability, https://github.com/advisories/GHSA-5rpf-x9jg-8j5p
D:\Projects\Informatique.Alumni\src\Informatique.Alumni.Domain\Informatique.Alumni.Domain.csproj : warning NU1904: Package 'Scriban' 6.3.0 has a known critical severity vulnerability, https://github.com/advisories/GHSA-5wr9-m6jw-xx44
D:\Projects\Informatique.Alumni\src\Informatique.Alumni.Domain\Informatique.Alumni.Domain.csproj : warning NU1903: Package 'Scriban' 6.3.0 has a known high severity vulnerability, https://github.com/advisories/GHSA-c875-h985-hvrc
D:\Projects\Informatique.Alumni\src\Informatique.Alumni.Domain\Informatique.Alumni.Domain.csproj : warning NU1903: Package 'Scriban' 6.3.0 has a known high severity vulnerability, https://github.com/advisories/GHSA-grr9-747v-xvcp
D:\Projects\Informatique.Alumni\src\Informatique.Alumni.Domain\Informatique.Alumni.Domain.csproj : warning NU1902: Package 'Scriban' 6.3.0 has a known moderate severity vulnerability, https://github.com/advisories/GHSA-m2p3-hwv5-xpqw
D:\Projects\Informatique.Alumni\src\Informatique.Alumni.Domain\Informatique.Alumni.Domain.csproj : warning NU1903: Package 'Scriban' 6.3.0 has a known high severity vulnerability, https://github.com/advisories/GHSA-p6q4-fgr8-vx4p
D:\Projects\Informatique.Alumni\src\Informatique.Alumni.Domain\Informatique.Alumni.Domain.csproj : warning NU1903: Package 'Scriban' 6.3.0 has a known high severity vulnerability, https://github.com/advisories/GHSA-v66j-x4hw-fv9g
D:\Projects\Informatique.Alumni\src\Informatique.Alumni.Domain\Informatique.Alumni.Domain.csproj : warning NU1903: Package 'Scriban' 6.3.0 has a known high severity vulnerability, https://github.com/advisories/GHSA-wgh7-7m3c-fx25
D:\Projects\Informatique.Alumni\src\Informatique.Alumni.Domain\Informatique.Alumni.Domain.csproj : warning NU1903: Package 'Scriban' 6.3.0 has a known high severity vulnerability, https://github.com/advisories/GHSA-x6m9-38vm-2xhf
D:\Projects\Informatique.Alumni\src\Informatique.Alumni.Domain\Informatique.Alumni.Domain.csproj : warning NU1903: Package 'Scriban' 6.3.0 has a known high severity vulnerability, https://github.com/advisories/GHSA-xcx6-vp38-8hr5
D:\Projects\Informatique.Alumni\src\Informatique.Alumni.Domain\Informatique.Alumni.Domain.csproj : warning NU1902: Package 'Scriban' 6.3.0 has a known moderate severity vulnerability, https://github.com/advisories/GHSA-xw6w-9jjh-p9cr
D:\Projects\Informatique.Alumni\src\Informatique.Alumni.Application\AlumniApplicationMappers.cs(42,5): warning RMG012: The member AlumniName on the mapping target type Informatique.Alumni.Certificates.CertificateRequestDto was not found on the mapping source type Informatique.Alumni.Certificates.CertificateRequest [D:\Projects\Informatique.Alumni\src\Informatique.Alumni.Application\Informatique.Alumni.Application.csproj]
D:\Projects\Informatique.Alumni\src\Informatique.Alumni.Application\AlumniApplicationMappers.cs(42,5): warning RMG012: The member AlumniEmail on the mapping target type Informatique.Alumni.Certificates.CertificateRequestDto was not found on the mapping source type Informatique.Alumni.Certificates.CertificateRequest [D:\Projects\Informatique.Alumni\src\Informatique.Alumni.Application\Informatique.Alumni.Application.csproj]
D:\Projects\Informatique.Alumni\src\Informatique.Alumni.Application\AlumniApplicationMappers.cs(42,5): warning RMG012: The member MobileNumber on the mapping target type Informatique.Alumni.Certificates.CertificateRequestDto was not found on the mapping source type Informatique.Alumni.Certificates.CertificateRequest [D:\Projects\Informatique.Alumni\src\Informatique.Alumni.Application\Informatique.Alumni.Application.csproj]
D:\Projects\Informatique.Alumni\src\Informatique.Alumni.Application\AlumniApplicationMappers.cs(42,5): warning RMG012: The member StudentId on the mapping target type Informatique.Alumni.Certificates.CertificateRequestDto was not found on the mapping source type Informatique.Alumni.Certificates.CertificateRequest [D:\Projects\Informatique.Alumni\src\Informatique.Alumni.Application\Informatique.Alumni.Application.csproj]
D:\Projects\Informatique.Alumni\src\Informatique.Alumni.Application\AlumniApplicationMappers.cs(42,5): warning RMG012: The member CollegeName on the mapping target type Informatique.Alumni.Certificates.CertificateRequestDto was not found on the mapping source type Informatique.Alumni.Certificates.CertificateRequest [D:\Projects\Informatique.Alumni\src\Informatique.Alumni.Application\Informatique.Alumni.Application.csproj]
D:\Projects\Informatique.Alumni\src\Informatique.Alumni.Application\AlumniApplicationMappers.cs(42,5): warning RMG012: The member GraduationYear on the mapping target type Informatique.Alumni.Certificates.CertificateRequestDto was not found on the mapping source type Informatique.Alumni.Certificates.CertificateRequest [D:\Projects\Informatique.Alumni\src\Informatique.Alumni.Application\Informatique.Alumni.Application.csproj]
D:\Projects\Informatique.Alumni\src\Informatique.Alumni.Application\AlumniApplicationMappers.cs(42,5): warning RMG012: The member TargetBranchName on the mapping target type Informatique.Alumni.Certificates.CertificateRequestDto was not found on the mapping source type Informatique.Alumni.Certificates.CertificateRequest [D:\Projects\Informatique.Alumni\src\Informatique.Alumni.Application\Informatique.Alumni.Application.csproj]
D:\Projects\Informatique.Alumni\src\Informatique.Alumni.Application\AlumniApplicationMappers.cs(45,5): warning RMG012: The member CertificateDefinitionName on the mapping target type Informatique.Alumni.Certificates.CertificateRequestItemDto was not found on the mapping source type Informatique.Alumni.Certificates.CertificateRequestItem [D:\Projects\Informatique.Alumni\src\Informatique.Alumni.Application\Informatique.Alumni.Application.csproj]
D:\Projects\Informatique.Alumni\src\Informatique.Alumni.Application\AlumniApplicationMappers.cs(45,5): warning RMG012: The member QualificationName on the mapping target type Informatique.Alumni.Certificates.CertificateRequestItemDto was not found on the mapping source type Informatique.Alumni.Certificates.CertificateRequestItem [D:\Projects\Informatique.Alumni\src\Informatique.Alumni.Application\Informatique.Alumni.Application.csproj]
D:\Projects\Informatique.Alumni\src\Informatique.Alumni.Application\AlumniApplicationMappers.cs(45,5): warning RMG012: The member RequiredDocuments on the mapping target type Informatique.Alumni.Certificates.CertificateRequestItemDto was not found on the mapping source type Informatique.Alumni.Certificates.CertificateRequestItem [D:\Projects\Informatique.Alumni\src\Informatique.Alumni.Application\Informatique.Alumni.Application.csproj]
D:\Projects\Informatique.Alumni\src\Informatique.Alumni.Application\AlumniApplicationMappers.cs(48,5): warning RMG012: The member ChangedByUserName on the mapping target type Informatique.Alumni.Certificates.CertificateRequestHistoryDto was not found on the mapping source type Informatique.Alumni.Certificates.CertificateRequestHistory [D:\Projects\Informatique.Alumni\src\Informatique.Alumni.Application\Informatique.Alumni.Application.csproj]
D:\Projects\Informatique.Alumni\src\Informatique.Alumni.Application\AlumniApplicationMappers.cs(65,5): warning RMG012: The member AlumniId on the mapping target type Informatique.Alumni.Profiles.AlumniMyProfileDto was not found on the mapping source type Informatique.Alumni.Profiles.AlumniProfile [D:\Projects\Informatique.Alumni\src\Informatique.Alumni.Application\Informatique.Alumni.Application.csproj]
D:\Projects\Informatique.Alumni\src\Informatique.Alumni.Application\AlumniApplicationMappers.cs(65,5): warning RMG012: The member NameAr on the mapping target type Informatique.Alumni.Profiles.AlumniMyProfileDto was not found on the mapping source type Informatique.Alumni.Profiles.AlumniProfile [D:\Projects\Informatique.Alumni\src\Informatique.Alumni.Application\Informatique.Alumni.Application.csproj]
D:\Projects\Informatique.Alumni\src\Informatique.Alumni.Application\AlumniApplicationMappers.cs(65,5): warning RMG012: The member NameEn on the mapping target type Informatique.Alumni.Profiles.AlumniMyProfileDto was not found on the mapping source type Informatique.Alumni.Profiles.AlumniProfile [D:\Projects\Informatique.Alumni\src\Informatique.Alumni.Application\Informatique.Alumni.Application.csproj]
D:\Projects\Informatique.Alumni\src\Informatique.Alumni.Application\AlumniApplicationMappers.cs(65,5): warning RMG012: The member Nationality on the mapping target type Informatique.Alumni.Profiles.AlumniMyProfileDto was not found on the mapping source type Informatique.Alumni.Profiles.AlumniProfile [D:\Projects\Informatique.Alumni\src\Informatique.Alumni.Application\Informatique.Alumni.Application.csproj]
D:\Projects\Informatique.Alumni\src\Informatique.Alumni.Application\AlumniApplicationMappers.cs(65,5): warning RMG012: The member Gender on the mapping target type Informatique.Alumni.Profiles.AlumniMyProfileDto was not found on the mapping source type Informatique.Alumni.Profiles.AlumniProfile [D:\Projects\Informatique.Alumni\src\Informatique.Alumni.Application\Informatique.Alumni.Application.csproj]
D:\Projects\Informatique.Alumni\src\Informatique.Alumni.Application\AlumniApplicationMappers.cs(65,5): warning RMG012: The member BirthDate on the mapping target type Informatique.Alumni.Profiles.AlumniMyProfileDto was not found on the mapping source type Informatique.Alumni.Profiles.AlumniProfile [D:\Projects\Informatique.Alumni\src\Informatique.Alumni.Application\Informatique.Alumni.Application.csproj]
D:\Projects\Informatique.Alumni\src\Informatique.Alumni.Application\AlumniApplicationMappers.cs(65,5): warning RMG012: The member OpeningBalance on the mapping target type Informatique.Alumni.Profiles.AlumniMyProfileDto was not found on the mapping source type Informatique.Alumni.Profiles.AlumniProfile [D:\Projects\Informatique.Alumni\src\Informatique.Alumni.Application\Informatique.Alumni.Application.csproj]
D:\Projects\Informatique.Alumni\src\Informatique.Alumni.Application\AlumniApplicationMappers.cs(65,5): warning RMG012: The member AcademicHistory on the mapping target type Informatique.Alumni.Profiles.AlumniMyProfileDto was not found on the mapping source type Informatique.Alumni.Profiles.AlumniProfile [D:\Projects\Informatique.Alumni\src\Informatique.Alumni.Application\Informatique.Alumni.Application.csproj]
D:\Projects\Informatique.Alumni\src\Informatique.Alumni.Application\AlumniApplicationMappers.cs(65,5): warning RMG012: The member ExpertiseIds on the mapping target type Informatique.Alumni.Profiles.AlumniMyProfileDto was not found on the mapping source type Informatique.Alumni.Profiles.AlumniProfile [D:\Projects\Informatique.Alumni\src\Informatique.Alumni.Application\Informatique.Alumni.Application.csproj]
D:\Projects\Informatique.Alumni\src\Informatique.Alumni.Application\AlumniApplicationMappers.cs(65,5): warning RMG012: The member Name on the mapping target type Informatique.Alumni.Profiles.AlumniMyProfileDto was not found on the mapping source type Informatique.Alumni.Profiles.AlumniProfile [D:\Projects\Informatique.Alumni\src\Informatique.Alumni.Application\Informatique.Alumni.Application.csproj]
D:\Projects\Informatique.Alumni\src\Informatique.Alumni.Application\AlumniApplicationMappers.cs(81,5): warning RMG012: The member Images on the mapping target type Informatique.Alumni.Gallery.GalleryAlbumDto was not found on the mapping source type Informatique.Alumni.Gallery.GalleryAlbum [D:\Projects\Informatique.Alumni\src\Informatique.Alumni.Application\Informatique.Alumni.Application.csproj]
D:\Projects\Informatique.Alumni\src\Informatique.Alumni.Application\AlumniApplicationMappers.cs(88,5): warning RMG012: The member IsActive on the mapping target type Informatique.Alumni.Health.MedicalPartner was not found on the mapping source type Informatique.Alumni.Health.CreateUpdateMedicalPartnerDto [D:\Projects\Informatique.Alumni\src\Informatique.Alumni.Application\Informatique.Alumni.Application.csproj]
D:\Projects\Informatique.Alumni\src\Informatique.Alumni.Application\AlumniApplicationMappers.cs(88,5): warning RMG012: The member IsDeleted on the mapping target type Informatique.Alumni.Health.MedicalPartner was not found on the mapping source type Informatique.Alumni.Health.CreateUpdateMedicalPartnerDto [D:\Projects\Informatique.Alumni\src\Informatique.Alumni.Application\Informatique.Alumni.Application.csproj]
D:\Projects\Informatique.Alumni\src\Informatique.Alumni.Application\AlumniApplicationMappers.cs(88,5): warning RMG012: The member DeleterId on the mapping target type Informatique.Alumni.Health.MedicalPartner was not found on the mapping source type Informatique.Alumni.Health.CreateUpdateMedicalPartnerDto [D:\Projects\Informatique.Alumni\src\Informatique.Alumni.Application\Informatique.Alumni.Application.csproj]
D:\Projects\Informatique.Alumni\src\Informatique.Alumni.Application\AlumniApplicationMappers.cs(88,5): warning RMG012: The member DeletionTime on the mapping target type Informatique.Alumni.Health.MedicalPartner was not found on the mapping source type Informatique.Alumni.Health.CreateUpdateMedicalPartnerDto [D:\Projects\Informatique.Alumni\src\Informatique.Alumni.Application\Informatique.Alumni.Application.csproj]
D:\Projects\Informatique.Alumni\src\Informatique.Alumni.Application\AlumniApplicationMappers.cs(88,5): warning RMG012: The member LastModificationTime on the mapping target type Informatique.Alumni.Health.MedicalPartner was not found on the mapping source type Informatique.Alumni.Health.CreateUpdateMedicalPartnerDto [D:\Projects\Informatique.Alumni\src\Informatique.Alumni.Application\Informatique.Alumni.Application.csproj]
D:\Projects\Informatique.Alumni\src\Informatique.Alumni.Application\AlumniApplicationMappers.cs(88,5): warning RMG012: The member LastModifierId on the mapping target type Informatique.Alumni.Health.MedicalPartner was not found on the mapping source type Informatique.Alumni.Health.CreateUpdateMedicalPartnerDto [D:\Projects\Informatique.Alumni\src\Informatique.Alumni.Application\Informatique.Alumni.Application.csproj]
D:\Projects\Informatique.Alumni\src\Informatique.Alumni.Application\AlumniApplicationMappers.cs(88,5): warning RMG012: The member CreationTime on the mapping target type Informatique.Alumni.Health.MedicalPartner was not found on the mapping source type Informatique.Alumni.Health.CreateUpdateMedicalPartnerDto [D:\Projects\Informatique.Alumni\src\Informatique.Alumni.Application\Informatique.Alumni.Application.csproj]
D:\Projects\Informatique.Alumni\src\Informatique.Alumni.Application\AlumniApplicationMappers.cs(88,5): warning RMG012: The member CreatorId on the mapping target type Informatique.Alumni.Health.MedicalPartner was not found on the mapping source type Informatique.Alumni.Health.CreateUpdateMedicalPartnerDto [D:\Projects\Informatique.Alumni\src\Informatique.Alumni.Application\Informatique.Alumni.Application.csproj]
D:\Projects\Informatique.Alumni\src\Informatique.Alumni.Application\AlumniApplicationMappers.cs(88,5): warning RMG012: The member ConcurrencyStamp on the mapping target type Informatique.Alumni.Health.MedicalPartner was not found on the mapping source type Informatique.Alumni.Health.CreateUpdateMedicalPartnerDto [D:\Projects\Informatique.Alumni\src\Informatique.Alumni.Application\Informatique.Alumni.Application.csproj]
D:\Projects\Informatique.Alumni\src\Informatique.Alumni.Application\AlumniApplicationMappers.cs(89,5): warning RMG012: The member IsActive on the mapping target type Informatique.Alumni.Health.MedicalOffer was not found on the mapping source type Informatique.Alumni.Health.CreateUpdateMedicalOfferDto [D:\Projects\Informatique.Alumni\src\Informatique.Alumni.Application\Informatique.Alumni.Application.csproj]
D:\Projects\Informatique.Alumni\src\Informatique.Alumni.Application\AlumniApplicationMappers.cs(89,5): warning RMG012: The member IsDeleted on the mapping target type Informatique.Alumni.Health.MedicalOffer was not found on the mapping source type Informatique.Alumni.Health.CreateUpdateMedicalOfferDto [D:\Projects\Informatique.Alumni\src\Informatique.Alumni.Application\Informatique.Alumni.Application.csproj]
D:\Projects\Informatique.Alumni\src\Informatique.Alumni.Application\AlumniApplicationMappers.cs(89,5): warning RMG012: The member DeleterId on the mapping target type Informatique.Alumni.Health.MedicalOffer was not found on the mapping source type Informatique.Alumni.Health.CreateUpdateMedicalOfferDto [D:\Projects\Informatique.Alumni\src\Informatique.Alumni.Application\Informatique.Alumni.Application.csproj]
D:\Projects\Informatique.Alumni\src\Informatique.Alumni.Application\AlumniApplicationMappers.cs(89,5): warning RMG012: The member DeletionTime on the mapping target type Informatique.Alumni.Health.MedicalOffer was not found on the mapping source type Informatique.Alumni.Health.CreateUpdateMedicalOfferDto [D:\Projects\Informatique.Alumni\src\Informatique.Alumni.Application\Informatique.Alumni.Application.csproj]
D:\Projects\Informatique.Alumni\src\Informatique.Alumni.Application\AlumniApplicationMappers.cs(89,5): warning RMG012: The member LastModificationTime on the mapping target type Informatique.Alumni.Health.MedicalOffer was not found on the mapping source type Informatique.Alumni.Health.CreateUpdateMedicalOfferDto [D:\Projects\Informatique.Alumni\src\Informatique.Alumni.Application\Informatique.Alumni.Application.csproj]
D:\Projects\Informatique.Alumni\src\Informatique.Alumni.Application\AlumniApplicationMappers.cs(89,5): warning RMG012: The member LastModifierId on the mapping target type Informatique.Alumni.Health.MedicalOffer was not found on the mapping source type Informatique.Alumni.Health.CreateUpdateMedicalOfferDto [D:\Projects\Informatique.Alumni\src\Informatique.Alumni.Application\Informatique.Alumni.Application.csproj]
D:\Projects\Informatique.Alumni\src\Informatique.Alumni.Application\AlumniApplicationMappers.cs(107,5): warning RMG012: The member AdvisorName on the mapping target type Informatique.Alumni.Guidance.AdvisingRequestDto was not found on the mapping source type Informatique.Alumni.Guidance.AdvisingRequest [D:\Projects\Informatique.Alumni\src\Informatique.Alumni.Application\Informatique.Alumni.Application.csproj]
D:\Projects\Informatique.Alumni\src\Informatique.Alumni.Application\AlumniApplicationMappers.cs(107,5): warning RMG012: The member AdvisorJobTitle on the mapping target type Informatique.Alumni.Guidance.AdvisingRequestDto was not found on the mapping source type Informatique.Alumni.Guidance.AdvisingRequest [D:\Projects\Informatique.Alumni\src\Informatique.Alumni.Application\Informatique.Alumni.Application.csproj]
D:\Projects\Informatique.Alumni\src\Informatique.Alumni.Application\AlumniApplicationMappers.cs(107,5): warning RMG012: The member Location on the mapping target type Informatique.Alumni.Guidance.AdvisingRequestDto was not found on the mapping source type Informatique.Alumni.Guidance.AdvisingRequest [D:\Projects\Informatique.Alumni\src\Informatique.Alumni.Application\Informatique.Alumni.Application.csproj]
D:\Projects\Informatique.Alumni\src\Informatique.Alumni.Application\AlumniApplicationMappers.cs(110,5): warning RMG012: The member AdvisorId on the mapping target type Informatique.Alumni.Guidance.GuidanceSessionRuleDto was not found on the mapping source type Informatique.Alumni.Guidance.GuidanceSessionRule [D:\Projects\Informatique.Alumni\src\Informatique.Alumni.Application\Informatique.Alumni.Application.csproj]
D:\Projects\Informatique.Alumni\src\Informatique.Alumni.Application\AlumniApplicationMappers.cs(110,5): warning RMG012: The member DayOfWeek on the mapping target type Informatique.Alumni.Guidance.GuidanceSessionRuleDto was not found on the mapping source type Informatique.Alumni.Guidance.GuidanceSessionRule [D:\Projects\Informatique.Alumni\src\Informatique.Alumni.Application\Informatique.Alumni.Application.csproj]
D:\Projects\Informatique.Alumni\src\Informatique.Alumni.Application\AlumniApplicationMappers.cs(110,5): warning RMG012: The member IsActive on the mapping target type Informatique.Alumni.Guidance.GuidanceSessionRuleDto was not found on the mapping source type Informatique.Alumni.Guidance.GuidanceSessionRule [D:\Projects\Informatique.Alumni\src\Informatique.Alumni.Application\Informatique.Alumni.Application.csproj]
D:\Projects\Informatique.Alumni\src\Informatique.Alumni.Application\AlumniApplicationMappers.cs(120,5): warning RMG012: The member IsDeleted on the mapping target type Informatique.Alumni.Benefits.AcademicGrant was not found on the mapping source type Informatique.Alumni.Benefits.CreateUpdateAcademicGrantDto [D:\Projects\Informatique.Alumni\src\Informatique.Alumni.Application\Informatique.Alumni.Application.csproj]
D:\Projects\Informatique.Alumni\src\Informatique.Alumni.Application\AlumniApplicationMappers.cs(120,5): warning RMG012: The member DeleterId on the mapping target type Informatique.Alumni.Benefits.AcademicGrant was not found on the mapping source type Informatique.Alumni.Benefits.CreateUpdateAcademicGrantDto [D:\Projects\Informatique.Alumni\src\Informatique.Alumni.Application\Informatique.Alumni.Application.csproj]
D:\Projects\Informatique.Alumni\src\Informatique.Alumni.Application\AlumniApplicationMappers.cs(120,5): warning RMG012: The member DeletionTime on the mapping target type Informatique.Alumni.Benefits.AcademicGrant was not found on the mapping source type Informatique.Alumni.Benefits.CreateUpdateAcademicGrantDto [D:\Projects\Informatique.Alumni\src\Informatique.Alumni.Application\Informatique.Alumni.Application.csproj]
D:\Projects\Informatique.Alumni\src\Informatique.Alumni.Application\AlumniApplicationMappers.cs(120,5): warning RMG012: The member LastModificationTime on the mapping target type Informatique.Alumni.Benefits.AcademicGrant was not found on the mapping source type Informatique.Alumni.Benefits.CreateUpdateAcademicGrantDto [D:\Projects\Informatique.Alumni\src\Informatique.Alumni.Application\Informatique.Alumni.Application.csproj]
D:\Projects\Informatique.Alumni\src\Informatique.Alumni.Application\AlumniApplicationMappers.cs(120,5): warning RMG012: The member LastModifierId on the mapping target type Informatique.Alumni.Benefits.AcademicGrant was not found on the mapping source type Informatique.Alumni.Benefits.CreateUpdateAcademicGrantDto [D:\Projects\Informatique.Alumni\src\Informatique.Alumni.Application\Informatique.Alumni.Application.csproj]
D:\Projects\Informatique.Alumni\src\Informatique.Alumni.Application\AlumniApplicationMappers.cs(120,5): warning RMG012: The member CreationTime on the mapping target type Informatique.Alumni.Benefits.AcademicGrant was not found on the mapping source type Informatique.Alumni.Benefits.CreateUpdateAcademicGrantDto [D:\Projects\Informatique.Alumni\src\Informatique.Alumni.Application\Informatique.Alumni.Application.csproj]
D:\Projects\Informatique.Alumni\src\Informatique.Alumni.Application\AlumniApplicationMappers.cs(120,5): warning RMG012: The member CreatorId on the mapping target type Informatique.Alumni.Benefits.AcademicGrant was not found on the mapping source type Informatique.Alumni.Benefits.CreateUpdateAcademicGrantDto [D:\Projects\Informatique.Alumni\src\Informatique.Alumni.Application\Informatique.Alumni.Application.csproj]
D:\Projects\Informatique.Alumni\src\Informatique.Alumni.Application\AlumniApplicationMappers.cs(120,5): warning RMG012: The member ConcurrencyStamp on the mapping target type Informatique.Alumni.Benefits.AcademicGrant was not found on the mapping source type Informatique.Alumni.Benefits.CreateUpdateAcademicGrantDto [D:\Projects\Informatique.Alumni\src\Informatique.Alumni.Application\Informatique.Alumni.Application.csproj]
D:\Projects\Informatique.Alumni\src\Informatique.Alumni.Application\AlumniApplicationMappers.cs(122,5): warning RMG012: The member ValidUntil on the mapping target type Informatique.Alumni.Benefits.AcademicDiscountDto was not found on the mapping source type Informatique.Alumni.Benefits.AcademicDiscount [D:\Projects\Informatique.Alumni\src\Informatique.Alumni.Application\Informatique.Alumni.Application.csproj]
D:\Projects\Informatique.Alumni\src\Informatique.Alumni.Application\AlumniApplicationMappers.cs(127,5): warning RMG012: The member IsDeleted on the mapping target type Informatique.Alumni.Benefits.CommercialDiscount was not found on the mapping source type Informatique.Alumni.Benefits.CreateUpdateCommercialDiscountDto [D:\Projects\Informatique.Alumni\src\Informatique.Alumni.Application\Informatique.Alumni.Application.csproj]
D:\Projects\Informatique.Alumni\src\Informatique.Alumni.Application\AlumniApplicationMappers.cs(127,5): warning RMG012: The member DeleterId on the mapping target type Informatique.Alumni.Benefits.CommercialDiscount was not found on the mapping source type Informatique.Alumni.Benefits.CreateUpdateCommercialDiscountDto [D:\Projects\Informatique.Alumni\src\Informatique.Alumni.Application\Informatique.Alumni.Application.csproj]
D:\Projects\Informatique.Alumni\src\Informatique.Alumni.Application\AlumniApplicationMappers.cs(127,5): warning RMG012: The member DeletionTime on the mapping target type Informatique.Alumni.Benefits.CommercialDiscount was not found on the mapping source type Informatique.Alumni.Benefits.CreateUpdateCommercialDiscountDto [D:\Projects\Informatique.Alumni\src\Informatique.Alumni.Application\Informatique.Alumni.Application.csproj]
D:\Projects\Informatique.Alumni\src\Informatique.Alumni.Application\AlumniApplicationMappers.cs(127,5): warning RMG012: The member LastModificationTime on the mapping target type Informatique.Alumni.Benefits.CommercialDiscount was not found on the mapping source type Informatique.Alumni.Benefits.CreateUpdateCommercialDiscountDto [D:\Projects\Informatique.Alumni\src\Informatique.Alumni.Application\Informatique.Alumni.Application.csproj]
D:\Projects\Informatique.Alumni\src\Informatique.Alumni.Application\AlumniApplicationMappers.cs(127,5): warning RMG012: The member LastModifierId on the mapping target type Informatique.Alumni.Benefits.CommercialDiscount was not found on the mapping source type Informatique.Alumni.Benefits.CreateUpdateCommercialDiscountDto [D:\Projects\Informatique.Alumni\src\Informatique.Alumni.Application\Informatique.Alumni.Application.csproj]
D:\Projects\Informatique.Alumni\src\Informatique.Alumni.Application\AlumniApplicationMappers.cs(127,5): warning RMG012: The member CreationTime on the mapping target type Informatique.Alumni.Benefits.CommercialDiscount was not found on the mapping source type Informatique.Alumni.Benefits.CreateUpdateCommercialDiscountDto [D:\Projects\Informatique.Alumni\src\Informatique.Alumni.Application\Informatique.Alumni.Application.csproj]
D:\Projects\Informatique.Alumni\src\Informatique.Alumni.Application\AlumniApplicationMappers.cs(127,5): warning RMG012: The member CreatorId on the mapping target type Informatique.Alumni.Benefits.CommercialDiscount was not found on the mapping source type Informatique.Alumni.Benefits.CreateUpdateCommercialDiscountDto [D:\Projects\Informatique.Alumni\src\Informatique.Alumni.Application\Informatique.Alumni.Application.csproj]
D:\Projects\Informatique.Alumni\src\Informatique.Alumni.Application\AlumniApplicationMappers.cs(127,5): warning RMG012: The member ConcurrencyStamp on the mapping target type Informatique.Alumni.Benefits.CommercialDiscount was not found on the mapping source type Informatique.Alumni.Benefits.CreateUpdateCommercialDiscountDto [D:\Projects\Informatique.Alumni\src\Informatique.Alumni.Application\Informatique.Alumni.Application.csproj]
D:\Projects\Informatique.Alumni\src\Informatique.Alumni.Application\AlumniApplicationMappers.cs(137,5): warning RMG012: The member SubscribedCount on the mapping target type Informatique.Alumni.Career.CareerServiceDto was not found on the mapping source type Informatique.Alumni.Career.CareerService [D:\Projects\Informatique.Alumni\src\Informatique.Alumni.Application\Informatique.Alumni.Application.csproj]
D:\Projects\Informatique.Alumni\src\Informatique.Alumni.Application\AlumniApplicationMappers.cs(155,5): warning RMG012: The member SyndicateName on the mapping target type Informatique.Alumni.Syndicates.SyndicateSubscriptionDto was not found on the mapping source type Informatique.Alumni.Syndicates.SyndicateSubscription [D:\Projects\Informatique.Alumni\src\Informatique.Alumni.Application\Informatique.Alumni.Application.csproj]
D:\Projects\Informatique.Alumni\src\Informatique.Alumni.Application\AlumniApplicationMappers.cs(171,5): warning RMG012: The member QrCodeUrl on the mapping target type Informatique.Alumni.Events.AlumniEventRegistrationDto was not found on the mapping source type Informatique.Alumni.Events.AlumniEventRegistration [D:\Projects\Informatique.Alumni\src\Informatique.Alumni.Application\Informatique.Alumni.Application.csproj]
D:\Projects\Informatique.Alumni\src\Informatique.Alumni.Application\AlumniApplicationMappers.cs(171,5): warning RMG012: The member EventName on the mapping target type Informatique.Alumni.Events.AlumniEventRegistrationDto was not found on the mapping source type Informatique.Alumni.Events.AlumniEventRegistration [D:\Projects\Informatique.Alumni\src\Informatique.Alumni.Application\Informatique.Alumni.Application.csproj]
D:\Projects\Informatique.Alumni\src\Informatique.Alumni.Application\AlumniApplicationMappers.cs(171,5): warning RMG012: The member EventDate on the mapping target type Informatique.Alumni.Events.AlumniEventRegistrationDto was not found on the mapping source type Informatique.Alumni.Events.AlumniEventRegistration [D:\Projects\Informatique.Alumni\src\Informatique.Alumni.Application\Informatique.Alumni.Application.csproj]
D:\Projects\Informatique.Alumni\src\Informatique.Alumni.Application\AlumniApplicationMappers.cs(171,5): warning RMG012: The member Location on the mapping target type Informatique.Alumni.Events.AlumniEventRegistrationDto was not found on the mapping source type Informatique.Alumni.Events.AlumniEventRegistration [D:\Projects\Informatique.Alumni\src\Informatique.Alumni.Application\Informatique.Alumni.Application.csproj]
D:\Projects\Informatique.Alumni\src\Informatique.Alumni.Application\AlumniApplicationMappers.cs(176,5): warning RMG012: The member IsDeleted on the mapping target type Informatique.Alumni.Companies.Company was not found on the mapping source type Informatique.Alumni.Companies.CompanyDto [D:\Projects\Informatique.Alumni\src\Informatique.Alumni.Application\Informatique.Alumni.Application.csproj]
D:\Projects\Informatique.Alumni\src\Informatique.Alumni.Application\AlumniApplicationMappers.cs(176,5): warning RMG012: The member DeleterId on the mapping target type Informatique.Alumni.Companies.Company was not found on the mapping source type Informatique.Alumni.Companies.CompanyDto [D:\Projects\Informatique.Alumni\src\Informatique.Alumni.Application\Informatique.Alumni.Application.csproj]
D:\Projects\Informatique.Alumni\src\Informatique.Alumni.Application\AlumniApplicationMappers.cs(176,5): warning RMG012: The member DeletionTime on the mapping target type Informatique.Alumni.Companies.Company was not found on the mapping source type Informatique.Alumni.Companies.CompanyDto [D:\Projects\Informatique.Alumni\src\Informatique.Alumni.Application\Informatique.Alumni.Application.csproj]
D:\Projects\Informatique.Alumni\src\Informatique.Alumni.Application\AlumniApplicationMappers.cs(176,5): warning RMG012: The member LastModificationTime on the mapping target type Informatique.Alumni.Companies.Company was not found on the mapping source type Informatique.Alumni.Companies.CompanyDto [D:\Projects\Informatique.Alumni\src\Informatique.Alumni.Application\Informatique.Alumni.Application.csproj]
D:\Projects\Informatique.Alumni\src\Informatique.Alumni.Application\AlumniApplicationMappers.cs(176,5): warning RMG012: The member LastModifierId on the mapping target type Informatique.Alumni.Companies.Company was not found on the mapping source type Informatique.Alumni.Companies.CompanyDto [D:\Projects\Informatique.Alumni\src\Informatique.Alumni.Application\Informatique.Alumni.Application.csproj]
D:\Projects\Informatique.Alumni\src\Informatique.Alumni.Application\AlumniApplicationMappers.cs(176,5): warning RMG012: The member CreationTime on the mapping target type Informatique.Alumni.Companies.Company was not found on the mapping source type Informatique.Alumni.Companies.CompanyDto [D:\Projects\Informatique.Alumni\src\Informatique.Alumni.Application\Informatique.Alumni.Application.csproj]
D:\Projects\Informatique.Alumni\src\Informatique.Alumni.Application\AlumniApplicationMappers.cs(176,5): warning RMG012: The member CreatorId on the mapping target type Informatique.Alumni.Companies.Company was not found on the mapping source type Informatique.Alumni.Companies.CompanyDto [D:\Projects\Informatique.Alumni\src\Informatique.Alumni.Application\Informatique.Alumni.Application.csproj]
D:\Projects\Informatique.Alumni\src\Informatique.Alumni.Application\AlumniApplicationMappers.cs(176,5): warning RMG012: The member ConcurrencyStamp on the mapping target type Informatique.Alumni.Companies.Company was not found on the mapping source type Informatique.Alumni.Companies.CompanyDto [D:\Projects\Informatique.Alumni\src\Informatique.Alumni.Application\Informatique.Alumni.Application.csproj]
D:\Projects\Informatique.Alumni\src\Informatique.Alumni.Application\AlumniApplicationMappers.cs(187,5): warning RMG012: The member ConcurrencyStamp on the mapping target type Informatique.Alumni.Career.CurriculumVitae was not found on the mapping source type Informatique.Alumni.Career.CurriculumVitaeDto [D:\Projects\Informatique.Alumni\src\Informatique.Alumni.Application\Informatique.Alumni.Application.csproj]
D:\Projects\Informatique.Alumni\src\Informatique.Alumni.Application\AlumniApplicationMappers.cs(65,5): warning RMG012: The member College on the mapping target type Informatique.Alumni.Profiles.AlumniEducationDto was not found on the mapping source type Informatique.Alumni.Profiles.Education [D:\Projects\Informatique.Alumni\src\Informatique.Alumni.Application\Informatique.Alumni.Application.csproj]
D:\Projects\Informatique.Alumni\src\Informatique.Alumni.Application\AlumniApplicationMappers.cs(65,5): warning RMG012: The member Major on the mapping target type Informatique.Alumni.Profiles.AlumniEducationDto was not found on the mapping source type Informatique.Alumni.Profiles.Education [D:\Projects\Informatique.Alumni\src\Informatique.Alumni.Application\Informatique.Alumni.Application.csproj]
D:\Projects\Informatique.Alumni\src\Informatique.Alumni.Application\AlumniApplicationMappers.cs(187,5): warning RMG012: The member CurriculumVitaeId on the mapping target type Informatique.Alumni.Career.CvEducation was not found on the mapping source type Informatique.Alumni.Career.CvEducationDto [D:\Projects\Informatique.Alumni\src\Informatique.Alumni.Application\Informatique.Alumni.Application.csproj]
D:\Projects\Informatique.Alumni\src\Informatique.Alumni.Application\AlumniApplicationMappers.cs(187,5): warning RMG012: The member CurriculumVitaeId on the mapping target type Informatique.Alumni.Career.CvExperience was not found on the mapping source type Informatique.Alumni.Career.CvExperienceDto [D:\Projects\Informatique.Alumni\src\Informatique.Alumni.Application\Informatique.Alumni.Application.csproj]
D:\Projects\Informatique.Alumni\src\Informatique.Alumni.Application\AlumniApplicationMappers.cs(187,5): warning RMG012: The member CurriculumVitaeId on the mapping target type Informatique.Alumni.Career.CvSkill was not found on the mapping source type Informatique.Alumni.Career.CvSkillDto [D:\Projects\Informatique.Alumni\src\Informatique.Alumni.Application\Informatique.Alumni.Application.csproj]
D:\Projects\Informatique.Alumni\src\Informatique.Alumni.Application\AlumniApplicationMappers.cs(187,5): warning RMG012: The member CurriculumVitaeId on the mapping target type Informatique.Alumni.Career.CvLanguage was not found on the mapping source type Informatique.Alumni.Career.CvLanguageDto [D:\Projects\Informatique.Alumni\src\Informatique.Alumni.Application\Informatique.Alumni.Application.csproj]
D:\Projects\Informatique.Alumni\src\Informatique.Alumni.Application\AlumniApplicationMappers.cs(187,5): warning RMG012: The member CurriculumVitaeId on the mapping target type Informatique.Alumni.Career.CvCertification was not found on the mapping source type Informatique.Alumni.Career.CvCertificationDto [D:\Projects\Informatique.Alumni\src\Informatique.Alumni.Application\Informatique.Alumni.Application.csproj]
D:\Projects\Informatique.Alumni\src\Informatique.Alumni.Application\AlumniApplicationMappers.cs(187,5): warning RMG012: The member CurriculumVitaeId on the mapping target type Informatique.Alumni.Career.CvProject was not found on the mapping source type Informatique.Alumni.Career.CvProjectDto [D:\Projects\Informatique.Alumni\src\Informatique.Alumni.Application\Informatique.Alumni.Application.csproj]
D:\Projects\Informatique.Alumni\src\Informatique.Alumni.Application\AlumniApplicationMappers.cs(187,5): warning RMG012: The member CurriculumVitaeId on the mapping target type Informatique.Alumni.Career.CvAward was not found on the mapping source type Informatique.Alumni.Career.CvAwardDto [D:\Projects\Informatique.Alumni\src\Informatique.Alumni.Application\Informatique.Alumni.Application.csproj]
D:\Projects\Informatique.Alumni\src\Informatique.Alumni.Application\AlumniApplicationMappers.cs(187,5): warning RMG012: The member CurriculumVitaeId on the mapping target type Informatique.Alumni.Career.CvVolunteerWork was not found on the mapping source type Informatique.Alumni.Career.CvVolunteerWorkDto [D:\Projects\Informatique.Alumni\src\Informatique.Alumni.Application\Informatique.Alumni.Application.csproj]
D:\Projects\Informatique.Alumni\src\Informatique.Alumni.Application\AlumniApplicationMappers.cs(187,5): warning RMG012: The member CurriculumVitaeId on the mapping target type Informatique.Alumni.Career.CvReference was not found on the mapping source type Informatique.Alumni.Career.CvReferenceDto [D:\Projects\Informatique.Alumni\src\Informatique.Alumni.Application\Informatique.Alumni.Application.csproj]
D:\Projects\Informatique.Alumni\src\Informatique.Alumni.Application\AlumniApplicationMappers.cs(187,5): warning RMG012: The member CurriculumVitaeId on the mapping target type Informatique.Alumni.Career.CvPublication was not found on the mapping source type Informatique.Alumni.Career.CvPublicationDto [D:\Projects\Informatique.Alumni\src\Informatique.Alumni.Application\Informatique.Alumni.Application.csproj]
D:\Projects\Informatique.Alumni\src\Informatique.Alumni.Application\AlumniApplicationMappers.cs(187,5): warning RMG012: The member CurriculumVitaeId on the mapping target type Informatique.Alumni.Career.CvInterest was not found on the mapping source type Informatique.Alumni.Career.CvInterestDto [D:\Projects\Informatique.Alumni\src\Informatique.Alumni.Application\Informatique.Alumni.Application.csproj]
D:\Projects\Informatique.Alumni\src\Informatique.Alumni.Application\AlumniApplicationMappers.cs(187,5): warning RMG012: The member CurriculumVitaeId on the mapping target type Informatique.Alumni.Career.CvSocialLink was not found on the mapping source type Informatique.Alumni.Career.CvSocialLinkDto [D:\Projects\Informatique.Alumni\src\Informatique.Alumni.Application\Informatique.Alumni.Application.csproj]
D:\Projects\Informatique.Alumni\src\Informatique.Alumni.Application\AlumniApplicationMappers.cs(187,5): warning RMG012: The member CurriculumVitaeId on the mapping target type Informatique.Alumni.Career.CvCourse was not found on the mapping source type Informatique.Alumni.Career.CvCourseDto [D:\Projects\Informatique.Alumni\src\Informatique.Alumni.Application\Informatique.Alumni.Application.csproj]
D:\Projects\Informatique.Alumni\src\Informatique.Alumni.Application\AlumniApplicationMappers.cs(187,5): warning RMG012: The member CurriculumVitaeId on the mapping target type Informatique.Alumni.Career.CvPracticalTraining was not found on the mapping source type Informatique.Alumni.Career.CvPracticalTrainingDto [D:\Projects\Informatique.Alumni\src\Informatique.Alumni.Application\Informatique.Alumni.Application.csproj]
D:\Projects\Informatique.Alumni\src\Informatique.Alumni.Application\Import\AlumniImportAppService.cs(16,7): warning CS0105: The using directive for 'Informatique.Alumni.Profiles' appeared previously in this namespace [D:\Projects\Informatique.Alumni\src\Informatique.Alumni.Application\Informatique.Alumni.Application.csproj]
D:\Projects\Informatique.Alumni\src\Informatique.Alumni.Application\Events\ActivityReportingAppService.cs(47,58): warning CS0436: The type 'ParticipantReportInputDto' in 'D:\Projects\Informatique.Alumni\src\Informatique.Alumni.Application\Events\ActivityReportingAppService.cs' conflicts with the imported type 'ParticipantReportInputDto' in 'Informatique.Alumni.Application.Contracts, Version=1.0.0.0, Culture=neutral, PublicKeyToken=null'. Using the type defined in 'D:\Projects\Informatique.Alumni\src\Informatique.Alumni.Application\Events\ActivityReportingAppService.cs'. [D:\Projects\Informatique.Alumni\src\Informatique.Alumni.Application\Informatique.Alumni.Application.csproj]
D:\Projects\Informatique.Alumni\src\Informatique.Alumni.Application\AlumniAppService.cs(19,15): warning CS8618: Non-nullable property 'BaseAlumniProfileRepository' must contain a non-null value when exiting constructor. Consider adding the 'required' modifier or declaring the property as nullable. [D:\Projects\Informatique.Alumni\src\Informatique.Alumni.Application\Informatique.Alumni.Application.csproj]
D:\Projects\Informatique.Alumni\src\Informatique.Alumni.Application\Branches\BranchAppService.cs(41,16): warning CS8603: Possible null reference return. [D:\Projects\Informatique.Alumni\src\Informatique.Alumni.Application\Informatique.Alumni.Application.csproj]
D:\Projects\Informatique.Alumni\src\Informatique.Alumni.Application\Career\CareerAppService.cs(63,86): warning CS8603: Possible null reference return. [D:\Projects\Informatique.Alumni\src\Informatique.Alumni.Application\Informatique.Alumni.Application.csproj]
D:\Projects\Informatique.Alumni\src\Informatique.Alumni.Application\Career\CareerAppService.cs(63,106): warning CS8603: Possible null reference return. [D:\Projects\Informatique.Alumni\src\Informatique.Alumni.Application\Informatique.Alumni.Application.csproj]
D:\Projects\Informatique.Alumni\src\Informatique.Alumni.Application\Career\CareerAppService.cs(123,86): warning CS8603: Possible null reference return. [D:\Projects\Informatique.Alumni\src\Informatique.Alumni.Application\Informatique.Alumni.Application.csproj]
D:\Projects\Informatique.Alumni\src\Informatique.Alumni.Application\Career\CareerAppService.cs(123,106): warning CS8603: Possible null reference return. [D:\Projects\Informatique.Alumni\src\Informatique.Alumni.Application\Informatique.Alumni.Application.csproj]
D:\Projects\Informatique.Alumni\src\Informatique.Alumni.Application\Career\CareerAppService.cs(148,86): warning CS8603: Possible null reference return. [D:\Projects\Informatique.Alumni\src\Informatique.Alumni.Application\Informatique.Alumni.Application.csproj]
D:\Projects\Informatique.Alumni\src\Informatique.Alumni.Application\Career\CareerAppService.cs(148,106): warning CS8603: Possible null reference return. [D:\Projects\Informatique.Alumni\src\Informatique.Alumni.Application\Informatique.Alumni.Application.csproj]
D:\Projects\Informatique.Alumni\src\Informatique.Alumni.Application\Companies\CompanyAppService.cs(47,17): warning CS8602: Dereference of a possibly null reference. [D:\Projects\Informatique.Alumni\src\Informatique.Alumni.Application\Informatique.Alumni.Application.csproj]
D:\Projects\Informatique.Alumni\src\Informatique.Alumni.Application\Admin\BlogAdminAppService.cs(48,79): warning CS8629: Nullable value type may be null. [D:\Projects\Informatique.Alumni\src\Informatique.Alumni.Application\Informatique.Alumni.Application.csproj]
D:\Projects\Informatique.Alumni\src\Informatique.Alumni.Application\Admin\BlogAdminAppService.cs(86,13): error CS1503: Argument 1: cannot convert from 'int' to 'System.Linq.Expressions.Expression<System.Func<Informatique.Alumni.Magazine.ArticleCategory, bool>>' [D:\Projects\Informatique.Alumni\src\Informatique.Alumni.Application\Informatique.Alumni.Application.csproj]
D:\Projects\Informatique.Alumni\src\Informatique.Alumni.Application\Admin\BlogAdminAppService.cs(87,13): error CS1503: Argument 2: cannot convert from 'int' to 'bool' [D:\Projects\Informatique.Alumni\src\Informatique.Alumni.Application\Informatique.Alumni.Application.csproj]
D:\Projects\Informatique.Alumni\src\Informatique.Alumni.Application\Admin\BlogAdminAppService.cs(88,13): error CS1503: Argument 3: cannot convert from 'string' to 'System.Threading.CancellationToken' [D:\Projects\Informatique.Alumni\src\Informatique.Alumni.Application\Informatique.Alumni.Application.csproj]
D:\Projects\Informatique.Alumni\src\Informatique.Alumni.Application\Directory\DirectoryAppService.cs(43,17): warning CS8602: Dereference of a possibly null reference. [D:\Projects\Informatique.Alumni\src\Informatique.Alumni.Application\Informatique.Alumni.Application.csproj]
D:\Projects\Informatique.Alumni\src\Informatique.Alumni.Application\Directory\DirectoryAppService.cs(44,17): warning CS8602: Dereference of a possibly null reference. [D:\Projects\Informatique.Alumni\src\Informatique.Alumni.Application\Informatique.Alumni.Application.csproj]
D:\Projects\Informatique.Alumni\src\Informatique.Alumni.Application\Gallery\GalleryAppService.cs(66,35): warning CS8603: Possible null reference return. [D:\Projects\Informatique.Alumni\src\Informatique.Alumni.Application\Informatique.Alumni.Application.csproj]
D:\Projects\Informatique.Alumni\src\Informatique.Alumni.Application\Gallery\GalleryAppService.cs(88,104): warning CS8604: Possible null reference argument for parameter 'sorting' in 'Task<List<GalleryAlbum>> IReadOnlyBasicRepository<GalleryAlbum>.GetPagedListAsync(int skipCount, int maxResultCount, string sorting, bool includeDetails = false, CancellationToken cancellationToken = default(CancellationToken))'. [D:\Projects\Informatique.Alumni\src\Informatique.Alumni.Application\Informatique.Alumni.Application.csproj]
D:\Projects\Informatique.Alumni\src\Informatique.Alumni.Application\EmploymentFair\CvReportingAppService.cs(72,19): warning CS8601: Possible null reference assignment. [D:\Projects\Informatique.Alumni\src\Informatique.Alumni.Application\Informatique.Alumni.Application.csproj]
D:\Projects\Informatique.Alumni\src\Informatique.Alumni.Application\EmploymentFair\CvReportingAppService.cs(74,23): warning CS8601: Possible null reference assignment. [D:\Projects\Informatique.Alumni\src\Informatique.Alumni.Application\Informatique.Alumni.Application.csproj]
D:\Projects\Informatique.Alumni\src\Informatique.Alumni.Application\Communications\GeneralMessageSenderJob.cs(61,39): warning CS8602: Dereference of a possibly null reference. [D:\Projects\Informatique.Alumni\src\Informatique.Alumni.Application\Informatique.Alumni.Application.csproj]
D:\Projects\Informatique.Alumni\src\Informatique.Alumni.Application\Communications\GeneralMessageSenderJob.cs(66,39): warning CS8602: Dereference of a possibly null reference. [D:\Projects\Informatique.Alumni\src\Informatique.Alumni.Application\Informatique.Alumni.Application.csproj]
D:\Projects\Informatique.Alumni\src\Informatique.Alumni.Application\Communications\GeneralMessageSenderJob.cs(71,39): warning CS8602: Dereference of a possibly null reference. [D:\Projects\Informatique.Alumni\src\Informatique.Alumni.Application\Informatique.Alumni.Application.csproj]
D:\Projects\Informatique.Alumni\src\Informatique.Alumni.Application\Communications\GeneralMessageSenderJob.cs(76,39): warning CS8602: Dereference of a possibly null reference. [D:\Projects\Informatique.Alumni\src\Informatique.Alumni.Application\Informatique.Alumni.Application.csproj]
D:\Projects\Informatique.Alumni\src\Informatique.Alumni.Application\Admin\GuidanceAdminAppService.cs(114,30): warning CS8601: Possible null reference assignment. [D:\Projects\Informatique.Alumni\src\Informatique.Alumni.Application\Informatique.Alumni.Application.csproj]
D:\Projects\Informatique.Alumni\src\Informatique.Alumni.Application\Admin\GuidanceAdminAppService.cs(117,31): warning CS8601: Possible null reference assignment. [D:\Projects\Informatique.Alumni\src\Informatique.Alumni.Application\Informatique.Alumni.Application.csproj]
D:\Projects\Informatique.Alumni\src\Informatique.Alumni.Application\Admin\GuidanceAdminAppService.cs(122,25): warning CS8601: Possible null reference assignment. [D:\Projects\Informatique.Alumni\src\Informatique.Alumni.Application\Informatique.Alumni.Application.csproj]
D:\Projects\Informatique.Alumni\src\Informatique.Alumni.Application\Health\MedicalPartnerAppService.cs(84,37): warning CS8603: Possible null reference return. [D:\Projects\Informatique.Alumni\src\Informatique.Alumni.Application\Informatique.Alumni.Application.csproj]
D:\Projects\Informatique.Alumni\src\Informatique.Alumni.Application\Infrastructure\Payment\MockPaymentGateway.cs(25,16): warning CS8619: Nullability of reference types in value of type 'Task<string>' doesn't match target type 'Task<string?>'. [D:\Projects\Informatique.Alumni\src\Informatique.Alumni.Application\Informatique.Alumni.Application.csproj]
D:\Projects\Informatique.Alumni\src\Informatique.Alumni.Application\Guidance\EventHandlers\AdvisingRequestStatusChangedEventHandler.cs(99,30): warning CS8600: Converting null literal or possible null value to non-nullable type. [D:\Projects\Informatique.Alumni\src\Informatique.Alumni.Application\Informatique.Alumni.Application.csproj]
D:\Projects\Informatique.Alumni\src\Informatique.Alumni.Application\Events\EventsAppService.cs(191,104): warning CS8603: Possible null reference return. [D:\Projects\Informatique.Alumni\src\Informatique.Alumni.Application\Informatique.Alumni.Application.csproj]
D:\Projects\Informatique.Alumni\src\Informatique.Alumni.Application\Certificates\CertificateRequestAppService.cs(197,80): warning CS8629: Nullable value type may be null. [D:\Projects\Informatique.Alumni\src\Informatique.Alumni.Application\Informatique.Alumni.Application.csproj]
D:\Projects\Informatique.Alumni\src\Informatique.Alumni.Application\Membership\MembershipAppService.cs(65,37): warning CS8603: Possible null reference return. [D:\Projects\Informatique.Alumni\src\Informatique.Alumni.Application\Informatique.Alumni.Application.csproj]
D:\Projects\Informatique.Alumni\src\Informatique.Alumni.Application\Membership\MembershipAppService.cs(73,37): warning CS8603: Possible null reference return. [D:\Projects\Informatique.Alumni\src\Informatique.Alumni.Application\Informatique.Alumni.Application.csproj]
D:\Projects\Informatique.Alumni\src\Informatique.Alumni.Application\Admin\AdminDashboardAppService.cs(190,60): warning CS8601: Possible null reference assignment. [D:\Projects\Informatique.Alumni\src\Informatique.Alumni.Application\Informatique.Alumni.Application.csproj]
D:\Projects\Informatique.Alumni\src\Informatique.Alumni.Application\Health\MedicalPartnerAppService.cs(108,25): warning CS8604: Possible null reference argument for parameter 'source' in 'IQueryable<MedicalPartnerDto> Queryable.AsQueryable<MedicalPartnerDto>(IEnumerable<MedicalPartnerDto> source)'. [D:\Projects\Informatique.Alumni\src\Informatique.Alumni.Application\Informatique.Alumni.Application.csproj]
D:\Projects\Informatique.Alumni\src\Informatique.Alumni.Application\Health\MedicalPartnerAppService.cs(156,9): warning CS8602: Dereference of a possibly null reference. [D:\Projects\Informatique.Alumni\src\Informatique.Alumni.Application\Informatique.Alumni.Application.csproj]
D:\Projects\Informatique.Alumni\src\Informatique.Alumni.Application\Health\MedicalPartnerAppService.cs(168,21): warning CS8602: Dereference of a possibly null reference. [D:\Projects\Informatique.Alumni\src\Informatique.Alumni.Application\Informatique.Alumni.Application.csproj]
D:\Projects\Informatique.Alumni\src\Informatique.Alumni.Application\Events\EventsAppService.cs(320,82): warning CS8629: Nullable value type may be null. [D:\Projects\Informatique.Alumni\src\Informatique.Alumni.Application\Informatique.Alumni.Application.csproj]
D:\Projects\Informatique.Alumni\src\Informatique.Alumni.Application\Events\EventsAppService.cs(321,78): warning CS8629: Nullable value type may be null. [D:\Projects\Informatique.Alumni\src\Informatique.Alumni.Application\Informatique.Alumni.Application.csproj]
D:\Projects\Informatique.Alumni\src\Informatique.Alumni.Application\Events\EventsAppService.cs(340,32): warning CS8601: Possible null reference assignment. [D:\Projects\Informatique.Alumni\src\Informatique.Alumni.Application\Informatique.Alumni.Application.csproj]
D:\Projects\Informatique.Alumni\src\Informatique.Alumni.Application\Events\EventsAppService.cs(341,30): warning CS8601: Possible null reference assignment. [D:\Projects\Informatique.Alumni\src\Informatique.Alumni.Application\Informatique.Alumni.Application.csproj]
D:\Projects\Informatique.Alumni\src\Informatique.Alumni.Application\Events\EventsAppService.cs(762,47): warning CS8604: Possible null reference argument for parameter 'value' in 'BusinessException BusinessException.WithData(string name, object value)'. [D:\Projects\Informatique.Alumni\src\Informatique.Alumni.Application\Informatique.Alumni.Application.csproj]

Build FAILED.

D:\Projects\Informatique.Alumni\src\Informatique.Alumni.Application\Informatique.Alumni.Application.csproj : warning NU1903: Package 'AutoMapper' 14.0.0 has a known high severity vulnerability, https://github.com/advisories/GHSA-rvv3-g6hj-g44x
D:\Projects\Informatique.Alumni\src\Informatique.Alumni.Domain\Informatique.Alumni.Domain.csproj : warning NU1902: Package 'Scriban' 6.3.0 has a known moderate severity vulnerability, https://github.com/advisories/GHSA-5rpf-x9jg-8j5p [D:\Projects\Informatique.Alumni\src\Informatique.Alumni.Application\Informatique.Alumni.Application.csproj]
D:\Projects\Informatique.Alumni\src\Informatique.Alumni.Domain\Informatique.Alumni.Domain.csproj : warning NU1904: Package 'Scriban' 6.3.0 has a known critical severity vulnerability, https://github.com/advisories/GHSA-5wr9-m6jw-xx44 [D:\Projects\Informatique.Alumni\src\Informatique.Alumni.Application\Informatique.Alumni.Application.csproj]
D:\Projects\Informatique.Alumni\src\Informatique.Alumni.Application\Informatique.Alumni.Application.csproj : warning NU1902: Package 'HtmlSanitizer' 9.0.889 has a known moderate severity vulnerability, https://github.com/advisories/GHSA-j92c-7v7g-gj3f
D:\Projects\Informatique.Alumni\src\Informatique.Alumni.Domain\Informatique.Alumni.Domain.csproj : warning NU1903: Package 'Scriban' 6.3.0 has a known high severity vulnerability, https://github.com/advisories/GHSA-c875-h985-hvrc [D:\Projects\Informatique.Alumni\src\Informatique.Alumni.Application\Informatique.Alumni.Application.csproj]
D:\Projects\Informatique.Alumni\src\Informatique.Alumni.Application\Informatique.Alumni.Application.csproj : warning NU1902: Package 'Scriban' 6.3.0 has a known moderate severity vulnerability, https://github.com/advisories/GHSA-5rpf-x9jg-8j5p
D:\Projects\Informatique.Alumni\src\Informatique.Alumni.Application\Informatique.Alumni.Application.csproj : warning NU1904: Package 'Scriban' 6.3.0 has a known critical severity vulnerability, https://github.com/advisories/GHSA-5wr9-m6jw-xx44
D:\Projects\Informatique.Alumni\src\Informatique.Alumni.Domain\Informatique.Alumni.Domain.csproj : warning NU1903: Package 'Scriban' 6.3.0 has a known high severity vulnerability, https://github.com/advisories/GHSA-grr9-747v-xvcp [D:\Projects\Informatique.Alumni\src\Informatique.Alumni.Application\Informatique.Alumni.Application.csproj]
D:\Projects\Informatique.Alumni\src\Informatique.Alumni.Application\Informatique.Alumni.Application.csproj : warning NU1903: Package 'Scriban' 6.3.0 has a known high severity vulnerability, https://github.com/advisories/GHSA-c875-h985-hvrc
D:\Projects\Informatique.Alumni\src\Informatique.Alumni.Domain\Informatique.Alumni.Domain.csproj : warning NU1902: Package 'Scriban' 6.3.0 has a known moderate severity vulnerability, https://github.com/advisories/GHSA-m2p3-hwv5-xpqw [D:\Projects\Informatique.Alumni\src\Informatique.Alumni.Application\Informatique.Alumni.Application.csproj]
D:\Projects\Informatique.Alumni\src\Informatique.Alumni.Application\Informatique.Alumni.Application.csproj : warning NU1903: Package 'Scriban' 6.3.0 has a known high severity vulnerability, https://github.com/advisories/GHSA-grr9-747v-xvcp
D:\Projects\Informatique.Alumni\src\Informatique.Alumni.Domain\Informatique.Alumni.Domain.csproj : warning NU1903: Package 'Scriban' 6.3.0 has a known high severity vulnerability, https://github.com/advisories/GHSA-p6q4-fgr8-vx4p [D:\Projects\Informatique.Alumni\src\Informatique.Alumni.Application\Informatique.Alumni.Application.csproj]
D:\Projects\Informatique.Alumni\src\Informatique.Alumni.Application\Informatique.Alumni.Application.csproj : warning NU1902: Package 'Scriban' 6.3.0 has a known moderate severity vulnerability, https://github.com/advisories/GHSA-m2p3-hwv5-xpqw
D:\Projects\Informatique.Alumni\src\Informatique.Alumni.Domain\Informatique.Alumni.Domain.csproj : warning NU1903: Package 'Scriban' 6.3.0 has a known high severity vulnerability, https://github.com/advisories/GHSA-v66j-x4hw-fv9g [D:\Projects\Informatique.Alumni\src\Informatique.Alumni.Application\Informatique.Alumni.Application.csproj]
D:\Projects\Informatique.Alumni\src\Informatique.Alumni.Application\Informatique.Alumni.Application.csproj : warning NU1903: Package 'Scriban' 6.3.0 has a known high severity vulnerability, https://github.com/advisories/GHSA-p6q4-fgr8-vx4p
D:\Projects\Informatique.Alumni\src\Informatique.Alumni.Domain\Informatique.Alumni.Domain.csproj : warning NU1903: Package 'Scriban' 6.3.0 has a known high severity vulnerability, https://github.com/advisories/GHSA-wgh7-7m3c-fx25 [D:\Projects\Informatique.Alumni\src\Informatique.Alumni.Application\Informatique.Alumni.Application.csproj]
D:\Projects\Informatique.Alumni\src\Informatique.Alumni.Application\Informatique.Alumni.Application.csproj : warning NU1903: Package 'Scriban' 6.3.0 has a known high severity vulnerability, https://github.com/advisories/GHSA-v66j-x4hw-fv9g
D:\Projects\Informatique.Alumni\src\Informatique.Alumni.Domain\Informatique.Alumni.Domain.csproj : warning NU1903: Package 'Scriban' 6.3.0 has a known high severity vulnerability, https://github.com/advisories/GHSA-x6m9-38vm-2xhf [D:\Projects\Informatique.Alumni\src\Informatique.Alumni.Application\Informatique.Alumni.Application.csproj]
D:\Projects\Informatique.Alumni\src\Informatique.Alumni.Application\Informatique.Alumni.Application.csproj : warning NU1903: Package 'Scriban' 6.3.0 has a known high severity vulnerability, https://github.com/advisories/GHSA-wgh7-7m3c-fx25
D:\Projects\Informatique.Alumni\src\Informatique.Alumni.Domain\Informatique.Alumni.Domain.csproj : warning NU1903: Package 'Scriban' 6.3.0 has a known high severity vulnerability, https://github.com/advisories/GHSA-xcx6-vp38-8hr5 [D:\Projects\Informatique.Alumni\src\Informatique.Alumni.Application\Informatique.Alumni.Application.csproj]
D:\Projects\Informatique.Alumni\src\Informatique.Alumni.Domain\Informatique.Alumni.Domain.csproj : warning NU1902: Package 'Scriban' 6.3.0 has a known moderate severity vulnerability, https://github.com/advisories/GHSA-xw6w-9jjh-p9cr [D:\Projects\Informatique.Alumni\src\Informatique.Alumni.Application\Informatique.Alumni.Application.csproj]
D:\Projects\Informatique.Alumni\src\Informatique.Alumni.Application\Informatique.Alumni.Application.csproj : warning NU1903: Package 'Scriban' 6.3.0 has a known high severity vulnerability, https://github.com/advisories/GHSA-x6m9-38vm-2xhf
D:\Projects\Informatique.Alumni\src\Informatique.Alumni.Application\Informatique.Alumni.Application.csproj : warning NU1903: Package 'Scriban' 6.3.0 has a known high severity vulnerability, https://github.com/advisories/GHSA-xcx6-vp38-8hr5
D:\Projects\Informatique.Alumni\src\Informatique.Alumni.Application\Informatique.Alumni.Application.csproj : warning NU1902: Package 'Scriban' 6.3.0 has a known moderate severity vulnerability, https://github.com/advisories/GHSA-xw6w-9jjh-p9cr
D:\Projects\Informatique.Alumni\src\Informatique.Alumni.Application\Informatique.Alumni.Application.csproj : warning NU1903: Package 'AutoMapper' 14.0.0 has a known high severity vulnerability, https://github.com/advisories/GHSA-rvv3-g6hj-g44x
D:\Projects\Informatique.Alumni\src\Informatique.Alumni.Application\Informatique.Alumni.Application.csproj : warning NU1902: Package 'HtmlSanitizer' 9.0.889 has a known moderate severity vulnerability, https://github.com/advisories/GHSA-j92c-7v7g-gj3f
D:\Projects\Informatique.Alumni\src\Informatique.Alumni.Application\Informatique.Alumni.Application.csproj : warning NU1902: Package 'Scriban' 6.3.0 has a known moderate severity vulnerability, https://github.com/advisories/GHSA-5rpf-x9jg-8j5p
D:\Projects\Informatique.Alumni\src\Informatique.Alumni.Application\Informatique.Alumni.Application.csproj : warning NU1904: Package 'Scriban' 6.3.0 has a known critical severity vulnerability, https://github.com/advisories/GHSA-5wr9-m6jw-xx44
D:\Projects\Informatique.Alumni\src\Informatique.Alumni.Application\Informatique.Alumni.Application.csproj : warning NU1903: Package 'Scriban' 6.3.0 has a known high severity vulnerability, https://github.com/advisories/GHSA-c875-h985-hvrc
D:\Projects\Informatique.Alumni\src\Informatique.Alumni.Application\Informatique.Alumni.Application.csproj : warning NU1903: Package 'Scriban' 6.3.0 has a known high severity vulnerability, https://github.com/advisories/GHSA-grr9-747v-xvcp
D:\Projects\Informatique.Alumni\src\Informatique.Alumni.Application\Informatique.Alumni.Application.csproj : warning NU1902: Package 'Scriban' 6.3.0 has a known moderate severity vulnerability, https://github.com/advisories/GHSA-m2p3-hwv5-xpqw
D:\Projects\Informatique.Alumni\src\Informatique.Alumni.Application\Informatique.Alumni.Application.csproj : warning NU1903: Package 'Scriban' 6.3.0 has a known high severity vulnerability, https://github.com/advisories/GHSA-p6q4-fgr8-vx4p
D:\Projects\Informatique.Alumni\src\Informatique.Alumni.Application\Informatique.Alumni.Application.csproj : warning NU1903: Package 'Scriban' 6.3.0 has a known high severity vulnerability, https://github.com/advisories/GHSA-v66j-x4hw-fv9g
D:\Projects\Informatique.Alumni\src\Informatique.Alumni.Application\Informatique.Alumni.Application.csproj : warning NU1903: Package 'Scriban' 6.3.0 has a known high severity vulnerability, https://github.com/advisories/GHSA-wgh7-7m3c-fx25
D:\Projects\Informatique.Alumni\src\Informatique.Alumni.Application\Informatique.Alumni.Application.csproj : warning NU1903: Package 'Scriban' 6.3.0 has a known high severity vulnerability, https://github.com/advisories/GHSA-x6m9-38vm-2xhf
D:\Projects\Informatique.Alumni\src\Informatique.Alumni.Application\Informatique.Alumni.Application.csproj : warning NU1903: Package 'Scriban' 6.3.0 has a known high severity vulnerability, https://github.com/advisories/GHSA-xcx6-vp38-8hr5
D:\Projects\Informatique.Alumni\src\Informatique.Alumni.Application\Informatique.Alumni.Application.csproj : warning NU1902: Package 'Scriban' 6.3.0 has a known moderate severity vulnerability, https://github.com/advisories/GHSA-xw6w-9jjh-p9cr
D:\Projects\Informatique.Alumni\src\Informatique.Alumni.Domain\Informatique.Alumni.Domain.csproj : warning NU1902: Package 'Scriban' 6.3.0 has a known moderate severity vulnerability, https://github.com/advisories/GHSA-5rpf-x9jg-8j5p
D:\Projects\Informatique.Alumni\src\Informatique.Alumni.Domain\Informatique.Alumni.Domain.csproj : warning NU1904: Package 'Scriban' 6.3.0 has a known critical severity vulnerability, https://github.com/advisories/GHSA-5wr9-m6jw-xx44
D:\Projects\Informatique.Alumni\src\Informatique.Alumni.Domain\Informatique.Alumni.Domain.csproj : warning NU1903: Package 'Scriban' 6.3.0 has a known high severity vulnerability, https://github.com/advisories/GHSA-c875-h985-hvrc
D:\Projects\Informatique.Alumni\src\Informatique.Alumni.Domain\Informatique.Alumni.Domain.csproj : warning NU1903: Package 'Scriban' 6.3.0 has a known high severity vulnerability, https://github.com/advisories/GHSA-grr9-747v-xvcp
D:\Projects\Informatique.Alumni\src\Informatique.Alumni.Domain\Informatique.Alumni.Domain.csproj : warning NU1902: Package 'Scriban' 6.3.0 has a known moderate severity vulnerability, https://github.com/advisories/GHSA-m2p3-hwv5-xpqw
D:\Projects\Informatique.Alumni\src\Informatique.Alumni.Domain\Informatique.Alumni.Domain.csproj : warning NU1903: Package 'Scriban' 6.3.0 has a known high severity vulnerability, https://github.com/advisories/GHSA-p6q4-fgr8-vx4p
D:\Projects\Informatique.Alumni\src\Informatique.Alumni.Domain\Informatique.Alumni.Domain.csproj : warning NU1903: Package 'Scriban' 6.3.0 has a known high severity vulnerability, https://github.com/advisories/GHSA-v66j-x4hw-fv9g
D:\Projects\Informatique.Alumni\src\Informatique.Alumni.Domain\Informatique.Alumni.Domain.csproj : warning NU1903: Package 'Scriban' 6.3.0 has a known high severity vulnerability, https://github.com/advisories/GHSA-wgh7-7m3c-fx25
D:\Projects\Informatique.Alumni\src\Informatique.Alumni.Domain\Informatique.Alumni.Domain.csproj : warning NU1903: Package 'Scriban' 6.3.0 has a known high severity vulnerability, https://github.com/advisories/GHSA-x6m9-38vm-2xhf
D:\Projects\Informatique.Alumni\src\Informatique.Alumni.Domain\Informatique.Alumni.Domain.csproj : warning NU1903: Package 'Scriban' 6.3.0 has a known high severity vulnerability, https://github.com/advisories/GHSA-xcx6-vp38-8hr5
D:\Projects\Informatique.Alumni\src\Informatique.Alumni.Domain\Informatique.Alumni.Domain.csproj : warning NU1902: Package 'Scriban' 6.3.0 has a known moderate severity vulnerability, https://github.com/advisories/GHSA-xw6w-9jjh-p9cr
D:\Projects\Informatique.Alumni\src\Informatique.Alumni.Application\AlumniApplicationMappers.cs(42,5): warning RMG012: The member AlumniName on the mapping target type Informatique.Alumni.Certificates.CertificateRequestDto was not found on the mapping source type Informatique.Alumni.Certificates.CertificateRequest [D:\Projects\Informatique.Alumni\src\Informatique.Alumni.Application\Informatique.Alumni.Application.csproj]
D:\Projects\Informatique.Alumni\src\Informatique.Alumni.Application\AlumniApplicationMappers.cs(42,5): warning RMG012: The member AlumniEmail on the mapping target type Informatique.Alumni.Certificates.CertificateRequestDto was not found on the mapping source type Informatique.Alumni.Certificates.CertificateRequest [D:\Projects\Informatique.Alumni\src\Informatique.Alumni.Application\Informatique.Alumni.Application.csproj]
D:\Projects\Informatique.Alumni\src\Informatique.Alumni.Application\AlumniApplicationMappers.cs(42,5): warning RMG012: The member MobileNumber on the mapping target type Informatique.Alumni.Certificates.CertificateRequestDto was not found on the mapping source type Informatique.Alumni.Certificates.CertificateRequest [D:\Projects\Informatique.Alumni\src\Informatique.Alumni.Application\Informatique.Alumni.Application.csproj]
D:\Projects\Informatique.Alumni\src\Informatique.Alumni.Application\AlumniApplicationMappers.cs(42,5): warning RMG012: The member StudentId on the mapping target type Informatique.Alumni.Certificates.CertificateRequestDto was not found on the mapping source type Informatique.Alumni.Certificates.CertificateRequest [D:\Projects\Informatique.Alumni\src\Informatique.Alumni.Application\Informatique.Alumni.Application.csproj]
D:\Projects\Informatique.Alumni\src\Informatique.Alumni.Application\AlumniApplicationMappers.cs(42,5): warning RMG012: The member CollegeName on the mapping target type Informatique.Alumni.Certificates.CertificateRequestDto was not found on the mapping source type Informatique.Alumni.Certificates.CertificateRequest [D:\Projects\Informatique.Alumni\src\Informatique.Alumni.Application\Informatique.Alumni.Application.csproj]
D:\Projects\Informatique.Alumni\src\Informatique.Alumni.Application\AlumniApplicationMappers.cs(42,5): warning RMG012: The member GraduationYear on the mapping target type Informatique.Alumni.Certificates.CertificateRequestDto was not found on the mapping source type Informatique.Alumni.Certificates.CertificateRequest [D:\Projects\Informatique.Alumni\src\Informatique.Alumni.Application\Informatique.Alumni.Application.csproj]
D:\Projects\Informatique.Alumni\src\Informatique.Alumni.Application\AlumniApplicationMappers.cs(42,5): warning RMG012: The member TargetBranchName on the mapping target type Informatique.Alumni.Certificates.CertificateRequestDto was not found on the mapping source type Informatique.Alumni.Certificates.CertificateRequest [D:\Projects\Informatique.Alumni\src\Informatique.Alumni.Application\Informatique.Alumni.Application.csproj]
D:\Projects\Informatique.Alumni\src\Informatique.Alumni.Application\AlumniApplicationMappers.cs(45,5): warning RMG012: The member CertificateDefinitionName on the mapping target type Informatique.Alumni.Certificates.CertificateRequestItemDto was not found on the mapping source type Informatique.Alumni.Certificates.CertificateRequestItem [D:\Projects\Informatique.Alumni\src\Informatique.Alumni.Application\Informatique.Alumni.Application.csproj]
D:\Projects\Informatique.Alumni\src\Informatique.Alumni.Application\AlumniApplicationMappers.cs(45,5): warning RMG012: The member QualificationName on the mapping target type Informatique.Alumni.Certificates.CertificateRequestItemDto was not found on the mapping source type Informatique.Alumni.Certificates.CertificateRequestItem [D:\Projects\Informatique.Alumni\src\Informatique.Alumni.Application\Informatique.Alumni.Application.csproj]
D:\Projects\Informatique.Alumni\src\Informatique.Alumni.Application\AlumniApplicationMappers.cs(45,5): warning RMG012: The member RequiredDocuments on the mapping target type Informatique.Alumni.Certificates.CertificateRequestItemDto was not found on the mapping source type Informatique.Alumni.Certificates.CertificateRequestItem [D:\Projects\Informatique.Alumni\src\Informatique.Alumni.Application\Informatique.Alumni.Application.csproj]
D:\Projects\Informatique.Alumni\src\Informatique.Alumni.Application\AlumniApplicationMappers.cs(48,5): warning RMG012: The member ChangedByUserName on the mapping target type Informatique.Alumni.Certificates.CertificateRequestHistoryDto was not found on the mapping source type Informatique.Alumni.Certificates.CertificateRequestHistory [D:\Projects\Informatique.Alumni\src\Informatique.Alumni.Application\Informatique.Alumni.Application.csproj]
D:\Projects\Informatique.Alumni\src\Informatique.Alumni.Application\AlumniApplicationMappers.cs(65,5): warning RMG012: The member AlumniId on the mapping target type Informatique.Alumni.Profiles.AlumniMyProfileDto was not found on the mapping source type Informatique.Alumni.Profiles.AlumniProfile [D:\Projects\Informatique.Alumni\src\Informatique.Alumni.Application\Informatique.Alumni.Application.csproj]
D:\Projects\Informatique.Alumni\src\Informatique.Alumni.Application\AlumniApplicationMappers.cs(65,5): warning RMG012: The member NameAr on the mapping target type Informatique.Alumni.Profiles.AlumniMyProfileDto was not found on the mapping source type Informatique.Alumni.Profiles.AlumniProfile [D:\Projects\Informatique.Alumni\src\Informatique.Alumni.Application\Informatique.Alumni.Application.csproj]
D:\Projects\Informatique.Alumni\src\Informatique.Alumni.Application\AlumniApplicationMappers.cs(65,5): warning RMG012: The member NameEn on the mapping target type Informatique.Alumni.Profiles.AlumniMyProfileDto was not found on the mapping source type Informatique.Alumni.Profiles.AlumniProfile [D:\Projects\Informatique.Alumni\src\Informatique.Alumni.Application\Informatique.Alumni.Application.csproj]
D:\Projects\Informatique.Alumni\src\Informatique.Alumni.Application\AlumniApplicationMappers.cs(65,5): warning RMG012: The member Nationality on the mapping target type Informatique.Alumni.Profiles.AlumniMyProfileDto was not found on the mapping source type Informatique.Alumni.Profiles.AlumniProfile [D:\Projects\Informatique.Alumni\src\Informatique.Alumni.Application\Informatique.Alumni.Application.csproj]
D:\Projects\Informatique.Alumni\src\Informatique.Alumni.Application\AlumniApplicationMappers.cs(65,5): warning RMG012: The member Gender on the mapping target type Informatique.Alumni.Profiles.AlumniMyProfileDto was not found on the mapping source type Informatique.Alumni.Profiles.AlumniProfile [D:\Projects\Informatique.Alumni\src\Informatique.Alumni.Application\Informatique.Alumni.Application.csproj]
D:\Projects\Informatique.Alumni\src\Informatique.Alumni.Application\AlumniApplicationMappers.cs(65,5): warning RMG012: The member BirthDate on the mapping target type Informatique.Alumni.Profiles.AlumniMyProfileDto was not found on the mapping source type Informatique.Alumni.Profiles.AlumniProfile [D:\Projects\Informatique.Alumni\src\Informatique.Alumni.Application\Informatique.Alumni.Application.csproj]
D:\Projects\Informatique.Alumni\src\Informatique.Alumni.Application\AlumniApplicationMappers.cs(65,5): warning RMG012: The member OpeningBalance on the mapping target type Informatique.Alumni.Profiles.AlumniMyProfileDto was not found on the mapping source type Informatique.Alumni.Profiles.AlumniProfile [D:\Projects\Informatique.Alumni\src\Informatique.Alumni.Application\Informatique.Alumni.Application.csproj]
D:\Projects\Informatique.Alumni\src\Informatique.Alumni.Application\AlumniApplicationMappers.cs(65,5): warning RMG012: The member AcademicHistory on the mapping target type Informatique.Alumni.Profiles.AlumniMyProfileDto was not found on the mapping source type Informatique.Alumni.Profiles.AlumniProfile [D:\Projects\Informatique.Alumni\src\Informatique.Alumni.Application\Informatique.Alumni.Application.csproj]
D:\Projects\Informatique.Alumni\src\Informatique.Alumni.Application\AlumniApplicationMappers.cs(65,5): warning RMG012: The member ExpertiseIds on the mapping target type Informatique.Alumni.Profiles.AlumniMyProfileDto was not found on the mapping source type Informatique.Alumni.Profiles.AlumniProfile [D:\Projects\Informatique.Alumni\src\Informatique.Alumni.Application\Informatique.Alumni.Application.csproj]
D:\Projects\Informatique.Alumni\src\Informatique.Alumni.Application\AlumniApplicationMappers.cs(65,5): warning RMG012: The member Name on the mapping target type Informatique.Alumni.Profiles.AlumniMyProfileDto was not found on the mapping source type Informatique.Alumni.Profiles.AlumniProfile [D:\Projects\Informatique.Alumni\src\Informatique.Alumni.Application\Informatique.Alumni.Application.csproj]
D:\Projects\Informatique.Alumni\src\Informatique.Alumni.Application\AlumniApplicationMappers.cs(81,5): warning RMG012: The member Images on the mapping target type Informatique.Alumni.Gallery.GalleryAlbumDto was not found on the mapping source type Informatique.Alumni.Gallery.GalleryAlbum [D:\Projects\Informatique.Alumni\src\Informatique.Alumni.Application\Informatique.Alumni.Application.csproj]
D:\Projects\Informatique.Alumni\src\Informatique.Alumni.Application\AlumniApplicationMappers.cs(88,5): warning RMG012: The member IsActive on the mapping target type Informatique.Alumni.Health.MedicalPartner was not found on the mapping source type Informatique.Alumni.Health.CreateUpdateMedicalPartnerDto [D:\Projects\Informatique.Alumni\src\Informatique.Alumni.Application\Informatique.Alumni.Application.csproj]
D:\Projects\Informatique.Alumni\src\Informatique.Alumni.Application\AlumniApplicationMappers.cs(88,5): warning RMG012: The member IsDeleted on the mapping target type Informatique.Alumni.Health.MedicalPartner was not found on the mapping source type Informatique.Alumni.Health.CreateUpdateMedicalPartnerDto [D:\Projects\Informatique.Alumni\src\Informatique.Alumni.Application\Informatique.Alumni.Application.csproj]
D:\Projects\Informatique.Alumni\src\Informatique.Alumni.Application\AlumniApplicationMappers.cs(88,5): warning RMG012: The member DeleterId on the mapping target type Informatique.Alumni.Health.MedicalPartner was not found on the mapping source type Informatique.Alumni.Health.CreateUpdateMedicalPartnerDto [D:\Projects\Informatique.Alumni\src\Informatique.Alumni.Application\Informatique.Alumni.Application.csproj]
D:\Projects\Informatique.Alumni\src\Informatique.Alumni.Application\AlumniApplicationMappers.cs(88,5): warning RMG012: The member DeletionTime on the mapping target type Informatique.Alumni.Health.MedicalPartner was not found on the mapping source type Informatique.Alumni.Health.CreateUpdateMedicalPartnerDto [D:\Projects\Informatique.Alumni\src\Informatique.Alumni.Application\Informatique.Alumni.Application.csproj]
D:\Projects\Informatique.Alumni\src\Informatique.Alumni.Application\AlumniApplicationMappers.cs(88,5): warning RMG012: The member LastModificationTime on the mapping target type Informatique.Alumni.Health.MedicalPartner was not found on the mapping source type Informatique.Alumni.Health.CreateUpdateMedicalPartnerDto [D:\Projects\Informatique.Alumni\src\Informatique.Alumni.Application\Informatique.Alumni.Application.csproj]
D:\Projects\Informatique.Alumni\src\Informatique.Alumni.Application\AlumniApplicationMappers.cs(88,5): warning RMG012: The member LastModifierId on the mapping target type Informatique.Alumni.Health.MedicalPartner was not found on the mapping source type Informatique.Alumni.Health.CreateUpdateMedicalPartnerDto [D:\Projects\Informatique.Alumni\src\Informatique.Alumni.Application\Informatique.Alumni.Application.csproj]
D:\Projects\Informatique.Alumni\src\Informatique.Alumni.Application\AlumniApplicationMappers.cs(88,5): warning RMG012: The member CreationTime on the mapping target type Informatique.Alumni.Health.MedicalPartner was not found on the mapping source type Informatique.Alumni.Health.CreateUpdateMedicalPartnerDto [D:\Projects\Informatique.Alumni\src\Informatique.Alumni.Application\Informatique.Alumni.Application.csproj]
D:\Projects\Informatique.Alumni\src\Informatique.Alumni.Application\AlumniApplicationMappers.cs(88,5): warning RMG012: The member CreatorId on the mapping target type Informatique.Alumni.Health.MedicalPartner was not found on the mapping source type Informatique.Alumni.Health.CreateUpdateMedicalPartnerDto [D:\Projects\Informatique.Alumni\src\Informatique.Alumni.Application\Informatique.Alumni.Application.csproj]
D:\Projects\Informatique.Alumni\src\Informatique.Alumni.Application\AlumniApplicationMappers.cs(88,5): warning RMG012: The member ConcurrencyStamp on the mapping target type Informatique.Alumni.Health.MedicalPartner was not found on the mapping source type Informatique.Alumni.Health.CreateUpdateMedicalPartnerDto [D:\Projects\Informatique.Alumni\src\Informatique.Alumni.Application\Informatique.Alumni.Application.csproj]
D:\Projects\Informatique.Alumni\src\Informatique.Alumni.Application\AlumniApplicationMappers.cs(89,5): warning RMG012: The member IsActive on the mapping target type Informatique.Alumni.Health.MedicalOffer was not found on the mapping source type Informatique.Alumni.Health.CreateUpdateMedicalOfferDto [D:\Projects\Informatique.Alumni\src\Informatique.Alumni.Application\Informatique.Alumni.Application.csproj]
D:\Projects\Informatique.Alumni\src\Informatique.Alumni.Application\AlumniApplicationMappers.cs(89,5): warning RMG012: The member IsDeleted on the mapping target type Informatique.Alumni.Health.MedicalOffer was not found on the mapping source type Informatique.Alumni.Health.CreateUpdateMedicalOfferDto [D:\Projects\Informatique.Alumni\src\Informatique.Alumni.Application\Informatique.Alumni.Application.csproj]
D:\Projects\Informatique.Alumni\src\Informatique.Alumni.Application\AlumniApplicationMappers.cs(89,5): warning RMG012: The member DeleterId on the mapping target type Informatique.Alumni.Health.MedicalOffer was not found on the mapping source type Informatique.Alumni.Health.CreateUpdateMedicalOfferDto [D:\Projects\Informatique.Alumni\src\Informatique.Alumni.Application\Informatique.Alumni.Application.csproj]
D:\Projects\Informatique.Alumni\src\Informatique.Alumni.Application\AlumniApplicationMappers.cs(89,5): warning RMG012: The member DeletionTime on the mapping target type Informatique.Alumni.Health.MedicalOffer was not found on the mapping source type Informatique.Alumni.Health.CreateUpdateMedicalOfferDto [D:\Projects\Informatique.Alumni\src\Informatique.Alumni.Application\Informatique.Alumni.Application.csproj]
D:\Projects\Informatique.Alumni\src\Informatique.Alumni.Application\AlumniApplicationMappers.cs(89,5): warning RMG012: The member LastModificationTime on the mapping target type Informatique.Alumni.Health.MedicalOffer was not found on the mapping source type Informatique.Alumni.Health.CreateUpdateMedicalOfferDto [D:\Projects\Informatique.Alumni\src\Informatique.Alumni.Application\Informatique.Alumni.Application.csproj]
D:\Projects\Informatique.Alumni\src\Informatique.Alumni.Application\AlumniApplicationMappers.cs(89,5): warning RMG012: The member LastModifierId on the mapping target type Informatique.Alumni.Health.MedicalOffer was not found on the mapping source type Informatique.Alumni.Health.CreateUpdateMedicalOfferDto [D:\Projects\Informatique.Alumni\src\Informatique.Alumni.Application\Informatique.Alumni.Application.csproj]
D:\Projects\Informatique.Alumni\src\Informatique.Alumni.Application\AlumniApplicationMappers.cs(107,5): warning RMG012: The member AdvisorName on the mapping target type Informatique.Alumni.Guidance.AdvisingRequestDto was not found on the mapping source type Informatique.Alumni.Guidance.AdvisingRequest [D:\Projects\Informatique.Alumni\src\Informatique.Alumni.Application\Informatique.Alumni.Application.csproj]
D:\Projects\Informatique.Alumni\src\Informatique.Alumni.Application\AlumniApplicationMappers.cs(107,5): warning RMG012: The member AdvisorJobTitle on the mapping target type Informatique.Alumni.Guidance.AdvisingRequestDto was not found on the mapping source type Informatique.Alumni.Guidance.AdvisingRequest [D:\Projects\Informatique.Alumni\src\Informatique.Alumni.Application\Informatique.Alumni.Application.csproj]
D:\Projects\Informatique.Alumni\src\Informatique.Alumni.Application\AlumniApplicationMappers.cs(107,5): warning RMG012: The member Location on the mapping target type Informatique.Alumni.Guidance.AdvisingRequestDto was not found on the mapping source type Informatique.Alumni.Guidance.AdvisingRequest [D:\Projects\Informatique.Alumni\src\Informatique.Alumni.Application\Informatique.Alumni.Application.csproj]
D:\Projects\Informatique.Alumni\src\Informatique.Alumni.Application\AlumniApplicationMappers.cs(110,5): warning RMG012: The member AdvisorId on the mapping target type Informatique.Alumni.Guidance.GuidanceSessionRuleDto was not found on the mapping source type Informatique.Alumni.Guidance.GuidanceSessionRule [D:\Projects\Informatique.Alumni\src\Informatique.Alumni.Application\Informatique.Alumni.Application.csproj]
D:\Projects\Informatique.Alumni\src\Informatique.Alumni.Application\AlumniApplicationMappers.cs(110,5): warning RMG012: The member DayOfWeek on the mapping target type Informatique.Alumni.Guidance.GuidanceSessionRuleDto was not found on the mapping source type Informatique.Alumni.Guidance.GuidanceSessionRule [D:\Projects\Informatique.Alumni\src\Informatique.Alumni.Application\Informatique.Alumni.Application.csproj]
D:\Projects\Informatique.Alumni\src\Informatique.Alumni.Application\AlumniApplicationMappers.cs(110,5): warning RMG012: The member IsActive on the mapping target type Informatique.Alumni.Guidance.GuidanceSessionRuleDto was not found on the mapping source type Informatique.Alumni.Guidance.GuidanceSessionRule [D:\Projects\Informatique.Alumni\src\Informatique.Alumni.Application\Informatique.Alumni.Application.csproj]
D:\Projects\Informatique.Alumni\src\Informatique.Alumni.Application\AlumniApplicationMappers.cs(120,5): warning RMG012: The member IsDeleted on the mapping target type Informatique.Alumni.Benefits.AcademicGrant was not found on the mapping source type Informatique.Alumni.Benefits.CreateUpdateAcademicGrantDto [D:\Projects\Informatique.Alumni\src\Informatique.Alumni.Application\Informatique.Alumni.Application.csproj]
D:\Projects\Informatique.Alumni\src\Informatique.Alumni.Application\AlumniApplicationMappers.cs(120,5): warning RMG012: The member DeleterId on the mapping target type Informatique.Alumni.Benefits.AcademicGrant was not found on the mapping source type Informatique.Alumni.Benefits.CreateUpdateAcademicGrantDto [D:\Projects\Informatique.Alumni\src\Informatique.Alumni.Application\Informatique.Alumni.Application.csproj]
D:\Projects\Informatique.Alumni\src\Informatique.Alumni.Application\AlumniApplicationMappers.cs(120,5): warning RMG012: The member DeletionTime on the mapping target type Informatique.Alumni.Benefits.AcademicGrant was not found on the mapping source type Informatique.Alumni.Benefits.CreateUpdateAcademicGrantDto [D:\Projects\Informatique.Alumni\src\Informatique.Alumni.Application\Informatique.Alumni.Application.csproj]
D:\Projects\Informatique.Alumni\src\Informatique.Alumni.Application\AlumniApplicationMappers.cs(120,5): warning RMG012: The member LastModificationTime on the mapping target type Informatique.Alumni.Benefits.AcademicGrant was not found on the mapping source type Informatique.Alumni.Benefits.CreateUpdateAcademicGrantDto [D:\Projects\Informatique.Alumni\src\Informatique.Alumni.Application\Informatique.Alumni.Application.csproj]
D:\Projects\Informatique.Alumni\src\Informatique.Alumni.Application\AlumniApplicationMappers.cs(120,5): warning RMG012: The member LastModifierId on the mapping target type Informatique.Alumni.Benefits.AcademicGrant was not found on the mapping source type Informatique.Alumni.Benefits.CreateUpdateAcademicGrantDto [D:\Projects\Informatique.Alumni\src\Informatique.Alumni.Application\Informatique.Alumni.Application.csproj]
D:\Projects\Informatique.Alumni\src\Informatique.Alumni.Application\AlumniApplicationMappers.cs(120,5): warning RMG012: The member CreationTime on the mapping target type Informatique.Alumni.Benefits.AcademicGrant was not found on the mapping source type Informatique.Alumni.Benefits.CreateUpdateAcademicGrantDto [D:\Projects\Informatique.Alumni\src\Informatique.Alumni.Application\Informatique.Alumni.Application.csproj]
D:\Projects\Informatique.Alumni\src\Informatique.Alumni.Application\AlumniApplicationMappers.cs(120,5): warning RMG012: The member CreatorId on the mapping target type Informatique.Alumni.Benefits.AcademicGrant was not found on the mapping source type Informatique.Alumni.Benefits.CreateUpdateAcademicGrantDto [D:\Projects\Informatique.Alumni\src\Informatique.Alumni.Application\Informatique.Alumni.Application.csproj]
D:\Projects\Informatique.Alumni\src\Informatique.Alumni.Application\AlumniApplicationMappers.cs(120,5): warning RMG012: The member ConcurrencyStamp on the mapping target type Informatique.Alumni.Benefits.AcademicGrant was not found on the mapping source type Informatique.Alumni.Benefits.CreateUpdateAcademicGrantDto [D:\Projects\Informatique.Alumni\src\Informatique.Alumni.Application\Informatique.Alumni.Application.csproj]
D:\Projects\Informatique.Alumni\src\Informatique.Alumni.Application\AlumniApplicationMappers.cs(122,5): warning RMG012: The member ValidUntil on the mapping target type Informatique.Alumni.Benefits.AcademicDiscountDto was not found on the mapping source type Informatique.Alumni.Benefits.AcademicDiscount [D:\Projects\Informatique.Alumni\src\Informatique.Alumni.Application\Informatique.Alumni.Application.csproj]
D:\Projects\Informatique.Alumni\src\Informatique.Alumni.Application\AlumniApplicationMappers.cs(127,5): warning RMG012: The member IsDeleted on the mapping target type Informatique.Alumni.Benefits.CommercialDiscount was not found on the mapping source type Informatique.Alumni.Benefits.CreateUpdateCommercialDiscountDto [D:\Projects\Informatique.Alumni\src\Informatique.Alumni.Application\Informatique.Alumni.Application.csproj]
D:\Projects\Informatique.Alumni\src\Informatique.Alumni.Application\AlumniApplicationMappers.cs(127,5): warning RMG012: The member DeleterId on the mapping target type Informatique.Alumni.Benefits.CommercialDiscount was not found on the mapping source type Informatique.Alumni.Benefits.CreateUpdateCommercialDiscountDto [D:\Projects\Informatique.Alumni\src\Informatique.Alumni.Application\Informatique.Alumni.Application.csproj]
D:\Projects\Informatique.Alumni\src\Informatique.Alumni.Application\AlumniApplicationMappers.cs(127,5): warning RMG012: The member DeletionTime on the mapping target type Informatique.Alumni.Benefits.CommercialDiscount was not found on the mapping source type Informatique.Alumni.Benefits.CreateUpdateCommercialDiscountDto [D:\Projects\Informatique.Alumni\src\Informatique.Alumni.Application\Informatique.Alumni.Application.csproj]
D:\Projects\Informatique.Alumni\src\Informatique.Alumni.Application\AlumniApplicationMappers.cs(127,5): warning RMG012: The member LastModificationTime on the mapping target type Informatique.Alumni.Benefits.CommercialDiscount was not found on the mapping source type Informatique.Alumni.Benefits.CreateUpdateCommercialDiscountDto [D:\Projects\Informatique.Alumni\src\Informatique.Alumni.Application\Informatique.Alumni.Application.csproj]
D:\Projects\Informatique.Alumni\src\Informatique.Alumni.Application\AlumniApplicationMappers.cs(127,5): warning RMG012: The member LastModifierId on the mapping target type Informatique.Alumni.Benefits.CommercialDiscount was not found on the mapping source type Informatique.Alumni.Benefits.CreateUpdateCommercialDiscountDto [D:\Projects\Informatique.Alumni\src\Informatique.Alumni.Application\Informatique.Alumni.Application.csproj]
D:\Projects\Informatique.Alumni\src\Informatique.Alumni.Application\AlumniApplicationMappers.cs(127,5): warning RMG012: The member CreationTime on the mapping target type Informatique.Alumni.Benefits.CommercialDiscount was not found on the mapping source type Informatique.Alumni.Benefits.CreateUpdateCommercialDiscountDto [D:\Projects\Informatique.Alumni\src\Informatique.Alumni.Application\Informatique.Alumni.Application.csproj]
D:\Projects\Informatique.Alumni\src\Informatique.Alumni.Application\AlumniApplicationMappers.cs(127,5): warning RMG012: The member CreatorId on the mapping target type Informatique.Alumni.Benefits.CommercialDiscount was not found on the mapping source type Informatique.Alumni.Benefits.CreateUpdateCommercialDiscountDto [D:\Projects\Informatique.Alumni\src\Informatique.Alumni.Application\Informatique.Alumni.Application.csproj]
D:\Projects\Informatique.Alumni\src\Informatique.Alumni.Application\AlumniApplicationMappers.cs(127,5): warning RMG012: The member ConcurrencyStamp on the mapping target type Informatique.Alumni.Benefits.CommercialDiscount was not found on the mapping source type Informatique.Alumni.Benefits.CreateUpdateCommercialDiscountDto [D:\Projects\Informatique.Alumni\src\Informatique.Alumni.Application\Informatique.Alumni.Application.csproj]
D:\Projects\Informatique.Alumni\src\Informatique.Alumni.Application\AlumniApplicationMappers.cs(137,5): warning RMG012: The member SubscribedCount on the mapping target type Informatique.Alumni.Career.CareerServiceDto was not found on the mapping source type Informatique.Alumni.Career.CareerService [D:\Projects\Informatique.Alumni\src\Informatique.Alumni.Application\Informatique.Alumni.Application.csproj]
D:\Projects\Informatique.Alumni\src\Informatique.Alumni.Application\AlumniApplicationMappers.cs(155,5): warning RMG012: The member SyndicateName on the mapping target type Informatique.Alumni.Syndicates.SyndicateSubscriptionDto was not found on the mapping source type Informatique.Alumni.Syndicates.SyndicateSubscription [D:\Projects\Informatique.Alumni\src\Informatique.Alumni.Application\Informatique.Alumni.Application.csproj]
D:\Projects\Informatique.Alumni\src\Informatique.Alumni.Application\AlumniApplicationMappers.cs(171,5): warning RMG012: The member QrCodeUrl on the mapping target type Informatique.Alumni.Events.AlumniEventRegistrationDto was not found on the mapping source type Informatique.Alumni.Events.AlumniEventRegistration [D:\Projects\Informatique.Alumni\src\Informatique.Alumni.Application\Informatique.Alumni.Application.csproj]
D:\Projects\Informatique.Alumni\src\Informatique.Alumni.Application\AlumniApplicationMappers.cs(171,5): warning RMG012: The member EventName on the mapping target type Informatique.Alumni.Events.AlumniEventRegistrationDto was not found on the mapping source type Informatique.Alumni.Events.AlumniEventRegistration [D:\Projects\Informatique.Alumni\src\Informatique.Alumni.Application\Informatique.Alumni.Application.csproj]
D:\Projects\Informatique.Alumni\src\Informatique.Alumni.Application\AlumniApplicationMappers.cs(171,5): warning RMG012: The member EventDate on the mapping target type Informatique.Alumni.Events.AlumniEventRegistrationDto was not found on the mapping source type Informatique.Alumni.Events.AlumniEventRegistration [D:\Projects\Informatique.Alumni\src\Informatique.Alumni.Application\Informatique.Alumni.Application.csproj]
D:\Projects\Informatique.Alumni\src\Informatique.Alumni.Application\AlumniApplicationMappers.cs(171,5): warning RMG012: The member Location on the mapping target type Informatique.Alumni.Events.AlumniEventRegistrationDto was not found on the mapping source type Informatique.Alumni.Events.AlumniEventRegistration [D:\Projects\Informatique.Alumni\src\Informatique.Alumni.Application\Informatique.Alumni.Application.csproj]
D:\Projects\Informatique.Alumni\src\Informatique.Alumni.Application\AlumniApplicationMappers.cs(176,5): warning RMG012: The member IsDeleted on the mapping target type Informatique.Alumni.Companies.Company was not found on the mapping source type Informatique.Alumni.Companies.CompanyDto [D:\Projects\Informatique.Alumni\src\Informatique.Alumni.Application\Informatique.Alumni.Application.csproj]
D:\Projects\Informatique.Alumni\src\Informatique.Alumni.Application\AlumniApplicationMappers.cs(176,5): warning RMG012: The member DeleterId on the mapping target type Informatique.Alumni.Companies.Company was not found on the mapping source type Informatique.Alumni.Companies.CompanyDto [D:\Projects\Informatique.Alumni\src\Informatique.Alumni.Application\Informatique.Alumni.Application.csproj]
D:\Projects\Informatique.Alumni\src\Informatique.Alumni.Application\AlumniApplicationMappers.cs(176,5): warning RMG012: The member DeletionTime on the mapping target type Informatique.Alumni.Companies.Company was not found on the mapping source type Informatique.Alumni.Companies.CompanyDto [D:\Projects\Informatique.Alumni\src\Informatique.Alumni.Application\Informatique.Alumni.Application.csproj]
D:\Projects\Informatique.Alumni\src\Informatique.Alumni.Application\AlumniApplicationMappers.cs(176,5): warning RMG012: The member LastModificationTime on the mapping target type Informatique.Alumni.Companies.Company was not found on the mapping source type Informatique.Alumni.Companies.CompanyDto [D:\Projects\Informatique.Alumni\src\Informatique.Alumni.Application\Informatique.Alumni.Application.csproj]
D:\Projects\Informatique.Alumni\src\Informatique.Alumni.Application\AlumniApplicationMappers.cs(176,5): warning RMG012: The member LastModifierId on the mapping target type Informatique.Alumni.Companies.Company was not found on the mapping source type Informatique.Alumni.Companies.CompanyDto [D:\Projects\Informatique.Alumni\src\Informatique.Alumni.Application\Informatique.Alumni.Application.csproj]
D:\Projects\Informatique.Alumni\src\Informatique.Alumni.Application\AlumniApplicationMappers.cs(176,5): warning RMG012: The member CreationTime on the mapping target type Informatique.Alumni.Companies.Company was not found on the mapping source type Informatique.Alumni.Companies.CompanyDto [D:\Projects\Informatique.Alumni\src\Informatique.Alumni.Application\Informatique.Alumni.Application.csproj]
D:\Projects\Informatique.Alumni\src\Informatique.Alumni.Application\AlumniApplicationMappers.cs(176,5): warning RMG012: The member CreatorId on the mapping target type Informatique.Alumni.Companies.Company was not found on the mapping source type Informatique.Alumni.Companies.CompanyDto [D:\Projects\Informatique.Alumni\src\Informatique.Alumni.Application\Informatique.Alumni.Application.csproj]
D:\Projects\Informatique.Alumni\src\Informatique.Alumni.Application\AlumniApplicationMappers.cs(176,5): warning RMG012: The member ConcurrencyStamp on the mapping target type Informatique.Alumni.Companies.Company was not found on the mapping source type Informatique.Alumni.Companies.CompanyDto [D:\Projects\Informatique.Alumni\src\Informatique.Alumni.Application\Informatique.Alumni.Application.csproj]
D:\Projects\Informatique.Alumni\src\Informatique.Alumni.Application\AlumniApplicationMappers.cs(187,5): warning RMG012: The member ConcurrencyStamp on the mapping target type Informatique.Alumni.Career.CurriculumVitae was not found on the mapping source type Informatique.Alumni.Career.CurriculumVitaeDto [D:\Projects\Informatique.Alumni\src\Informatique.Alumni.Application\Informatique.Alumni.Application.csproj]
D:\Projects\Informatique.Alumni\src\Informatique.Alumni.Application\AlumniApplicationMappers.cs(65,5): warning RMG012: The member College on the mapping target type Informatique.Alumni.Profiles.AlumniEducationDto was not found on the mapping source type Informatique.Alumni.Profiles.Education [D:\Projects\Informatique.Alumni\src\Informatique.Alumni.Application\Informatique.Alumni.Application.csproj]
D:\Projects\Informatique.Alumni\src\Informatique.Alumni.Application\AlumniApplicationMappers.cs(65,5): warning RMG012: The member Major on the mapping target type Informatique.Alumni.Profiles.AlumniEducationDto was not found on the mapping source type Informatique.Alumni.Profiles.Education [D:\Projects\Informatique.Alumni\src\Informatique.Alumni.Application\Informatique.Alumni.Application.csproj]
D:\Projects\Informatique.Alumni\src\Informatique.Alumni.Application\AlumniApplicationMappers.cs(187,5): warning RMG012: The member CurriculumVitaeId on the mapping target type Informatique.Alumni.Career.CvEducation was not found on the mapping source type Informatique.Alumni.Career.CvEducationDto [D:\Projects\Informatique.Alumni\src\Informatique.Alumni.Application\Informatique.Alumni.Application.csproj]
D:\Projects\Informatique.Alumni\src\Informatique.Alumni.Application\AlumniApplicationMappers.cs(187,5): warning RMG012: The member CurriculumVitaeId on the mapping target type Informatique.Alumni.Career.CvExperience was not found on the mapping source type Informatique.Alumni.Career.CvExperienceDto [D:\Projects\Informatique.Alumni\src\Informatique.Alumni.Application\Informatique.Alumni.Application.csproj]
D:\Projects\Informatique.Alumni\src\Informatique.Alumni.Application\AlumniApplicationMappers.cs(187,5): warning RMG012: The member CurriculumVitaeId on the mapping target type Informatique.Alumni.Career.CvSkill was not found on the mapping source type Informatique.Alumni.Career.CvSkillDto [D:\Projects\Informatique.Alumni\src\Informatique.Alumni.Application\Informatique.Alumni.Application.csproj]
D:\Projects\Informatique.Alumni\src\Informatique.Alumni.Application\AlumniApplicationMappers.cs(187,5): warning RMG012: The member CurriculumVitaeId on the mapping target type Informatique.Alumni.Career.CvLanguage was not found on the mapping source type Informatique.Alumni.Career.CvLanguageDto [D:\Projects\Informatique.Alumni\src\Informatique.Alumni.Application\Informatique.Alumni.Application.csproj]
D:\Projects\Informatique.Alumni\src\Informatique.Alumni.Application\AlumniApplicationMappers.cs(187,5): warning RMG012: The member CurriculumVitaeId on the mapping target type Informatique.Alumni.Career.CvCertification was not found on the mapping source type Informatique.Alumni.Career.CvCertificationDto [D:\Projects\Informatique.Alumni\src\Informatique.Alumni.Application\Informatique.Alumni.Application.csproj]
D:\Projects\Informatique.Alumni\src\Informatique.Alumni.Application\AlumniApplicationMappers.cs(187,5): warning RMG012: The member CurriculumVitaeId on the mapping target type Informatique.Alumni.Career.CvProject was not found on the mapping source type Informatique.Alumni.Career.CvProjectDto [D:\Projects\Informatique.Alumni\src\Informatique.Alumni.Application\Informatique.Alumni.Application.csproj]
D:\Projects\Informatique.Alumni\src\Informatique.Alumni.Application\AlumniApplicationMappers.cs(187,5): warning RMG012: The member CurriculumVitaeId on the mapping target type Informatique.Alumni.Career.CvAward was not found on the mapping source type Informatique.Alumni.Career.CvAwardDto [D:\Projects\Informatique.Alumni\src\Informatique.Alumni.Application\Informatique.Alumni.Application.csproj]
D:\Projects\Informatique.Alumni\src\Informatique.Alumni.Application\AlumniApplicationMappers.cs(187,5): warning RMG012: The member CurriculumVitaeId on the mapping target type Informatique.Alumni.Career.CvVolunteerWork was not found on the mapping source type Informatique.Alumni.Career.CvVolunteerWorkDto [D:\Projects\Informatique.Alumni\src\Informatique.Alumni.Application\Informatique.Alumni.Application.csproj]
D:\Projects\Informatique.Alumni\src\Informatique.Alumni.Application\AlumniApplicationMappers.cs(187,5): warning RMG012: The member CurriculumVitaeId on the mapping target type Informatique.Alumni.Career.CvReference was not found on the mapping source type Informatique.Alumni.Career.CvReferenceDto [D:\Projects\Informatique.Alumni\src\Informatique.Alumni.Application\Informatique.Alumni.Application.csproj]
D:\Projects\Informatique.Alumni\src\Informatique.Alumni.Application\AlumniApplicationMappers.cs(187,5): warning RMG012: The member CurriculumVitaeId on the mapping target type Informatique.Alumni.Career.CvPublication was not found on the mapping source type Informatique.Alumni.Career.CvPublicationDto [D:\Projects\Informatique.Alumni\src\Informatique.Alumni.Application\Informatique.Alumni.Application.csproj]
D:\Projects\Informatique.Alumni\src\Informatique.Alumni.Application\AlumniApplicationMappers.cs(187,5): warning RMG012: The member CurriculumVitaeId on the mapping target type Informatique.Alumni.Career.CvInterest was not found on the mapping source type Informatique.Alumni.Career.CvInterestDto [D:\Projects\Informatique.Alumni\src\Informatique.Alumni.Application\Informatique.Alumni.Application.csproj]
D:\Projects\Informatique.Alumni\src\Informatique.Alumni.Application\AlumniApplicationMappers.cs(187,5): warning RMG012: The member CurriculumVitaeId on the mapping target type Informatique.Alumni.Career.CvSocialLink was not found on the mapping source type Informatique.Alumni.Career.CvSocialLinkDto [D:\Projects\Informatique.Alumni\src\Informatique.Alumni.Application\Informatique.Alumni.Application.csproj]
D:\Projects\Informatique.Alumni\src\Informatique.Alumni.Application\AlumniApplicationMappers.cs(187,5): warning RMG012: The member CurriculumVitaeId on the mapping target type Informatique.Alumni.Career.CvCourse was not found on the mapping source type Informatique.Alumni.Career.CvCourseDto [D:\Projects\Informatique.Alumni\src\Informatique.Alumni.Application\Informatique.Alumni.Application.csproj]
D:\Projects\Informatique.Alumni\src\Informatique.Alumni.Application\AlumniApplicationMappers.cs(187,5): warning RMG012: The member CurriculumVitaeId on the mapping target type Informatique.Alumni.Career.CvPracticalTraining was not found on the mapping source type Informatique.Alumni.Career.CvPracticalTrainingDto [D:\Projects\Informatique.Alumni\src\Informatique.Alumni.Application\Informatique.Alumni.Application.csproj]
D:\Projects\Informatique.Alumni\src\Informatique.Alumni.Application\Import\AlumniImportAppService.cs(16,7): warning CS0105: The using directive for 'Informatique.Alumni.Profiles' appeared previously in this namespace [D:\Projects\Informatique.Alumni\src\Informatique.Alumni.Application\Informatique.Alumni.Application.csproj]
D:\Projects\Informatique.Alumni\src\Informatique.Alumni.Application\Events\ActivityReportingAppService.cs(47,58): warning CS0436: The type 'ParticipantReportInputDto' in 'D:\Projects\Informatique.Alumni\src\Informatique.Alumni.Application\Events\ActivityReportingAppService.cs' conflicts with the imported type 'ParticipantReportInputDto' in 'Informatique.Alumni.Application.Contracts, Version=1.0.0.0, Culture=neutral, PublicKeyToken=null'. Using the type defined in 'D:\Projects\Informatique.Alumni\src\Informatique.Alumni.Application\Events\ActivityReportingAppService.cs'. [D:\Projects\Informatique.Alumni\src\Informatique.Alumni.Application\Informatique.Alumni.Application.csproj]
D:\Projects\Informatique.Alumni\src\Informatique.Alumni.Application\AlumniAppService.cs(19,15): warning CS8618: Non-nullable property 'BaseAlumniProfileRepository' must contain a non-null value when exiting constructor. Consider adding the 'required' modifier or declaring the property as nullable. [D:\Projects\Informatique.Alumni\src\Informatique.Alumni.Application\Informatique.Alumni.Application.csproj]
D:\Projects\Informatique.Alumni\src\Informatique.Alumni.Application\Branches\BranchAppService.cs(41,16): warning CS8603: Possible null reference return. [D:\Projects\Informatique.Alumni\src\Informatique.Alumni.Application\Informatique.Alumni.Application.csproj]
D:\Projects\Informatique.Alumni\src\Informatique.Alumni.Application\Career\CareerAppService.cs(63,86): warning CS8603: Possible null reference return. [D:\Projects\Informatique.Alumni\src\Informatique.Alumni.Application\Informatique.Alumni.Application.csproj]
D:\Projects\Informatique.Alumni\src\Informatique.Alumni.Application\Career\CareerAppService.cs(63,106): warning CS8603: Possible null reference return. [D:\Projects\Informatique.Alumni\src\Informatique.Alumni.Application\Informatique.Alumni.Application.csproj]
D:\Projects\Informatique.Alumni\src\Informatique.Alumni.Application\Career\CareerAppService.cs(123,86): warning CS8603: Possible null reference return. [D:\Projects\Informatique.Alumni\src\Informatique.Alumni.Application\Informatique.Alumni.Application.csproj]
D:\Projects\Informatique.Alumni\src\Informatique.Alumni.Application\Career\CareerAppService.cs(123,106): warning CS8603: Possible null reference return. [D:\Projects\Informatique.Alumni\src\Informatique.Alumni.Application\Informatique.Alumni.Application.csproj]
D:\Projects\Informatique.Alumni\src\Informatique.Alumni.Application\Career\CareerAppService.cs(148,86): warning CS8603: Possible null reference return. [D:\Projects\Informatique.Alumni\src\Informatique.Alumni.Application\Informatique.Alumni.Application.csproj]
D:\Projects\Informatique.Alumni\src\Informatique.Alumni.Application\Career\CareerAppService.cs(148,106): warning CS8603: Possible null reference return. [D:\Projects\Informatique.Alumni\src\Informatique.Alumni.Application\Informatique.Alumni.Application.csproj]
D:\Projects\Informatique.Alumni\src\Informatique.Alumni.Application\Companies\CompanyAppService.cs(47,17): warning CS8602: Dereference of a possibly null reference. [D:\Projects\Informatique.Alumni\src\Informatique.Alumni.Application\Informatique.Alumni.Application.csproj]
D:\Projects\Informatique.Alumni\src\Informatique.Alumni.Application\Admin\BlogAdminAppService.cs(48,79): warning CS8629: Nullable value type may be null. [D:\Projects\Informatique.Alumni\src\Informatique.Alumni.Application\Informatique.Alumni.Application.csproj]
D:\Projects\Informatique.Alumni\src\Informatique.Alumni.Application\Directory\DirectoryAppService.cs(43,17): warning CS8602: Dereference of a possibly null reference. [D:\Projects\Informatique.Alumni\src\Informatique.Alumni.Application\Informatique.Alumni.Application.csproj]
D:\Projects\Informatique.Alumni\src\Informatique.Alumni.Application\Directory\DirectoryAppService.cs(44,17): warning CS8602: Dereference of a possibly null reference. [D:\Projects\Informatique.Alumni\src\Informatique.Alumni.Application\Informatique.Alumni.Application.csproj]
D:\Projects\Informatique.Alumni\src\Informatique.Alumni.Application\Gallery\GalleryAppService.cs(66,35): warning CS8603: Possible null reference return. [D:\Projects\Informatique.Alumni\src\Informatique.Alumni.Application\Informatique.Alumni.Application.csproj]
D:\Projects\Informatique.Alumni\src\Informatique.Alumni.Application\Gallery\GalleryAppService.cs(88,104): warning CS8604: Possible null reference argument for parameter 'sorting' in 'Task<List<GalleryAlbum>> IReadOnlyBasicRepository<GalleryAlbum>.GetPagedListAsync(int skipCount, int maxResultCount, string sorting, bool includeDetails = false, CancellationToken cancellationToken = default(CancellationToken))'. [D:\Projects\Informatique.Alumni\src\Informatique.Alumni.Application\Informatique.Alumni.Application.csproj]
D:\Projects\Informatique.Alumni\src\Informatique.Alumni.Application\EmploymentFair\CvReportingAppService.cs(72,19): warning CS8601: Possible null reference assignment. [D:\Projects\Informatique.Alumni\src\Informatique.Alumni.Application\Informatique.Alumni.Application.csproj]
D:\Projects\Informatique.Alumni\src\Informatique.Alumni.Application\EmploymentFair\CvReportingAppService.cs(74,23): warning CS8601: Possible null reference assignment. [D:\Projects\Informatique.Alumni\src\Informatique.Alumni.Application\Informatique.Alumni.Application.csproj]
D:\Projects\Informatique.Alumni\src\Informatique.Alumni.Application\Communications\GeneralMessageSenderJob.cs(61,39): warning CS8602: Dereference of a possibly null reference. [D:\Projects\Informatique.Alumni\src\Informatique.Alumni.Application\Informatique.Alumni.Application.csproj]
D:\Projects\Informatique.Alumni\src\Informatique.Alumni.Application\Communications\GeneralMessageSenderJob.cs(66,39): warning CS8602: Dereference of a possibly null reference. [D:\Projects\Informatique.Alumni\src\Informatique.Alumni.Application\Informatique.Alumni.Application.csproj]
D:\Projects\Informatique.Alumni\src\Informatique.Alumni.Application\Communications\GeneralMessageSenderJob.cs(71,39): warning CS8602: Dereference of a possibly null reference. [D:\Projects\Informatique.Alumni\src\Informatique.Alumni.Application\Informatique.Alumni.Application.csproj]
D:\Projects\Informatique.Alumni\src\Informatique.Alumni.Application\Communications\GeneralMessageSenderJob.cs(76,39): warning CS8602: Dereference of a possibly null reference. [D:\Projects\Informatique.Alumni\src\Informatique.Alumni.Application\Informatique.Alumni.Application.csproj]
D:\Projects\Informatique.Alumni\src\Informatique.Alumni.Application\Admin\GuidanceAdminAppService.cs(114,30): warning CS8601: Possible null reference assignment. [D:\Projects\Informatique.Alumni\src\Informatique.Alumni.Application\Informatique.Alumni.Application.csproj]
D:\Projects\Informatique.Alumni\src\Informatique.Alumni.Application\Admin\GuidanceAdminAppService.cs(117,31): warning CS8601: Possible null reference assignment. [D:\Projects\Informatique.Alumni\src\Informatique.Alumni.Application\Informatique.Alumni.Application.csproj]
D:\Projects\Informatique.Alumni\src\Informatique.Alumni.Application\Admin\GuidanceAdminAppService.cs(122,25): warning CS8601: Possible null reference assignment. [D:\Projects\Informatique.Alumni\src\Informatique.Alumni.Application\Informatique.Alumni.Application.csproj]
D:\Projects\Informatique.Alumni\src\Informatique.Alumni.Application\Health\MedicalPartnerAppService.cs(84,37): warning CS8603: Possible null reference return. [D:\Projects\Informatique.Alumni\src\Informatique.Alumni.Application\Informatique.Alumni.Application.csproj]
D:\Projects\Informatique.Alumni\src\Informatique.Alumni.Application\Infrastructure\Payment\MockPaymentGateway.cs(25,16): warning CS8619: Nullability of reference types in value of type 'Task<string>' doesn't match target type 'Task<string?>'. [D:\Projects\Informatique.Alumni\src\Informatique.Alumni.Application\Informatique.Alumni.Application.csproj]
D:\Projects\Informatique.Alumni\src\Informatique.Alumni.Application\Guidance\EventHandlers\AdvisingRequestStatusChangedEventHandler.cs(99,30): warning CS8600: Converting null literal or possible null value to non-nullable type. [D:\Projects\Informatique.Alumni\src\Informatique.Alumni.Application\Informatique.Alumni.Application.csproj]
D:\Projects\Informatique.Alumni\src\Informatique.Alumni.Application\Events\EventsAppService.cs(191,104): warning CS8603: Possible null reference return. [D:\Projects\Informatique.Alumni\src\Informatique.Alumni.Application\Informatique.Alumni.Application.csproj]
D:\Projects\Informatique.Alumni\src\Informatique.Alumni.Application\Certificates\CertificateRequestAppService.cs(197,80): warning CS8629: Nullable value type may be null. [D:\Projects\Informatique.Alumni\src\Informatique.Alumni.Application\Informatique.Alumni.Application.csproj]
D:\Projects\Informatique.Alumni\src\Informatique.Alumni.Application\Membership\MembershipAppService.cs(65,37): warning CS8603: Possible null reference return. [D:\Projects\Informatique.Alumni\src\Informatique.Alumni.Application\Informatique.Alumni.Application.csproj]
D:\Projects\Informatique.Alumni\src\Informatique.Alumni.Application\Membership\MembershipAppService.cs(73,37): warning CS8603: Possible null reference return. [D:\Projects\Informatique.Alumni\src\Informatique.Alumni.Application\Informatique.Alumni.Application.csproj]
D:\Projects\Informatique.Alumni\src\Informatique.Alumni.Application\Admin\AdminDashboardAppService.cs(190,60): warning CS8601: Possible null reference assignment. [D:\Projects\Informatique.Alumni\src\Informatique.Alumni.Application\Informatique.Alumni.Application.csproj]
D:\Projects\Informatique.Alumni\src\Informatique.Alumni.Application\Health\MedicalPartnerAppService.cs(108,25): warning CS8604: Possible null reference argument for parameter 'source' in 'IQueryable<MedicalPartnerDto> Queryable.AsQueryable<MedicalPartnerDto>(IEnumerable<MedicalPartnerDto> source)'. [D:\Projects\Informatique.Alumni\src\Informatique.Alumni.Application\Informatique.Alumni.Application.csproj]
D:\Projects\Informatique.Alumni\src\Informatique.Alumni.Application\Health\MedicalPartnerAppService.cs(156,9): warning CS8602: Dereference of a possibly null reference. [D:\Projects\Informatique.Alumni\src\Informatique.Alumni.Application\Informatique.Alumni.Application.csproj]
D:\Projects\Informatique.Alumni\src\Informatique.Alumni.Application\Health\MedicalPartnerAppService.cs(168,21): warning CS8602: Dereference of a possibly null reference. [D:\Projects\Informatique.Alumni\src\Informatique.Alumni.Application\Informatique.Alumni.Application.csproj]
D:\Projects\Informatique.Alumni\src\Informatique.Alumni.Application\Events\EventsAppService.cs(320,82): warning CS8629: Nullable value type may be null. [D:\Projects\Informatique.Alumni\src\Informatique.Alumni.Application\Informatique.Alumni.Application.csproj]
D:\Projects\Informatique.Alumni\src\Informatique.Alumni.Application\Events\EventsAppService.cs(321,78): warning CS8629: Nullable value type may be null. [D:\Projects\Informatique.Alumni\src\Informatique.Alumni.Application\Informatique.Alumni.Application.csproj]
D:\Projects\Informatique.Alumni\src\Informatique.Alumni.Application\Events\EventsAppService.cs(340,32): warning CS8601: Possible null reference assignment. [D:\Projects\Informatique.Alumni\src\Informatique.Alumni.Application\Informatique.Alumni.Application.csproj]
D:\Projects\Informatique.Alumni\src\Informatique.Alumni.Application\Events\EventsAppService.cs(341,30): warning CS8601: Possible null reference assignment. [D:\Projects\Informatique.Alumni\src\Informatique.Alumni.Application\Informatique.Alumni.Application.csproj]
D:\Projects\Informatique.Alumni\src\Informatique.Alumni.Application\Events\EventsAppService.cs(762,47): warning CS8604: Possible null reference argument for parameter 'value' in 'BusinessException BusinessException.WithData(string name, object value)'. [D:\Projects\Informatique.Alumni\src\Informatique.Alumni.Application\Informatique.Alumni.Application.csproj]
D:\Projects\Informatique.Alumni\src\Informatique.Alumni.Application\Admin\BlogAdminAppService.cs(86,13): error CS1503: Argument 1: cannot convert from 'int' to 'System.Linq.Expressions.Expression<System.Func<Informatique.Alumni.Magazine.ArticleCategory, bool>>' [D:\Projects\Informatique.Alumni\src\Informatique.Alumni.Application\Informatique.Alumni.Application.csproj]
D:\Projects\Informatique.Alumni\src\Informatique.Alumni.Application\Admin\BlogAdminAppService.cs(87,13): error CS1503: Argument 2: cannot convert from 'int' to 'bool' [D:\Projects\Informatique.Alumni\src\Informatique.Alumni.Application\Informatique.Alumni.Application.csproj]
D:\Projects\Informatique.Alumni\src\Informatique.Alumni.Application\Admin\BlogAdminAppService.cs(88,13): error CS1503: Argument 3: cannot convert from 'string' to 'System.Threading.CancellationToken' [D:\Projects\Informatique.Alumni\src\Informatique.Alumni.Application\Informatique.Alumni.Application.csproj]
    180 Warning(s)
    3 Error(s)

Time Elapsed 00:00:04.68
