  Determining projects to restore...
D:\Projects\Informatique.Alumni\src\Informatique.Alumni.HttpApi.Host\Informatique.Alumni.HttpApi.Host.csproj : warning NU1504: Duplicate 'PackageReference' items found. Remove the duplicate items or use the Update functionality to ensure a consistent restore behavior. The duplicate 'PackageReference' items are: Microsoft.EntityFrameworkCore.InMemory 10.0.0, Microsoft.EntityFrameworkCore.InMemory 10.0.0.
  All projects are up-to-date for restore.
D:\Projects\Informatique.Alumni\src\Informatique.Alumni.HttpApi.Host\Informatique.Alumni.HttpApi.Host.csproj : warning NU1504: Duplicate 'PackageReference' items found. Remove the duplicate items or use the Update functionality to ensure a consistent restore behavior. The duplicate 'PackageReference' items are: Microsoft.EntityFrameworkCore.InMemory 10.0.0, Microsoft.EntityFrameworkCore.InMemory 10.0.0.
  Informatique.Alumni.Domain.Shared -> D:\Projects\Informatique.Alumni\src\Informatique.Alumni.Domain.Shared\bin\Debug\net10.0\Informatique.Alumni.Domain.Shared.dll
  Informatique.Alumni.TestBase -> D:\Projects\Informatique.Alumni\test\Informatique.Alumni.TestBase\bin\Debug\net10.0\Informatique.Alumni.TestBase.dll
  Informatique.Alumni.Domain -> D:\Projects\Informatique.Alumni\src\Informatique.Alumni.Domain\bin\Debug\net10.0\Informatique.Alumni.Domain.dll
  Informatique.Alumni.EntityFrameworkCore -> D:\Projects\Informatique.Alumni\src\Informatique.Alumni.EntityFrameworkCore\bin\Debug\net10.0\Informatique.Alumni.EntityFrameworkCore.dll
  Informatique.Alumni.Domain.Tests -> D:\Projects\Informatique.Alumni\test\Informatique.Alumni.Domain.Tests\bin\Debug\net10.0\Informatique.Alumni.Domain.Tests.dll
  Informatique.Alumni.Application.Contracts -> D:\Projects\Informatique.Alumni\src\Informatique.Alumni.Application.Contracts\bin\Debug\net10.0\Informatique.Alumni.Application.Contracts.dll
  Informatique.Alumni.HttpApi.Client -> D:\Projects\Informatique.Alumni\src\Informatique.Alumni.HttpApi.Client\bin\Debug\net10.0\Informatique.Alumni.HttpApi.Client.dll
  Informatique.Alumni.HttpApi -> D:\Projects\Informatique.Alumni\src\Informatique.Alumni.HttpApi\bin\Debug\net10.0\Informatique.Alumni.HttpApi.dll
  Informatique.Alumni.HttpApi.Client.ConsoleTestApp -> D:\Projects\Informatique.Alumni\test\Informatique.Alumni.HttpApi.Client.ConsoleTestApp\bin\Debug\net10.0\Informatique.Alumni.HttpApi.Client.ConsoleTestApp.dll
  Informatique.Alumni.DbMigrator -> D:\Projects\Informatique.Alumni\src\Informatique.Alumni.DbMigrator\bin\Debug\net10.0\Informatique.Alumni.DbMigrator.dll
D:\Projects\Informatique.Alumni\src\Informatique.Alumni.Application\AlumniApplicationMappers.cs(32,5): warning RMG012: The member CertificateDefinitionName on the mapping target type Informatique.Alumni.Certificates.CertificateRequestDto was not found on the mapping source type Informatique.Alumni.Certificates.CertificateRequest [D:\Projects\Informatique.Alumni\src\Informatique.Alumni.Application\Informatique.Alumni.Application.csproj]
D:\Projects\Informatique.Alumni\src\Informatique.Alumni.Application\AlumniApplicationMappers.cs(39,5): warning RMG012: The member SubscriptionFeeName on the mapping target type Informatique.Alumni.Membership.AssociationRequestDto was not found on the mapping source type Informatique.Alumni.Membership.AssociationRequest [D:\Projects\Informatique.Alumni\src\Informatique.Alumni.Application\Informatique.Alumni.Application.csproj]
D:\Projects\Informatique.Alumni\src\Informatique.Alumni.Application\AlumniApplicationMappers.cs(46,5): warning RMG012: The member ShowInDirectory on the mapping target type Informatique.Alumni.Profiles.AlumniProfile was not found on the mapping source type Informatique.Alumni.Profiles.UpdateAlumniProfileDto [D:\Projects\Informatique.Alumni\src\Informatique.Alumni.Application\Informatique.Alumni.Application.csproj]
D:\Projects\Informatique.Alumni\src\Informatique.Alumni.Application\AlumniApplicationMappers.cs(46,5): warning RMG012: The member IsDeleted on the mapping target type Informatique.Alumni.Profiles.AlumniProfile was not found on the mapping source type Informatique.Alumni.Profiles.UpdateAlumniProfileDto [D:\Projects\Informatique.Alumni\src\Informatique.Alumni.Application\Informatique.Alumni.Application.csproj]
D:\Projects\Informatique.Alumni\src\Informatique.Alumni.Application\AlumniApplicationMappers.cs(46,5): warning RMG012: The member DeleterId on the mapping target type Informatique.Alumni.Profiles.AlumniProfile was not found on the mapping source type Informatique.Alumni.Profiles.UpdateAlumniProfileDto [D:\Projects\Informatique.Alumni\src\Informatique.Alumni.Application\Informatique.Alumni.Application.csproj]
D:\Projects\Informatique.Alumni\src\Informatique.Alumni.Application\AlumniApplicationMappers.cs(46,5): warning RMG012: The member DeletionTime on the mapping target type Informatique.Alumni.Profiles.AlumniProfile was not found on the mapping source type Informatique.Alumni.Profiles.UpdateAlumniProfileDto [D:\Projects\Informatique.Alumni\src\Informatique.Alumni.Application\Informatique.Alumni.Application.csproj]
D:\Projects\Informatique.Alumni\src\Informatique.Alumni.Application\AlumniApplicationMappers.cs(46,5): warning RMG012: The member LastModificationTime on the mapping target type Informatique.Alumni.Profiles.AlumniProfile was not found on the mapping source type Informatique.Alumni.Profiles.UpdateAlumniProfileDto [D:\Projects\Informatique.Alumni\src\Informatique.Alumni.Application\Informatique.Alumni.Application.csproj]
D:\Projects\Informatique.Alumni\src\Informatique.Alumni.Application\AlumniApplicationMappers.cs(46,5): warning RMG012: The member LastModifierId on the mapping target type Informatique.Alumni.Profiles.AlumniProfile was not found on the mapping source type Informatique.Alumni.Profiles.UpdateAlumniProfileDto [D:\Projects\Informatique.Alumni\src\Informatique.Alumni.Application\Informatique.Alumni.Application.csproj]
D:\Projects\Informatique.Alumni\src\Informatique.Alumni.Application\AlumniApplicationMappers.cs(46,5): warning RMG012: The member CreationTime on the mapping target type Informatique.Alumni.Profiles.AlumniProfile was not found on the mapping source type Informatique.Alumni.Profiles.UpdateAlumniProfileDto [D:\Projects\Informatique.Alumni\src\Informatique.Alumni.Application\Informatique.Alumni.Application.csproj]
D:\Projects\Informatique.Alumni\src\Informatique.Alumni.Application\AlumniApplicationMappers.cs(46,5): warning RMG012: The member CreatorId on the mapping target type Informatique.Alumni.Profiles.AlumniProfile was not found on the mapping source type Informatique.Alumni.Profiles.UpdateAlumniProfileDto [D:\Projects\Informatique.Alumni\src\Informatique.Alumni.Application\Informatique.Alumni.Application.csproj]
D:\Projects\Informatique.Alumni\src\Informatique.Alumni.Application\AlumniApplicationMappers.cs(46,5): warning RMG012: The member ConcurrencyStamp on the mapping target type Informatique.Alumni.Profiles.AlumniProfile was not found on the mapping source type Informatique.Alumni.Profiles.UpdateAlumniProfileDto [D:\Projects\Informatique.Alumni\src\Informatique.Alumni.Application\Informatique.Alumni.Application.csproj]
D:\Projects\Informatique.Alumni\src\Informatique.Alumni.Application\AlumniApplicationMappers.cs(65,5): warning RMG012: The member IsActive on the mapping target type Informatique.Alumni.Health.MedicalPartner was not found on the mapping source type Informatique.Alumni.Health.CreateUpdateMedicalPartnerDto [D:\Projects\Informatique.Alumni\src\Informatique.Alumni.Application\Informatique.Alumni.Application.csproj]
D:\Projects\Informatique.Alumni\src\Informatique.Alumni.Application\AlumniApplicationMappers.cs(65,5): warning RMG012: The member IsDeleted on the mapping target type Informatique.Alumni.Health.MedicalPartner was not found on the mapping source type Informatique.Alumni.Health.CreateUpdateMedicalPartnerDto [D:\Projects\Informatique.Alumni\src\Informatique.Alumni.Application\Informatique.Alumni.Application.csproj]
D:\Projects\Informatique.Alumni\src\Informatique.Alumni.Application\AlumniApplicationMappers.cs(65,5): warning RMG012: The member DeleterId on the mapping target type Informatique.Alumni.Health.MedicalPartner was not found on the mapping source type Informatique.Alumni.Health.CreateUpdateMedicalPartnerDto [D:\Projects\Informatique.Alumni\src\Informatique.Alumni.Application\Informatique.Alumni.Application.csproj]
D:\Projects\Informatique.Alumni\src\Informatique.Alumni.Application\AlumniApplicationMappers.cs(65,5): warning RMG012: The member DeletionTime on the mapping target type Informatique.Alumni.Health.MedicalPartner was not found on the mapping source type Informatique.Alumni.Health.CreateUpdateMedicalPartnerDto [D:\Projects\Informatique.Alumni\src\Informatique.Alumni.Application\Informatique.Alumni.Application.csproj]
D:\Projects\Informatique.Alumni\src\Informatique.Alumni.Application\AlumniApplicationMappers.cs(65,5): warning RMG012: The member LastModificationTime on the mapping target type Informatique.Alumni.Health.MedicalPartner was not found on the mapping source type Informatique.Alumni.Health.CreateUpdateMedicalPartnerDto [D:\Projects\Informatique.Alumni\src\Informatique.Alumni.Application\Informatique.Alumni.Application.csproj]
D:\Projects\Informatique.Alumni\src\Informatique.Alumni.Application\AlumniApplicationMappers.cs(65,5): warning RMG012: The member LastModifierId on the mapping target type Informatique.Alumni.Health.MedicalPartner was not found on the mapping source type Informatique.Alumni.Health.CreateUpdateMedicalPartnerDto [D:\Projects\Informatique.Alumni\src\Informatique.Alumni.Application\Informatique.Alumni.Application.csproj]
D:\Projects\Informatique.Alumni\src\Informatique.Alumni.Application\AlumniApplicationMappers.cs(65,5): warning RMG012: The member CreationTime on the mapping target type Informatique.Alumni.Health.MedicalPartner was not found on the mapping source type Informatique.Alumni.Health.CreateUpdateMedicalPartnerDto [D:\Projects\Informatique.Alumni\src\Informatique.Alumni.Application\Informatique.Alumni.Application.csproj]
D:\Projects\Informatique.Alumni\src\Informatique.Alumni.Application\AlumniApplicationMappers.cs(65,5): warning RMG012: The member CreatorId on the mapping target type Informatique.Alumni.Health.MedicalPartner was not found on the mapping source type Informatique.Alumni.Health.CreateUpdateMedicalPartnerDto [D:\Projects\Informatique.Alumni\src\Informatique.Alumni.Application\Informatique.Alumni.Application.csproj]
D:\Projects\Informatique.Alumni\src\Informatique.Alumni.Application\AlumniApplicationMappers.cs(65,5): warning RMG012: The member ConcurrencyStamp on the mapping target type Informatique.Alumni.Health.MedicalPartner was not found on the mapping source type Informatique.Alumni.Health.CreateUpdateMedicalPartnerDto [D:\Projects\Informatique.Alumni\src\Informatique.Alumni.Application\Informatique.Alumni.Application.csproj]
D:\Projects\Informatique.Alumni\src\Informatique.Alumni.Application\AlumniApplicationMappers.cs(66,5): warning RMG012: The member IsActive on the mapping target type Informatique.Alumni.Health.MedicalOffer was not found on the mapping source type Informatique.Alumni.Health.CreateUpdateMedicalOfferDto [D:\Projects\Informatique.Alumni\src\Informatique.Alumni.Application\Informatique.Alumni.Application.csproj]
D:\Projects\Informatique.Alumni\src\Informatique.Alumni.Application\AlumniApplicationMappers.cs(66,5): warning RMG012: The member IsDeleted on the mapping target type Informatique.Alumni.Health.MedicalOffer was not found on the mapping source type Informatique.Alumni.Health.CreateUpdateMedicalOfferDto [D:\Projects\Informatique.Alumni\src\Informatique.Alumni.Application\Informatique.Alumni.Application.csproj]
D:\Projects\Informatique.Alumni\src\Informatique.Alumni.Application\AlumniApplicationMappers.cs(66,5): warning RMG012: The member DeleterId on the mapping target type Informatique.Alumni.Health.MedicalOffer was not found on the mapping source type Informatique.Alumni.Health.CreateUpdateMedicalOfferDto [D:\Projects\Informatique.Alumni\src\Informatique.Alumni.Application\Informatique.Alumni.Application.csproj]
D:\Projects\Informatique.Alumni\src\Informatique.Alumni.Application\AlumniApplicationMappers.cs(66,5): warning RMG012: The member DeletionTime on the mapping target type Informatique.Alumni.Health.MedicalOffer was not found on the mapping source type Informatique.Alumni.Health.CreateUpdateMedicalOfferDto [D:\Projects\Informatique.Alumni\src\Informatique.Alumni.Application\Informatique.Alumni.Application.csproj]
D:\Projects\Informatique.Alumni\src\Informatique.Alumni.Application\AlumniApplicationMappers.cs(66,5): warning RMG012: The member LastModificationTime on the mapping target type Informatique.Alumni.Health.MedicalOffer was not found on the mapping source type Informatique.Alumni.Health.CreateUpdateMedicalOfferDto [D:\Projects\Informatique.Alumni\src\Informatique.Alumni.Application\Informatique.Alumni.Application.csproj]
D:\Projects\Informatique.Alumni\src\Informatique.Alumni.Application\AlumniApplicationMappers.cs(66,5): warning RMG012: The member LastModifierId on the mapping target type Informatique.Alumni.Health.MedicalOffer was not found on the mapping source type Informatique.Alumni.Health.CreateUpdateMedicalOfferDto [D:\Projects\Informatique.Alumni\src\Informatique.Alumni.Application\Informatique.Alumni.Application.csproj]
D:\Projects\Informatique.Alumni\src\Informatique.Alumni.Application\AlumniApplicationMappers.cs(88,5): warning RMG012: The member IsDeleted on the mapping target type Informatique.Alumni.Benefits.AcademicGrant was not found on the mapping source type Informatique.Alumni.Benefits.CreateUpdateAcademicGrantDto [D:\Projects\Informatique.Alumni\src\Informatique.Alumni.Application\Informatique.Alumni.Application.csproj]
D:\Projects\Informatique.Alumni\src\Informatique.Alumni.Application\AlumniApplicationMappers.cs(88,5): warning RMG012: The member DeleterId on the mapping target type Informatique.Alumni.Benefits.AcademicGrant was not found on the mapping source type Informatique.Alumni.Benefits.CreateUpdateAcademicGrantDto [D:\Projects\Informatique.Alumni\src\Informatique.Alumni.Application\Informatique.Alumni.Application.csproj]
D:\Projects\Informatique.Alumni\src\Informatique.Alumni.Application\AlumniApplicationMappers.cs(88,5): warning RMG012: The member DeletionTime on the mapping target type Informatique.Alumni.Benefits.AcademicGrant was not found on the mapping source type Informatique.Alumni.Benefits.CreateUpdateAcademicGrantDto [D:\Projects\Informatique.Alumni\src\Informatique.Alumni.Application\Informatique.Alumni.Application.csproj]
D:\Projects\Informatique.Alumni\src\Informatique.Alumni.Application\AlumniApplicationMappers.cs(88,5): warning RMG012: The member LastModificationTime on the mapping target type Informatique.Alumni.Benefits.AcademicGrant was not found on the mapping source type Informatique.Alumni.Benefits.CreateUpdateAcademicGrantDto [D:\Projects\Informatique.Alumni\src\Informatique.Alumni.Application\Informatique.Alumni.Application.csproj]
D:\Projects\Informatique.Alumni\src\Informatique.Alumni.Application\AlumniApplicationMappers.cs(88,5): warning RMG012: The member LastModifierId on the mapping target type Informatique.Alumni.Benefits.AcademicGrant was not found on the mapping source type Informatique.Alumni.Benefits.CreateUpdateAcademicGrantDto [D:\Projects\Informatique.Alumni\src\Informatique.Alumni.Application\Informatique.Alumni.Application.csproj]
D:\Projects\Informatique.Alumni\src\Informatique.Alumni.Application\AlumniApplicationMappers.cs(88,5): warning RMG012: The member CreationTime on the mapping target type Informatique.Alumni.Benefits.AcademicGrant was not found on the mapping source type Informatique.Alumni.Benefits.CreateUpdateAcademicGrantDto [D:\Projects\Informatique.Alumni\src\Informatique.Alumni.Application\Informatique.Alumni.Application.csproj]
D:\Projects\Informatique.Alumni\src\Informatique.Alumni.Application\AlumniApplicationMappers.cs(88,5): warning RMG012: The member CreatorId on the mapping target type Informatique.Alumni.Benefits.AcademicGrant was not found on the mapping source type Informatique.Alumni.Benefits.CreateUpdateAcademicGrantDto [D:\Projects\Informatique.Alumni\src\Informatique.Alumni.Application\Informatique.Alumni.Application.csproj]
D:\Projects\Informatique.Alumni\src\Informatique.Alumni.Application\AlumniApplicationMappers.cs(88,5): warning RMG012: The member ConcurrencyStamp on the mapping target type Informatique.Alumni.Benefits.AcademicGrant was not found on the mapping source type Informatique.Alumni.Benefits.CreateUpdateAcademicGrantDto [D:\Projects\Informatique.Alumni\src\Informatique.Alumni.Application\Informatique.Alumni.Application.csproj]
D:\Projects\Informatique.Alumni\src\Informatique.Alumni.Application\AlumniApplicationMappers.cs(92,5): warning RMG012: The member IsDeleted on the mapping target type Informatique.Alumni.Benefits.CommercialDiscount was not found on the mapping source type Informatique.Alumni.Benefits.CreateUpdateCommercialDiscountDto [D:\Projects\Informatique.Alumni\src\Informatique.Alumni.Application\Informatique.Alumni.Application.csproj]
D:\Projects\Informatique.Alumni\src\Informatique.Alumni.Application\AlumniApplicationMappers.cs(92,5): warning RMG012: The member DeleterId on the mapping target type Informatique.Alumni.Benefits.CommercialDiscount was not found on the mapping source type Informatique.Alumni.Benefits.CreateUpdateCommercialDiscountDto [D:\Projects\Informatique.Alumni\src\Informatique.Alumni.Application\Informatique.Alumni.Application.csproj]
D:\Projects\Informatique.Alumni\src\Informatique.Alumni.Application\AlumniApplicationMappers.cs(92,5): warning RMG012: The member DeletionTime on the mapping target type Informatique.Alumni.Benefits.CommercialDiscount was not found on the mapping source type Informatique.Alumni.Benefits.CreateUpdateCommercialDiscountDto [D:\Projects\Informatique.Alumni\src\Informatique.Alumni.Application\Informatique.Alumni.Application.csproj]
D:\Projects\Informatique.Alumni\src\Informatique.Alumni.Application\AlumniApplicationMappers.cs(92,5): warning RMG012: The member LastModificationTime on the mapping target type Informatique.Alumni.Benefits.CommercialDiscount was not found on the mapping source type Informatique.Alumni.Benefits.CreateUpdateCommercialDiscountDto [D:\Projects\Informatique.Alumni\src\Informatique.Alumni.Application\Informatique.Alumni.Application.csproj]
D:\Projects\Informatique.Alumni\src\Informatique.Alumni.Application\AlumniApplicationMappers.cs(92,5): warning RMG012: The member LastModifierId on the mapping target type Informatique.Alumni.Benefits.CommercialDiscount was not found on the mapping source type Informatique.Alumni.Benefits.CreateUpdateCommercialDiscountDto [D:\Projects\Informatique.Alumni\src\Informatique.Alumni.Application\Informatique.Alumni.Application.csproj]
D:\Projects\Informatique.Alumni\src\Informatique.Alumni.Application\AlumniApplicationMappers.cs(92,5): warning RMG012: The member CreationTime on the mapping target type Informatique.Alumni.Benefits.CommercialDiscount was not found on the mapping source type Informatique.Alumni.Benefits.CreateUpdateCommercialDiscountDto [D:\Projects\Informatique.Alumni\src\Informatique.Alumni.Application\Informatique.Alumni.Application.csproj]
D:\Projects\Informatique.Alumni\src\Informatique.Alumni.Application\AlumniApplicationMappers.cs(92,5): warning RMG012: The member CreatorId on the mapping target type Informatique.Alumni.Benefits.CommercialDiscount was not found on the mapping source type Informatique.Alumni.Benefits.CreateUpdateCommercialDiscountDto [D:\Projects\Informatique.Alumni\src\Informatique.Alumni.Application\Informatique.Alumni.Application.csproj]
D:\Projects\Informatique.Alumni\src\Informatique.Alumni.Application\AlumniApplicationMappers.cs(92,5): warning RMG012: The member ConcurrencyStamp on the mapping target type Informatique.Alumni.Benefits.CommercialDiscount was not found on the mapping source type Informatique.Alumni.Benefits.CreateUpdateCommercialDiscountDto [D:\Projects\Informatique.Alumni\src\Informatique.Alumni.Application\Informatique.Alumni.Application.csproj]
D:\Projects\Informatique.Alumni\src\Informatique.Alumni.Application\AlumniApplicationMappers.cs(96,5): warning RMG012: The member SubscribedCount on the mapping target type Informatique.Alumni.Career.CareerActivity was not found on the mapping source type Informatique.Alumni.Career.CreateUpdateCareerActivityDto [D:\Projects\Informatique.Alumni\src\Informatique.Alumni.Application\Informatique.Alumni.Application.csproj]
D:\Projects\Informatique.Alumni\src\Informatique.Alumni.Application\AlumniApplicationMappers.cs(96,5): warning RMG012: The member ConcurrencyStamp on the mapping target type Informatique.Alumni.Career.CareerActivity was not found on the mapping source type Informatique.Alumni.Career.CreateUpdateCareerActivityDto [D:\Projects\Informatique.Alumni\src\Informatique.Alumni.Application\Informatique.Alumni.Application.csproj]
D:\Projects\Informatique.Alumni\src\Informatique.Alumni.Application\AlumniApplicationMappers.cs(96,5): warning RMG012: The member IsDeleted on the mapping target type Informatique.Alumni.Career.CareerActivity was not found on the mapping source type Informatique.Alumni.Career.CreateUpdateCareerActivityDto [D:\Projects\Informatique.Alumni\src\Informatique.Alumni.Application\Informatique.Alumni.Application.csproj]
D:\Projects\Informatique.Alumni\src\Informatique.Alumni.Application\AlumniApplicationMappers.cs(96,5): warning RMG012: The member DeleterId on the mapping target type Informatique.Alumni.Career.CareerActivity was not found on the mapping source type Informatique.Alumni.Career.CreateUpdateCareerActivityDto [D:\Projects\Informatique.Alumni\src\Informatique.Alumni.Application\Informatique.Alumni.Application.csproj]
D:\Projects\Informatique.Alumni\src\Informatique.Alumni.Application\AlumniApplicationMappers.cs(96,5): warning RMG012: The member DeletionTime on the mapping target type Informatique.Alumni.Career.CareerActivity was not found on the mapping source type Informatique.Alumni.Career.CreateUpdateCareerActivityDto [D:\Projects\Informatique.Alumni\src\Informatique.Alumni.Application\Informatique.Alumni.Application.csproj]
D:\Projects\Informatique.Alumni\src\Informatique.Alumni.Application\AlumniApplicationMappers.cs(96,5): warning RMG012: The member LastModificationTime on the mapping target type Informatique.Alumni.Career.CareerActivity was not found on the mapping source type Informatique.Alumni.Career.CreateUpdateCareerActivityDto [D:\Projects\Informatique.Alumni\src\Informatique.Alumni.Application\Informatique.Alumni.Application.csproj]
D:\Projects\Informatique.Alumni\src\Informatique.Alumni.Application\AlumniApplicationMappers.cs(96,5): warning RMG012: The member LastModifierId on the mapping target type Informatique.Alumni.Career.CareerActivity was not found on the mapping source type Informatique.Alumni.Career.CreateUpdateCareerActivityDto [D:\Projects\Informatique.Alumni\src\Informatique.Alumni.Application\Informatique.Alumni.Application.csproj]
D:\Projects\Informatique.Alumni\src\Informatique.Alumni.Application\AlumniApplicationMappers.cs(96,5): warning RMG012: The member CreationTime on the mapping target type Informatique.Alumni.Career.CareerActivity was not found on the mapping source type Informatique.Alumni.Career.CreateUpdateCareerActivityDto [D:\Projects\Informatique.Alumni\src\Informatique.Alumni.Application\Informatique.Alumni.Application.csproj]
D:\Projects\Informatique.Alumni\src\Informatique.Alumni.Application\AlumniApplicationMappers.cs(96,5): warning RMG012: The member CreatorId on the mapping target type Informatique.Alumni.Career.CareerActivity was not found on the mapping source type Informatique.Alumni.Career.CreateUpdateCareerActivityDto [D:\Projects\Informatique.Alumni\src\Informatique.Alumni.Application\Informatique.Alumni.Application.csproj]
D:\Projects\Informatique.Alumni\src\Informatique.Alumni.Application\AlumniApplicationMappers.cs(114,5): warning RMG012: The member QrCodeUrl on the mapping target type Informatique.Alumni.Events.AlumniEventRegistrationDto was not found on the mapping source type Informatique.Alumni.Events.AlumniEventRegistration [D:\Projects\Informatique.Alumni\src\Informatique.Alumni.Application\Informatique.Alumni.Application.csproj]
D:\Projects\Informatique.Alumni\src\Informatique.Alumni.Application\AlumniApplicationMappers.cs(119,5): warning RMG012: The member ConcurrencyStamp on the mapping target type Informatique.Alumni.Events.Company was not found on the mapping source type Informatique.Alumni.Events.CompanyDto [D:\Projects\Informatique.Alumni\src\Informatique.Alumni.Application\Informatique.Alumni.Application.csproj]
D:\Projects\Informatique.Alumni\src\Informatique.Alumni.Application\AlumniApplicationMappers.cs(124,5): warning RMG012: The member ConcurrencyStamp on the mapping target type Informatique.Alumni.Career.CurriculumVitae was not found on the mapping source type Informatique.Alumni.Career.CurriculumVitaeDto [D:\Projects\Informatique.Alumni\src\Informatique.Alumni.Application\Informatique.Alumni.Application.csproj]
D:\Projects\Informatique.Alumni\src\Informatique.Alumni.Application\AlumniApplicationMappers.cs(124,5): warning RMG012: The member CurriculumVitaeId on the mapping target type Informatique.Alumni.Career.CvEducation was not found on the mapping source type Informatique.Alumni.Career.CvEducationDto [D:\Projects\Informatique.Alumni\src\Informatique.Alumni.Application\Informatique.Alumni.Application.csproj]
D:\Projects\Informatique.Alumni\src\Informatique.Alumni.Application\AlumniApplicationMappers.cs(124,5): warning RMG012: The member CurriculumVitaeId on the mapping target type Informatique.Alumni.Career.CvExperience was not found on the mapping source type Informatique.Alumni.Career.CvExperienceDto [D:\Projects\Informatique.Alumni\src\Informatique.Alumni.Application\Informatique.Alumni.Application.csproj]
D:\Projects\Informatique.Alumni\src\Informatique.Alumni.Application\AlumniApplicationMappers.cs(124,5): warning RMG012: The member CurriculumVitaeId on the mapping target type Informatique.Alumni.Career.CvSkill was not found on the mapping source type Informatique.Alumni.Career.CvSkillDto [D:\Projects\Informatique.Alumni\src\Informatique.Alumni.Application\Informatique.Alumni.Application.csproj]
D:\Projects\Informatique.Alumni\src\Informatique.Alumni.Application\AlumniApplicationMappers.cs(124,5): warning RMG012: The member CurriculumVitaeId on the mapping target type Informatique.Alumni.Career.CvLanguage was not found on the mapping source type Informatique.Alumni.Career.CvLanguageDto [D:\Projects\Informatique.Alumni\src\Informatique.Alumni.Application\Informatique.Alumni.Application.csproj]
D:\Projects\Informatique.Alumni\src\Informatique.Alumni.Application\AlumniApplicationMappers.cs(124,5): warning RMG012: The member CurriculumVitaeId on the mapping target type Informatique.Alumni.Career.CvCertification was not found on the mapping source type Informatique.Alumni.Career.CvCertificationDto [D:\Projects\Informatique.Alumni\src\Informatique.Alumni.Application\Informatique.Alumni.Application.csproj]
D:\Projects\Informatique.Alumni\src\Informatique.Alumni.Application\AlumniApplicationMappers.cs(124,5): warning RMG012: The member CurriculumVitaeId on the mapping target type Informatique.Alumni.Career.CvProject was not found on the mapping source type Informatique.Alumni.Career.CvProjectDto [D:\Projects\Informatique.Alumni\src\Informatique.Alumni.Application\Informatique.Alumni.Application.csproj]
D:\Projects\Informatique.Alumni\src\Informatique.Alumni.Application\AlumniApplicationMappers.cs(124,5): warning RMG012: The member CurriculumVitaeId on the mapping target type Informatique.Alumni.Career.CvAward was not found on the mapping source type Informatique.Alumni.Career.CvAwardDto [D:\Projects\Informatique.Alumni\src\Informatique.Alumni.Application\Informatique.Alumni.Application.csproj]
D:\Projects\Informatique.Alumni\src\Informatique.Alumni.Application\AlumniApplicationMappers.cs(124,5): warning RMG012: The member CurriculumVitaeId on the mapping target type Informatique.Alumni.Career.CvVolunteerWork was not found on the mapping source type Informatique.Alumni.Career.CvVolunteerWorkDto [D:\Projects\Informatique.Alumni\src\Informatique.Alumni.Application\Informatique.Alumni.Application.csproj]
D:\Projects\Informatique.Alumni\src\Informatique.Alumni.Application\AlumniApplicationMappers.cs(124,5): warning RMG012: The member CurriculumVitaeId on the mapping target type Informatique.Alumni.Career.CvReference was not found on the mapping source type Informatique.Alumni.Career.CvReferenceDto [D:\Projects\Informatique.Alumni\src\Informatique.Alumni.Application\Informatique.Alumni.Application.csproj]
D:\Projects\Informatique.Alumni\src\Informatique.Alumni.Application\AlumniApplicationMappers.cs(124,5): warning RMG012: The member CurriculumVitaeId on the mapping target type Informatique.Alumni.Career.CvPublication was not found on the mapping source type Informatique.Alumni.Career.CvPublicationDto [D:\Projects\Informatique.Alumni\src\Informatique.Alumni.Application\Informatique.Alumni.Application.csproj]
D:\Projects\Informatique.Alumni\src\Informatique.Alumni.Application\AlumniApplicationMappers.cs(124,5): warning RMG012: The member CurriculumVitaeId on the mapping target type Informatique.Alumni.Career.CvInterest was not found on the mapping source type Informatique.Alumni.Career.CvInterestDto [D:\Projects\Informatique.Alumni\src\Informatique.Alumni.Application\Informatique.Alumni.Application.csproj]
D:\Projects\Informatique.Alumni\src\Informatique.Alumni.Application\AlumniApplicationMappers.cs(124,5): warning RMG012: The member CurriculumVitaeId on the mapping target type Informatique.Alumni.Career.CvSocialLink was not found on the mapping source type Informatique.Alumni.Career.CvSocialLinkDto [D:\Projects\Informatique.Alumni\src\Informatique.Alumni.Application\Informatique.Alumni.Application.csproj]
D:\Projects\Informatique.Alumni\src\Informatique.Alumni.Application\AlumniApplicationMappers.cs(124,5): warning RMG012: The member CurriculumVitaeId on the mapping target type Informatique.Alumni.Career.CvCourse was not found on the mapping source type Informatique.Alumni.Career.CvCourseDto [D:\Projects\Informatique.Alumni\src\Informatique.Alumni.Application\Informatique.Alumni.Application.csproj]
D:\Projects\Informatique.Alumni\src\Informatique.Alumni.Application\AlumniApplicationMappers.cs(124,5): warning RMG012: The member CurriculumVitaeId on the mapping target type Informatique.Alumni.Career.CvPracticalTraining was not found on the mapping source type Informatique.Alumni.Career.CvPracticalTrainingDto [D:\Projects\Informatique.Alumni\src\Informatique.Alumni.Application\Informatique.Alumni.Application.csproj]
D:\Projects\Informatique.Alumni\src\Informatique.Alumni.Application\Branches\BranchAppService.cs(18,56): warning CS8765: Nullability of type of parameter 'value' doesn't match overridden member (possibly because of nullability attributes). [D:\Projects\Informatique.Alumni\src\Informatique.Alumni.Application\Informatique.Alumni.Application.csproj]
D:\Projects\Informatique.Alumni\src\Informatique.Alumni.Application\Branches\BranchAppService.cs(19,52): warning CS8765: Nullability of type of parameter 'value' doesn't match overridden member (possibly because of nullability attributes). [D:\Projects\Informatique.Alumni\src\Informatique.Alumni.Application\Informatique.Alumni.Application.csproj]
D:\Projects\Informatique.Alumni\src\Informatique.Alumni.Application\Branches\BranchAppService.cs(20,55): warning CS8765: Nullability of type of parameter 'value' doesn't match overridden member (possibly because of nullability attributes). [D:\Projects\Informatique.Alumni\src\Informatique.Alumni.Application\Informatique.Alumni.Application.csproj]
D:\Projects\Informatique.Alumni\src\Informatique.Alumni.Application\Branches\BranchAppService.cs(21,55): warning CS8765: Nullability of type of parameter 'value' doesn't match overridden member (possibly because of nullability attributes). [D:\Projects\Informatique.Alumni\src\Informatique.Alumni.Application\Informatique.Alumni.Application.csproj]
D:\Projects\Informatique.Alumni\src\Informatique.Alumni.Application\Branches\BranchAppService.cs(22,55): warning CS8765: Nullability of type of parameter 'value' doesn't match overridden member (possibly because of nullability attributes). [D:\Projects\Informatique.Alumni\src\Informatique.Alumni.Application\Informatique.Alumni.Application.csproj]
D:\Projects\Informatique.Alumni\src\Informatique.Alumni.Application\Branches\BranchAppService.cs(36,16): warning CS8603: Possible null reference return. [D:\Projects\Informatique.Alumni\src\Informatique.Alumni.Application\Informatique.Alumni.Application.csproj]
D:\Projects\Informatique.Alumni\src\Informatique.Alumni.Application\Certificates\CertificateRequestAppService.cs(47,99): warning CS8604: Possible null reference argument for parameter 'sorting' in 'Task<List<CertificateRequest>> IReadOnlyBasicRepository<CertificateRequest>.GetPagedListAsync(int skipCount, int maxResultCount, string sorting, bool includeDetails = false, CancellationToken cancellationToken = default(CancellationToken))'. [D:\Projects\Informatique.Alumni\src\Informatique.Alumni.Application\Informatique.Alumni.Application.csproj]
D:\Projects\Informatique.Alumni\src\Informatique.Alumni.Application\Directory\DirectoryAppService.cs(43,17): warning CS8602: Dereference of a possibly null reference. [D:\Projects\Informatique.Alumni\src\Informatique.Alumni.Application\Informatique.Alumni.Application.csproj]
D:\Projects\Informatique.Alumni\src\Informatique.Alumni.Application\Directory\DirectoryAppService.cs(44,17): warning CS8602: Dereference of a possibly null reference. [D:\Projects\Informatique.Alumni\src\Informatique.Alumni.Application\Informatique.Alumni.Application.csproj]
D:\Projects\Informatique.Alumni\src\Informatique.Alumni.Application\Infrastructure\Payment\MockPaymentGateway.cs(25,16): warning CS8619: Nullability of reference types in value of type 'Task<string>' doesn't match target type 'Task<string?>'. [D:\Projects\Informatique.Alumni\src\Informatique.Alumni.Application\Informatique.Alumni.Application.csproj]
D:\Projects\Informatique.Alumni\src\Informatique.Alumni.Application\Gallery\GalleryAppService.cs(45,35): warning CS8603: Possible null reference return. [D:\Projects\Informatique.Alumni\src\Informatique.Alumni.Application\Informatique.Alumni.Application.csproj]
D:\Projects\Informatique.Alumni\src\Informatique.Alumni.Application\Trips\TripAppService.cs(56,9): error CS0200: Property or indexer 'AlumniTrip.Description' cannot be assigned to -- it is read only [D:\Projects\Informatique.Alumni\src\Informatique.Alumni.Application\Informatique.Alumni.Application.csproj]
D:\Projects\Informatique.Alumni\src\Informatique.Alumni.Application\Gallery\GalleryAppService.cs(62,104): warning CS8604: Possible null reference argument for parameter 'sorting' in 'Task<List<GalleryAlbum>> IReadOnlyBasicRepository<GalleryAlbum>.GetPagedListAsync(int skipCount, int maxResultCount, string sorting, bool includeDetails = false, CancellationToken cancellationToken = default(CancellationToken))'. [D:\Projects\Informatique.Alumni\src\Informatique.Alumni.Application\Informatique.Alumni.Application.csproj]
D:\Projects\Informatique.Alumni\src\Informatique.Alumni.Application\Magazine\MagazineAppService.cs(52,104): warning CS8604: Possible null reference argument for parameter 'sorting' in 'Task<List<MagazineIssue>> IReadOnlyBasicRepository<MagazineIssue>.GetPagedListAsync(int skipCount, int maxResultCount, string sorting, bool includeDetails = false, CancellationToken cancellationToken = default(CancellationToken))'. [D:\Projects\Informatique.Alumni\src\Informatique.Alumni.Application\Informatique.Alumni.Application.csproj]
D:\Projects\Informatique.Alumni\src\Informatique.Alumni.Application\Health\MedicalPartnerAppService.cs(71,37): warning CS8603: Possible null reference return. [D:\Projects\Informatique.Alumni\src\Informatique.Alumni.Application\Informatique.Alumni.Application.csproj]
D:\Projects\Informatique.Alumni\src\Informatique.Alumni.Application\Health\MedicalPartnerAppService.cs(89,38): warning CS8604: Possible null reference argument for parameter 'partners' in 'Task MedicalPartnerAppService.GateDiscountCodesAsync(List<MedicalPartnerDto> partners)'. [D:\Projects\Informatique.Alumni\src\Informatique.Alumni.Application\Informatique.Alumni.Application.csproj]
D:\Projects\Informatique.Alumni\src\Informatique.Alumni.Application\Health\MedicalPartnerAppService.cs(99,9): warning CS8602: Dereference of a possibly null reference. [D:\Projects\Informatique.Alumni\src\Informatique.Alumni.Application\Informatique.Alumni.Application.csproj]
D:\Projects\Informatique.Alumni\src\Informatique.Alumni.Application\Health\MedicalPartnerAppService.cs(111,21): warning CS8602: Dereference of a possibly null reference. [D:\Projects\Informatique.Alumni\src\Informatique.Alumni.Application\Informatique.Alumni.Application.csproj]
D:\Projects\Informatique.Alumni\src\Informatique.Alumni.Application\Membership\MembershipAppService.cs(139,106): warning CS8604: Possible null reference argument for parameter 'sorting' in 'Task<List<AssociationRequest>> IReadOnlyBasicRepository<AssociationRequest>.GetPagedListAsync(int skipCount, int maxResultCount, string sorting, bool includeDetails = false, CancellationToken cancellationToken = default(CancellationToken))'. [D:\Projects\Informatique.Alumni\src\Informatique.Alumni.Application\Informatique.Alumni.Application.csproj]

Build FAILED.

D:\Projects\Informatique.Alumni\src\Informatique.Alumni.HttpApi.Host\Informatique.Alumni.HttpApi.Host.csproj : warning NU1504: Duplicate 'PackageReference' items found. Remove the duplicate items or use the Update functionality to ensure a consistent restore behavior. The duplicate 'PackageReference' items are: Microsoft.EntityFrameworkCore.InMemory 10.0.0, Microsoft.EntityFrameworkCore.InMemory 10.0.0.
D:\Projects\Informatique.Alumni\src\Informatique.Alumni.HttpApi.Host\Informatique.Alumni.HttpApi.Host.csproj : warning NU1504: Duplicate 'PackageReference' items found. Remove the duplicate items or use the Update functionality to ensure a consistent restore behavior. The duplicate 'PackageReference' items are: Microsoft.EntityFrameworkCore.InMemory 10.0.0, Microsoft.EntityFrameworkCore.InMemory 10.0.0.
D:\Projects\Informatique.Alumni\src\Informatique.Alumni.Application\AlumniApplicationMappers.cs(32,5): warning RMG012: The member CertificateDefinitionName on the mapping target type Informatique.Alumni.Certificates.CertificateRequestDto was not found on the mapping source type Informatique.Alumni.Certificates.CertificateRequest [D:\Projects\Informatique.Alumni\src\Informatique.Alumni.Application\Informatique.Alumni.Application.csproj]
D:\Projects\Informatique.Alumni\src\Informatique.Alumni.Application\AlumniApplicationMappers.cs(39,5): warning RMG012: The member SubscriptionFeeName on the mapping target type Informatique.Alumni.Membership.AssociationRequestDto was not found on the mapping source type Informatique.Alumni.Membership.AssociationRequest [D:\Projects\Informatique.Alumni\src\Informatique.Alumni.Application\Informatique.Alumni.Application.csproj]
D:\Projects\Informatique.Alumni\src\Informatique.Alumni.Application\AlumniApplicationMappers.cs(46,5): warning RMG012: The member ShowInDirectory on the mapping target type Informatique.Alumni.Profiles.AlumniProfile was not found on the mapping source type Informatique.Alumni.Profiles.UpdateAlumniProfileDto [D:\Projects\Informatique.Alumni\src\Informatique.Alumni.Application\Informatique.Alumni.Application.csproj]
D:\Projects\Informatique.Alumni\src\Informatique.Alumni.Application\AlumniApplicationMappers.cs(46,5): warning RMG012: The member IsDeleted on the mapping target type Informatique.Alumni.Profiles.AlumniProfile was not found on the mapping source type Informatique.Alumni.Profiles.UpdateAlumniProfileDto [D:\Projects\Informatique.Alumni\src\Informatique.Alumni.Application\Informatique.Alumni.Application.csproj]
D:\Projects\Informatique.Alumni\src\Informatique.Alumni.Application\AlumniApplicationMappers.cs(46,5): warning RMG012: The member DeleterId on the mapping target type Informatique.Alumni.Profiles.AlumniProfile was not found on the mapping source type Informatique.Alumni.Profiles.UpdateAlumniProfileDto [D:\Projects\Informatique.Alumni\src\Informatique.Alumni.Application\Informatique.Alumni.Application.csproj]
D:\Projects\Informatique.Alumni\src\Informatique.Alumni.Application\AlumniApplicationMappers.cs(46,5): warning RMG012: The member DeletionTime on the mapping target type Informatique.Alumni.Profiles.AlumniProfile was not found on the mapping source type Informatique.Alumni.Profiles.UpdateAlumniProfileDto [D:\Projects\Informatique.Alumni\src\Informatique.Alumni.Application\Informatique.Alumni.Application.csproj]
D:\Projects\Informatique.Alumni\src\Informatique.Alumni.Application\AlumniApplicationMappers.cs(46,5): warning RMG012: The member LastModificationTime on the mapping target type Informatique.Alumni.Profiles.AlumniProfile was not found on the mapping source type Informatique.Alumni.Profiles.UpdateAlumniProfileDto [D:\Projects\Informatique.Alumni\src\Informatique.Alumni.Application\Informatique.Alumni.Application.csproj]
D:\Projects\Informatique.Alumni\src\Informatique.Alumni.Application\AlumniApplicationMappers.cs(46,5): warning RMG012: The member LastModifierId on the mapping target type Informatique.Alumni.Profiles.AlumniProfile was not found on the mapping source type Informatique.Alumni.Profiles.UpdateAlumniProfileDto [D:\Projects\Informatique.Alumni\src\Informatique.Alumni.Application\Informatique.Alumni.Application.csproj]
D:\Projects\Informatique.Alumni\src\Informatique.Alumni.Application\AlumniApplicationMappers.cs(46,5): warning RMG012: The member CreationTime on the mapping target type Informatique.Alumni.Profiles.AlumniProfile was not found on the mapping source type Informatique.Alumni.Profiles.UpdateAlumniProfileDto [D:\Projects\Informatique.Alumni\src\Informatique.Alumni.Application\Informatique.Alumni.Application.csproj]
D:\Projects\Informatique.Alumni\src\Informatique.Alumni.Application\AlumniApplicationMappers.cs(46,5): warning RMG012: The member CreatorId on the mapping target type Informatique.Alumni.Profiles.AlumniProfile was not found on the mapping source type Informatique.Alumni.Profiles.UpdateAlumniProfileDto [D:\Projects\Informatique.Alumni\src\Informatique.Alumni.Application\Informatique.Alumni.Application.csproj]
D:\Projects\Informatique.Alumni\src\Informatique.Alumni.Application\AlumniApplicationMappers.cs(46,5): warning RMG012: The member ConcurrencyStamp on the mapping target type Informatique.Alumni.Profiles.AlumniProfile was not found on the mapping source type Informatique.Alumni.Profiles.UpdateAlumniProfileDto [D:\Projects\Informatique.Alumni\src\Informatique.Alumni.Application\Informatique.Alumni.Application.csproj]
D:\Projects\Informatique.Alumni\src\Informatique.Alumni.Application\AlumniApplicationMappers.cs(65,5): warning RMG012: The member IsActive on the mapping target type Informatique.Alumni.Health.MedicalPartner was not found on the mapping source type Informatique.Alumni.Health.CreateUpdateMedicalPartnerDto [D:\Projects\Informatique.Alumni\src\Informatique.Alumni.Application\Informatique.Alumni.Application.csproj]
D:\Projects\Informatique.Alumni\src\Informatique.Alumni.Application\AlumniApplicationMappers.cs(65,5): warning RMG012: The member IsDeleted on the mapping target type Informatique.Alumni.Health.MedicalPartner was not found on the mapping source type Informatique.Alumni.Health.CreateUpdateMedicalPartnerDto [D:\Projects\Informatique.Alumni\src\Informatique.Alumni.Application\Informatique.Alumni.Application.csproj]
D:\Projects\Informatique.Alumni\src\Informatique.Alumni.Application\AlumniApplicationMappers.cs(65,5): warning RMG012: The member DeleterId on the mapping target type Informatique.Alumni.Health.MedicalPartner was not found on the mapping source type Informatique.Alumni.Health.CreateUpdateMedicalPartnerDto [D:\Projects\Informatique.Alumni\src\Informatique.Alumni.Application\Informatique.Alumni.Application.csproj]
D:\Projects\Informatique.Alumni\src\Informatique.Alumni.Application\AlumniApplicationMappers.cs(65,5): warning RMG012: The member DeletionTime on the mapping target type Informatique.Alumni.Health.MedicalPartner was not found on the mapping source type Informatique.Alumni.Health.CreateUpdateMedicalPartnerDto [D:\Projects\Informatique.Alumni\src\Informatique.Alumni.Application\Informatique.Alumni.Application.csproj]
D:\Projects\Informatique.Alumni\src\Informatique.Alumni.Application\AlumniApplicationMappers.cs(65,5): warning RMG012: The member LastModificationTime on the mapping target type Informatique.Alumni.Health.MedicalPartner was not found on the mapping source type Informatique.Alumni.Health.CreateUpdateMedicalPartnerDto [D:\Projects\Informatique.Alumni\src\Informatique.Alumni.Application\Informatique.Alumni.Application.csproj]
D:\Projects\Informatique.Alumni\src\Informatique.Alumni.Application\AlumniApplicationMappers.cs(65,5): warning RMG012: The member LastModifierId on the mapping target type Informatique.Alumni.Health.MedicalPartner was not found on the mapping source type Informatique.Alumni.Health.CreateUpdateMedicalPartnerDto [D:\Projects\Informatique.Alumni\src\Informatique.Alumni.Application\Informatique.Alumni.Application.csproj]
D:\Projects\Informatique.Alumni\src\Informatique.Alumni.Application\AlumniApplicationMappers.cs(65,5): warning RMG012: The member CreationTime on the mapping target type Informatique.Alumni.Health.MedicalPartner was not found on the mapping source type Informatique.Alumni.Health.CreateUpdateMedicalPartnerDto [D:\Projects\Informatique.Alumni\src\Informatique.Alumni.Application\Informatique.Alumni.Application.csproj]
D:\Projects\Informatique.Alumni\src\Informatique.Alumni.Application\AlumniApplicationMappers.cs(65,5): warning RMG012: The member CreatorId on the mapping target type Informatique.Alumni.Health.MedicalPartner was not found on the mapping source type Informatique.Alumni.Health.CreateUpdateMedicalPartnerDto [D:\Projects\Informatique.Alumni\src\Informatique.Alumni.Application\Informatique.Alumni.Application.csproj]
D:\Projects\Informatique.Alumni\src\Informatique.Alumni.Application\AlumniApplicationMappers.cs(65,5): warning RMG012: The member ConcurrencyStamp on the mapping target type Informatique.Alumni.Health.MedicalPartner was not found on the mapping source type Informatique.Alumni.Health.CreateUpdateMedicalPartnerDto [D:\Projects\Informatique.Alumni\src\Informatique.Alumni.Application\Informatique.Alumni.Application.csproj]
D:\Projects\Informatique.Alumni\src\Informatique.Alumni.Application\AlumniApplicationMappers.cs(66,5): warning RMG012: The member IsActive on the mapping target type Informatique.Alumni.Health.MedicalOffer was not found on the mapping source type Informatique.Alumni.Health.CreateUpdateMedicalOfferDto [D:\Projects\Informatique.Alumni\src\Informatique.Alumni.Application\Informatique.Alumni.Application.csproj]
D:\Projects\Informatique.Alumni\src\Informatique.Alumni.Application\AlumniApplicationMappers.cs(66,5): warning RMG012: The member IsDeleted on the mapping target type Informatique.Alumni.Health.MedicalOffer was not found on the mapping source type Informatique.Alumni.Health.CreateUpdateMedicalOfferDto [D:\Projects\Informatique.Alumni\src\Informatique.Alumni.Application\Informatique.Alumni.Application.csproj]
D:\Projects\Informatique.Alumni\src\Informatique.Alumni.Application\AlumniApplicationMappers.cs(66,5): warning RMG012: The member DeleterId on the mapping target type Informatique.Alumni.Health.MedicalOffer was not found on the mapping source type Informatique.Alumni.Health.CreateUpdateMedicalOfferDto [D:\Projects\Informatique.Alumni\src\Informatique.Alumni.Application\Informatique.Alumni.Application.csproj]
D:\Projects\Informatique.Alumni\src\Informatique.Alumni.Application\AlumniApplicationMappers.cs(66,5): warning RMG012: The member DeletionTime on the mapping target type Informatique.Alumni.Health.MedicalOffer was not found on the mapping source type Informatique.Alumni.Health.CreateUpdateMedicalOfferDto [D:\Projects\Informatique.Alumni\src\Informatique.Alumni.Application\Informatique.Alumni.Application.csproj]
D:\Projects\Informatique.Alumni\src\Informatique.Alumni.Application\AlumniApplicationMappers.cs(66,5): warning RMG012: The member LastModificationTime on the mapping target type Informatique.Alumni.Health.MedicalOffer was not found on the mapping source type Informatique.Alumni.Health.CreateUpdateMedicalOfferDto [D:\Projects\Informatique.Alumni\src\Informatique.Alumni.Application\Informatique.Alumni.Application.csproj]
D:\Projects\Informatique.Alumni\src\Informatique.Alumni.Application\AlumniApplicationMappers.cs(66,5): warning RMG012: The member LastModifierId on the mapping target type Informatique.Alumni.Health.MedicalOffer was not found on the mapping source type Informatique.Alumni.Health.CreateUpdateMedicalOfferDto [D:\Projects\Informatique.Alumni\src\Informatique.Alumni.Application\Informatique.Alumni.Application.csproj]
D:\Projects\Informatique.Alumni\src\Informatique.Alumni.Application\AlumniApplicationMappers.cs(88,5): warning RMG012: The member IsDeleted on the mapping target type Informatique.Alumni.Benefits.AcademicGrant was not found on the mapping source type Informatique.Alumni.Benefits.CreateUpdateAcademicGrantDto [D:\Projects\Informatique.Alumni\src\Informatique.Alumni.Application\Informatique.Alumni.Application.csproj]
D:\Projects\Informatique.Alumni\src\Informatique.Alumni.Application\AlumniApplicationMappers.cs(88,5): warning RMG012: The member DeleterId on the mapping target type Informatique.Alumni.Benefits.AcademicGrant was not found on the mapping source type Informatique.Alumni.Benefits.CreateUpdateAcademicGrantDto [D:\Projects\Informatique.Alumni\src\Informatique.Alumni.Application\Informatique.Alumni.Application.csproj]
D:\Projects\Informatique.Alumni\src\Informatique.Alumni.Application\AlumniApplicationMappers.cs(88,5): warning RMG012: The member DeletionTime on the mapping target type Informatique.Alumni.Benefits.AcademicGrant was not found on the mapping source type Informatique.Alumni.Benefits.CreateUpdateAcademicGrantDto [D:\Projects\Informatique.Alumni\src\Informatique.Alumni.Application\Informatique.Alumni.Application.csproj]
D:\Projects\Informatique.Alumni\src\Informatique.Alumni.Application\AlumniApplicationMappers.cs(88,5): warning RMG012: The member LastModificationTime on the mapping target type Informatique.Alumni.Benefits.AcademicGrant was not found on the mapping source type Informatique.Alumni.Benefits.CreateUpdateAcademicGrantDto [D:\Projects\Informatique.Alumni\src\Informatique.Alumni.Application\Informatique.Alumni.Application.csproj]
D:\Projects\Informatique.Alumni\src\Informatique.Alumni.Application\AlumniApplicationMappers.cs(88,5): warning RMG012: The member LastModifierId on the mapping target type Informatique.Alumni.Benefits.AcademicGrant was not found on the mapping source type Informatique.Alumni.Benefits.CreateUpdateAcademicGrantDto [D:\Projects\Informatique.Alumni\src\Informatique.Alumni.Application\Informatique.Alumni.Application.csproj]
D:\Projects\Informatique.Alumni\src\Informatique.Alumni.Application\AlumniApplicationMappers.cs(88,5): warning RMG012: The member CreationTime on the mapping target type Informatique.Alumni.Benefits.AcademicGrant was not found on the mapping source type Informatique.Alumni.Benefits.CreateUpdateAcademicGrantDto [D:\Projects\Informatique.Alumni\src\Informatique.Alumni.Application\Informatique.Alumni.Application.csproj]
D:\Projects\Informatique.Alumni\src\Informatique.Alumni.Application\AlumniApplicationMappers.cs(88,5): warning RMG012: The member CreatorId on the mapping target type Informatique.Alumni.Benefits.AcademicGrant was not found on the mapping source type Informatique.Alumni.Benefits.CreateUpdateAcademicGrantDto [D:\Projects\Informatique.Alumni\src\Informatique.Alumni.Application\Informatique.Alumni.Application.csproj]
D:\Projects\Informatique.Alumni\src\Informatique.Alumni.Application\AlumniApplicationMappers.cs(88,5): warning RMG012: The member ConcurrencyStamp on the mapping target type Informatique.Alumni.Benefits.AcademicGrant was not found on the mapping source type Informatique.Alumni.Benefits.CreateUpdateAcademicGrantDto [D:\Projects\Informatique.Alumni\src\Informatique.Alumni.Application\Informatique.Alumni.Application.csproj]
D:\Projects\Informatique.Alumni\src\Informatique.Alumni.Application\AlumniApplicationMappers.cs(92,5): warning RMG012: The member IsDeleted on the mapping target type Informatique.Alumni.Benefits.CommercialDiscount was not found on the mapping source type Informatique.Alumni.Benefits.CreateUpdateCommercialDiscountDto [D:\Projects\Informatique.Alumni\src\Informatique.Alumni.Application\Informatique.Alumni.Application.csproj]
D:\Projects\Informatique.Alumni\src\Informatique.Alumni.Application\AlumniApplicationMappers.cs(92,5): warning RMG012: The member DeleterId on the mapping target type Informatique.Alumni.Benefits.CommercialDiscount was not found on the mapping source type Informatique.Alumni.Benefits.CreateUpdateCommercialDiscountDto [D:\Projects\Informatique.Alumni\src\Informatique.Alumni.Application\Informatique.Alumni.Application.csproj]
D:\Projects\Informatique.Alumni\src\Informatique.Alumni.Application\AlumniApplicationMappers.cs(92,5): warning RMG012: The member DeletionTime on the mapping target type Informatique.Alumni.Benefits.CommercialDiscount was not found on the mapping source type Informatique.Alumni.Benefits.CreateUpdateCommercialDiscountDto [D:\Projects\Informatique.Alumni\src\Informatique.Alumni.Application\Informatique.Alumni.Application.csproj]
D:\Projects\Informatique.Alumni\src\Informatique.Alumni.Application\AlumniApplicationMappers.cs(92,5): warning RMG012: The member LastModificationTime on the mapping target type Informatique.Alumni.Benefits.CommercialDiscount was not found on the mapping source type Informatique.Alumni.Benefits.CreateUpdateCommercialDiscountDto [D:\Projects\Informatique.Alumni\src\Informatique.Alumni.Application\Informatique.Alumni.Application.csproj]
D:\Projects\Informatique.Alumni\src\Informatique.Alumni.Application\AlumniApplicationMappers.cs(92,5): warning RMG012: The member LastModifierId on the mapping target type Informatique.Alumni.Benefits.CommercialDiscount was not found on the mapping source type Informatique.Alumni.Benefits.CreateUpdateCommercialDiscountDto [D:\Projects\Informatique.Alumni\src\Informatique.Alumni.Application\Informatique.Alumni.Application.csproj]
D:\Projects\Informatique.Alumni\src\Informatique.Alumni.Application\AlumniApplicationMappers.cs(92,5): warning RMG012: The member CreationTime on the mapping target type Informatique.Alumni.Benefits.CommercialDiscount was not found on the mapping source type Informatique.Alumni.Benefits.CreateUpdateCommercialDiscountDto [D:\Projects\Informatique.Alumni\src\Informatique.Alumni.Application\Informatique.Alumni.Application.csproj]
D:\Projects\Informatique.Alumni\src\Informatique.Alumni.Application\AlumniApplicationMappers.cs(92,5): warning RMG012: The member CreatorId on the mapping target type Informatique.Alumni.Benefits.CommercialDiscount was not found on the mapping source type Informatique.Alumni.Benefits.CreateUpdateCommercialDiscountDto [D:\Projects\Informatique.Alumni\src\Informatique.Alumni.Application\Informatique.Alumni.Application.csproj]
D:\Projects\Informatique.Alumni\src\Informatique.Alumni.Application\AlumniApplicationMappers.cs(92,5): warning RMG012: The member ConcurrencyStamp on the mapping target type Informatique.Alumni.Benefits.CommercialDiscount was not found on the mapping source type Informatique.Alumni.Benefits.CreateUpdateCommercialDiscountDto [D:\Projects\Informatique.Alumni\src\Informatique.Alumni.Application\Informatique.Alumni.Application.csproj]
D:\Projects\Informatique.Alumni\src\Informatique.Alumni.Application\AlumniApplicationMappers.cs(96,5): warning RMG012: The member SubscribedCount on the mapping target type Informatique.Alumni.Career.CareerActivity was not found on the mapping source type Informatique.Alumni.Career.CreateUpdateCareerActivityDto [D:\Projects\Informatique.Alumni\src\Informatique.Alumni.Application\Informatique.Alumni.Application.csproj]
D:\Projects\Informatique.Alumni\src\Informatique.Alumni.Application\AlumniApplicationMappers.cs(96,5): warning RMG012: The member ConcurrencyStamp on the mapping target type Informatique.Alumni.Career.CareerActivity was not found on the mapping source type Informatique.Alumni.Career.CreateUpdateCareerActivityDto [D:\Projects\Informatique.Alumni\src\Informatique.Alumni.Application\Informatique.Alumni.Application.csproj]
D:\Projects\Informatique.Alumni\src\Informatique.Alumni.Application\AlumniApplicationMappers.cs(96,5): warning RMG012: The member IsDeleted on the mapping target type Informatique.Alumni.Career.CareerActivity was not found on the mapping source type Informatique.Alumni.Career.CreateUpdateCareerActivityDto [D:\Projects\Informatique.Alumni\src\Informatique.Alumni.Application\Informatique.Alumni.Application.csproj]
D:\Projects\Informatique.Alumni\src\Informatique.Alumni.Application\AlumniApplicationMappers.cs(96,5): warning RMG012: The member DeleterId on the mapping target type Informatique.Alumni.Career.CareerActivity was not found on the mapping source type Informatique.Alumni.Career.CreateUpdateCareerActivityDto [D:\Projects\Informatique.Alumni\src\Informatique.Alumni.Application\Informatique.Alumni.Application.csproj]
D:\Projects\Informatique.Alumni\src\Informatique.Alumni.Application\AlumniApplicationMappers.cs(96,5): warning RMG012: The member DeletionTime on the mapping target type Informatique.Alumni.Career.CareerActivity was not found on the mapping source type Informatique.Alumni.Career.CreateUpdateCareerActivityDto [D:\Projects\Informatique.Alumni\src\Informatique.Alumni.Application\Informatique.Alumni.Application.csproj]
D:\Projects\Informatique.Alumni\src\Informatique.Alumni.Application\AlumniApplicationMappers.cs(96,5): warning RMG012: The member LastModificationTime on the mapping target type Informatique.Alumni.Career.CareerActivity was not found on the mapping source type Informatique.Alumni.Career.CreateUpdateCareerActivityDto [D:\Projects\Informatique.Alumni\src\Informatique.Alumni.Application\Informatique.Alumni.Application.csproj]
D:\Projects\Informatique.Alumni\src\Informatique.Alumni.Application\AlumniApplicationMappers.cs(96,5): warning RMG012: The member LastModifierId on the mapping target type Informatique.Alumni.Career.CareerActivity was not found on the mapping source type Informatique.Alumni.Career.CreateUpdateCareerActivityDto [D:\Projects\Informatique.Alumni\src\Informatique.Alumni.Application\Informatique.Alumni.Application.csproj]
D:\Projects\Informatique.Alumni\src\Informatique.Alumni.Application\AlumniApplicationMappers.cs(96,5): warning RMG012: The member CreationTime on the mapping target type Informatique.Alumni.Career.CareerActivity was not found on the mapping source type Informatique.Alumni.Career.CreateUpdateCareerActivityDto [D:\Projects\Informatique.Alumni\src\Informatique.Alumni.Application\Informatique.Alumni.Application.csproj]
D:\Projects\Informatique.Alumni\src\Informatique.Alumni.Application\AlumniApplicationMappers.cs(96,5): warning RMG012: The member CreatorId on the mapping target type Informatique.Alumni.Career.CareerActivity was not found on the mapping source type Informatique.Alumni.Career.CreateUpdateCareerActivityDto [D:\Projects\Informatique.Alumni\src\Informatique.Alumni.Application\Informatique.Alumni.Application.csproj]
D:\Projects\Informatique.Alumni\src\Informatique.Alumni.Application\AlumniApplicationMappers.cs(114,5): warning RMG012: The member QrCodeUrl on the mapping target type Informatique.Alumni.Events.AlumniEventRegistrationDto was not found on the mapping source type Informatique.Alumni.Events.AlumniEventRegistration [D:\Projects\Informatique.Alumni\src\Informatique.Alumni.Application\Informatique.Alumni.Application.csproj]
D:\Projects\Informatique.Alumni\src\Informatique.Alumni.Application\AlumniApplicationMappers.cs(119,5): warning RMG012: The member ConcurrencyStamp on the mapping target type Informatique.Alumni.Events.Company was not found on the mapping source type Informatique.Alumni.Events.CompanyDto [D:\Projects\Informatique.Alumni\src\Informatique.Alumni.Application\Informatique.Alumni.Application.csproj]
D:\Projects\Informatique.Alumni\src\Informatique.Alumni.Application\AlumniApplicationMappers.cs(124,5): warning RMG012: The member ConcurrencyStamp on the mapping target type Informatique.Alumni.Career.CurriculumVitae was not found on the mapping source type Informatique.Alumni.Career.CurriculumVitaeDto [D:\Projects\Informatique.Alumni\src\Informatique.Alumni.Application\Informatique.Alumni.Application.csproj]
D:\Projects\Informatique.Alumni\src\Informatique.Alumni.Application\AlumniApplicationMappers.cs(124,5): warning RMG012: The member CurriculumVitaeId on the mapping target type Informatique.Alumni.Career.CvEducation was not found on the mapping source type Informatique.Alumni.Career.CvEducationDto [D:\Projects\Informatique.Alumni\src\Informatique.Alumni.Application\Informatique.Alumni.Application.csproj]
D:\Projects\Informatique.Alumni\src\Informatique.Alumni.Application\AlumniApplicationMappers.cs(124,5): warning RMG012: The member CurriculumVitaeId on the mapping target type Informatique.Alumni.Career.CvExperience was not found on the mapping source type Informatique.Alumni.Career.CvExperienceDto [D:\Projects\Informatique.Alumni\src\Informatique.Alumni.Application\Informatique.Alumni.Application.csproj]
D:\Projects\Informatique.Alumni\src\Informatique.Alumni.Application\AlumniApplicationMappers.cs(124,5): warning RMG012: The member CurriculumVitaeId on the mapping target type Informatique.Alumni.Career.CvSkill was not found on the mapping source type Informatique.Alumni.Career.CvSkillDto [D:\Projects\Informatique.Alumni\src\Informatique.Alumni.Application\Informatique.Alumni.Application.csproj]
D:\Projects\Informatique.Alumni\src\Informatique.Alumni.Application\AlumniApplicationMappers.cs(124,5): warning RMG012: The member CurriculumVitaeId on the mapping target type Informatique.Alumni.Career.CvLanguage was not found on the mapping source type Informatique.Alumni.Career.CvLanguageDto [D:\Projects\Informatique.Alumni\src\Informatique.Alumni.Application\Informatique.Alumni.Application.csproj]
D:\Projects\Informatique.Alumni\src\Informatique.Alumni.Application\AlumniApplicationMappers.cs(124,5): warning RMG012: The member CurriculumVitaeId on the mapping target type Informatique.Alumni.Career.CvCertification was not found on the mapping source type Informatique.Alumni.Career.CvCertificationDto [D:\Projects\Informatique.Alumni\src\Informatique.Alumni.Application\Informatique.Alumni.Application.csproj]
D:\Projects\Informatique.Alumni\src\Informatique.Alumni.Application\AlumniApplicationMappers.cs(124,5): warning RMG012: The member CurriculumVitaeId on the mapping target type Informatique.Alumni.Career.CvProject was not found on the mapping source type Informatique.Alumni.Career.CvProjectDto [D:\Projects\Informatique.Alumni\src\Informatique.Alumni.Application\Informatique.Alumni.Application.csproj]
D:\Projects\Informatique.Alumni\src\Informatique.Alumni.Application\AlumniApplicationMappers.cs(124,5): warning RMG012: The member CurriculumVitaeId on the mapping target type Informatique.Alumni.Career.CvAward was not found on the mapping source type Informatique.Alumni.Career.CvAwardDto [D:\Projects\Informatique.Alumni\src\Informatique.Alumni.Application\Informatique.Alumni.Application.csproj]
D:\Projects\Informatique.Alumni\src\Informatique.Alumni.Application\AlumniApplicationMappers.cs(124,5): warning RMG012: The member CurriculumVitaeId on the mapping target type Informatique.Alumni.Career.CvVolunteerWork was not found on the mapping source type Informatique.Alumni.Career.CvVolunteerWorkDto [D:\Projects\Informatique.Alumni\src\Informatique.Alumni.Application\Informatique.Alumni.Application.csproj]
D:\Projects\Informatique.Alumni\src\Informatique.Alumni.Application\AlumniApplicationMappers.cs(124,5): warning RMG012: The member CurriculumVitaeId on the mapping target type Informatique.Alumni.Career.CvReference was not found on the mapping source type Informatique.Alumni.Career.CvReferenceDto [D:\Projects\Informatique.Alumni\src\Informatique.Alumni.Application\Informatique.Alumni.Application.csproj]
D:\Projects\Informatique.Alumni\src\Informatique.Alumni.Application\AlumniApplicationMappers.cs(124,5): warning RMG012: The member CurriculumVitaeId on the mapping target type Informatique.Alumni.Career.CvPublication was not found on the mapping source type Informatique.Alumni.Career.CvPublicationDto [D:\Projects\Informatique.Alumni\src\Informatique.Alumni.Application\Informatique.Alumni.Application.csproj]
D:\Projects\Informatique.Alumni\src\Informatique.Alumni.Application\AlumniApplicationMappers.cs(124,5): warning RMG012: The member CurriculumVitaeId on the mapping target type Informatique.Alumni.Career.CvInterest was not found on the mapping source type Informatique.Alumni.Career.CvInterestDto [D:\Projects\Informatique.Alumni\src\Informatique.Alumni.Application\Informatique.Alumni.Application.csproj]
D:\Projects\Informatique.Alumni\src\Informatique.Alumni.Application\AlumniApplicationMappers.cs(124,5): warning RMG012: The member CurriculumVitaeId on the mapping target type Informatique.Alumni.Career.CvSocialLink was not found on the mapping source type Informatique.Alumni.Career.CvSocialLinkDto [D:\Projects\Informatique.Alumni\src\Informatique.Alumni.Application\Informatique.Alumni.Application.csproj]
D:\Projects\Informatique.Alumni\src\Informatique.Alumni.Application\AlumniApplicationMappers.cs(124,5): warning RMG012: The member CurriculumVitaeId on the mapping target type Informatique.Alumni.Career.CvCourse was not found on the mapping source type Informatique.Alumni.Career.CvCourseDto [D:\Projects\Informatique.Alumni\src\Informatique.Alumni.Application\Informatique.Alumni.Application.csproj]
D:\Projects\Informatique.Alumni\src\Informatique.Alumni.Application\AlumniApplicationMappers.cs(124,5): warning RMG012: The member CurriculumVitaeId on the mapping target type Informatique.Alumni.Career.CvPracticalTraining was not found on the mapping source type Informatique.Alumni.Career.CvPracticalTrainingDto [D:\Projects\Informatique.Alumni\src\Informatique.Alumni.Application\Informatique.Alumni.Application.csproj]
D:\Projects\Informatique.Alumni\src\Informatique.Alumni.Application\Branches\BranchAppService.cs(18,56): warning CS8765: Nullability of type of parameter 'value' doesn't match overridden member (possibly because of nullability attributes). [D:\Projects\Informatique.Alumni\src\Informatique.Alumni.Application\Informatique.Alumni.Application.csproj]
D:\Projects\Informatique.Alumni\src\Informatique.Alumni.Application\Branches\BranchAppService.cs(19,52): warning CS8765: Nullability of type of parameter 'value' doesn't match overridden member (possibly because of nullability attributes). [D:\Projects\Informatique.Alumni\src\Informatique.Alumni.Application\Informatique.Alumni.Application.csproj]
D:\Projects\Informatique.Alumni\src\Informatique.Alumni.Application\Branches\BranchAppService.cs(20,55): warning CS8765: Nullability of type of parameter 'value' doesn't match overridden member (possibly because of nullability attributes). [D:\Projects\Informatique.Alumni\src\Informatique.Alumni.Application\Informatique.Alumni.Application.csproj]
D:\Projects\Informatique.Alumni\src\Informatique.Alumni.Application\Branches\BranchAppService.cs(21,55): warning CS8765: Nullability of type of parameter 'value' doesn't match overridden member (possibly because of nullability attributes). [D:\Projects\Informatique.Alumni\src\Informatique.Alumni.Application\Informatique.Alumni.Application.csproj]
D:\Projects\Informatique.Alumni\src\Informatique.Alumni.Application\Branches\BranchAppService.cs(22,55): warning CS8765: Nullability of type of parameter 'value' doesn't match overridden member (possibly because of nullability attributes). [D:\Projects\Informatique.Alumni\src\Informatique.Alumni.Application\Informatique.Alumni.Application.csproj]
D:\Projects\Informatique.Alumni\src\Informatique.Alumni.Application\Branches\BranchAppService.cs(36,16): warning CS8603: Possible null reference return. [D:\Projects\Informatique.Alumni\src\Informatique.Alumni.Application\Informatique.Alumni.Application.csproj]
D:\Projects\Informatique.Alumni\src\Informatique.Alumni.Application\Certificates\CertificateRequestAppService.cs(47,99): warning CS8604: Possible null reference argument for parameter 'sorting' in 'Task<List<CertificateRequest>> IReadOnlyBasicRepository<CertificateRequest>.GetPagedListAsync(int skipCount, int maxResultCount, string sorting, bool includeDetails = false, CancellationToken cancellationToken = default(CancellationToken))'. [D:\Projects\Informatique.Alumni\src\Informatique.Alumni.Application\Informatique.Alumni.Application.csproj]
D:\Projects\Informatique.Alumni\src\Informatique.Alumni.Application\Directory\DirectoryAppService.cs(43,17): warning CS8602: Dereference of a possibly null reference. [D:\Projects\Informatique.Alumni\src\Informatique.Alumni.Application\Informatique.Alumni.Application.csproj]
D:\Projects\Informatique.Alumni\src\Informatique.Alumni.Application\Directory\DirectoryAppService.cs(44,17): warning CS8602: Dereference of a possibly null reference. [D:\Projects\Informatique.Alumni\src\Informatique.Alumni.Application\Informatique.Alumni.Application.csproj]
D:\Projects\Informatique.Alumni\src\Informatique.Alumni.Application\Infrastructure\Payment\MockPaymentGateway.cs(25,16): warning CS8619: Nullability of reference types in value of type 'Task<string>' doesn't match target type 'Task<string?>'. [D:\Projects\Informatique.Alumni\src\Informatique.Alumni.Application\Informatique.Alumni.Application.csproj]
D:\Projects\Informatique.Alumni\src\Informatique.Alumni.Application\Gallery\GalleryAppService.cs(45,35): warning CS8603: Possible null reference return. [D:\Projects\Informatique.Alumni\src\Informatique.Alumni.Application\Informatique.Alumni.Application.csproj]
D:\Projects\Informatique.Alumni\src\Informatique.Alumni.Application\Gallery\GalleryAppService.cs(62,104): warning CS8604: Possible null reference argument for parameter 'sorting' in 'Task<List<GalleryAlbum>> IReadOnlyBasicRepository<GalleryAlbum>.GetPagedListAsync(int skipCount, int maxResultCount, string sorting, bool includeDetails = false, CancellationToken cancellationToken = default(CancellationToken))'. [D:\Projects\Informatique.Alumni\src\Informatique.Alumni.Application\Informatique.Alumni.Application.csproj]
D:\Projects\Informatique.Alumni\src\Informatique.Alumni.Application\Magazine\MagazineAppService.cs(52,104): warning CS8604: Possible null reference argument for parameter 'sorting' in 'Task<List<MagazineIssue>> IReadOnlyBasicRepository<MagazineIssue>.GetPagedListAsync(int skipCount, int maxResultCount, string sorting, bool includeDetails = false, CancellationToken cancellationToken = default(CancellationToken))'. [D:\Projects\Informatique.Alumni\src\Informatique.Alumni.Application\Informatique.Alumni.Application.csproj]
D:\Projects\Informatique.Alumni\src\Informatique.Alumni.Application\Health\MedicalPartnerAppService.cs(71,37): warning CS8603: Possible null reference return. [D:\Projects\Informatique.Alumni\src\Informatique.Alumni.Application\Informatique.Alumni.Application.csproj]
D:\Projects\Informatique.Alumni\src\Informatique.Alumni.Application\Health\MedicalPartnerAppService.cs(89,38): warning CS8604: Possible null reference argument for parameter 'partners' in 'Task MedicalPartnerAppService.GateDiscountCodesAsync(List<MedicalPartnerDto> partners)'. [D:\Projects\Informatique.Alumni\src\Informatique.Alumni.Application\Informatique.Alumni.Application.csproj]
D:\Projects\Informatique.Alumni\src\Informatique.Alumni.Application\Health\MedicalPartnerAppService.cs(99,9): warning CS8602: Dereference of a possibly null reference. [D:\Projects\Informatique.Alumni\src\Informatique.Alumni.Application\Informatique.Alumni.Application.csproj]
D:\Projects\Informatique.Alumni\src\Informatique.Alumni.Application\Health\MedicalPartnerAppService.cs(111,21): warning CS8602: Dereference of a possibly null reference. [D:\Projects\Informatique.Alumni\src\Informatique.Alumni.Application\Informatique.Alumni.Application.csproj]
D:\Projects\Informatique.Alumni\src\Informatique.Alumni.Application\Membership\MembershipAppService.cs(139,106): warning CS8604: Possible null reference argument for parameter 'sorting' in 'Task<List<AssociationRequest>> IReadOnlyBasicRepository<AssociationRequest>.GetPagedListAsync(int skipCount, int maxResultCount, string sorting, bool includeDetails = false, CancellationToken cancellationToken = default(CancellationToken))'. [D:\Projects\Informatique.Alumni\src\Informatique.Alumni.Application\Informatique.Alumni.Application.csproj]
D:\Projects\Informatique.Alumni\src\Informatique.Alumni.Application\Trips\TripAppService.cs(56,9): error CS0200: Property or indexer 'AlumniTrip.Description' cannot be assigned to -- it is read only [D:\Projects\Informatique.Alumni\src\Informatique.Alumni.Application\Informatique.Alumni.Application.csproj]
    88 Warning(s)
    1 Error(s)

Time Elapsed 00:00:02.92
