  Determining projects to restore...
D:\Projects\Informatique.Alumni\test\Informatique.Alumni.Domain.Tests\Informatique.Alumni.Domain.Tests.csproj : warning NU1902: Package 'Scriban' 6.3.0 has a known moderate severity vulnerability, https://github.com/advisories/GHSA-5rpf-x9jg-8j5p [D:\Projects\Informatique.Alumni\test\Informatique.Alumni.Application.Tests\Informatique.Alumni.Application.Tests.csproj]
D:\Projects\Informatique.Alumni\src\Informatique.Alumni.Application\Informatique.Alumni.Application.csproj : warning NU1903: Package 'AutoMapper' 14.0.0 has a known high severity vulnerability, https://github.com/advisories/GHSA-rvv3-g6hj-g44x [D:\Projects\Informatique.Alumni\test\Informatique.Alumni.Application.Tests\Informatique.Alumni.Application.Tests.csproj]
D:\Projects\Informatique.Alumni\src\Informatique.Alumni.EntityFrameworkCore\Informatique.Alumni.EntityFrameworkCore.csproj : warning NU1902: Package 'Scriban' 6.3.0 has a known moderate severity vulnerability, https://github.com/advisories/GHSA-5rpf-x9jg-8j5p [D:\Projects\Informatique.Alumni\test\Informatique.Alumni.Application.Tests\Informatique.Alumni.Application.Tests.csproj]
D:\Projects\Informatique.Alumni\test\Informatique.Alumni.EntityFrameworkCore.Tests\Informatique.Alumni.EntityFrameworkCore.Tests.csproj : warning NU1902: Package 'Scriban' 6.3.0 has a known moderate severity vulnerability, https://github.com/advisories/GHSA-5rpf-x9jg-8j5p [D:\Projects\Informatique.Alumni\test\Informatique.Alumni.Application.Tests\Informatique.Alumni.Application.Tests.csproj]
D:\Projects\Informatique.Alumni\src\Informatique.Alumni.Application\Informatique.Alumni.Application.csproj : warning NU1902: Package 'HtmlSanitizer' 9.0.889 has a known moderate severity vulnerability, https://github.com/advisories/GHSA-j92c-7v7g-gj3f [D:\Projects\Informatique.Alumni\test\Informatique.Alumni.Application.Tests\Informatique.Alumni.Application.Tests.csproj]
D:\Projects\Informatique.Alumni\test\Informatique.Alumni.Domain.Tests\Informatique.Alumni.Domain.Tests.csproj : warning NU1904: Package 'Scriban' 6.3.0 has a known critical severity vulnerability, https://github.com/advisories/GHSA-5wr9-m6jw-xx44 [D:\Projects\Informatique.Alumni\test\Informatique.Alumni.Application.Tests\Informatique.Alumni.Application.Tests.csproj]
D:\Projects\Informatique.Alumni\src\Informatique.Alumni.Domain\Informatique.Alumni.Domain.csproj : warning NU1902: Package 'Scriban' 6.3.0 has a known moderate severity vulnerability, https://github.com/advisories/GHSA-5rpf-x9jg-8j5p [D:\Projects\Informatique.Alumni\test\Informatique.Alumni.Application.Tests\Informatique.Alumni.Application.Tests.csproj]
D:\Projects\Informatique.Alumni\src\Informatique.Alumni.EntityFrameworkCore\Informatique.Alumni.EntityFrameworkCore.csproj : warning NU1904: Package 'Scriban' 6.3.0 has a known critical severity vulnerability, https://github.com/advisories/GHSA-5wr9-m6jw-xx44 [D:\Projects\Informatique.Alumni\test\Informatique.Alumni.Application.Tests\Informatique.Alumni.Application.Tests.csproj]
D:\Projects\Informatique.Alumni\test\Informatique.Alumni.Application.Tests\Informatique.Alumni.Application.Tests.csproj : warning NU1903: Package 'AutoMapper' 14.0.0 has a known high severity vulnerability, https://github.com/advisories/GHSA-rvv3-g6hj-g44x
D:\Projects\Informatique.Alumni\src\Informatique.Alumni.Application\Informatique.Alumni.Application.csproj : warning NU1902: Package 'Scriban' 6.3.0 has a known moderate severity vulnerability, https://github.com/advisories/GHSA-5rpf-x9jg-8j5p [D:\Projects\Informatique.Alumni\test\Informatique.Alumni.Application.Tests\Informatique.Alumni.Application.Tests.csproj]
D:\Projects\Informatique.Alumni\test\Informatique.Alumni.Domain.Tests\Informatique.Alumni.Domain.Tests.csproj : warning NU1903: Package 'Scriban' 6.3.0 has a known high severity vulnerability, https://github.com/advisories/GHSA-c875-h985-hvrc [D:\Projects\Informatique.Alumni\test\Informatique.Alumni.Application.Tests\Informatique.Alumni.Application.Tests.csproj]
D:\Projects\Informatique.Alumni\src\Informatique.Alumni.EntityFrameworkCore\Informatique.Alumni.EntityFrameworkCore.csproj : warning NU1903: Package 'Scriban' 6.3.0 has a known high severity vulnerability, https://github.com/advisories/GHSA-c875-h985-hvrc [D:\Projects\Informatique.Alumni\test\Informatique.Alumni.Application.Tests\Informatique.Alumni.Application.Tests.csproj]
D:\Projects\Informatique.Alumni\test\Informatique.Alumni.EntityFrameworkCore.Tests\Informatique.Alumni.EntityFrameworkCore.Tests.csproj : warning NU1904: Package 'Scriban' 6.3.0 has a known critical severity vulnerability, https://github.com/advisories/GHSA-5wr9-m6jw-xx44 [D:\Projects\Informatique.Alumni\test\Informatique.Alumni.Application.Tests\Informatique.Alumni.Application.Tests.csproj]
D:\Projects\Informatique.Alumni\src\Informatique.Alumni.Application\Informatique.Alumni.Application.csproj : warning NU1904: Package 'Scriban' 6.3.0 has a known critical severity vulnerability, https://github.com/advisories/GHSA-5wr9-m6jw-xx44 [D:\Projects\Informatique.Alumni\test\Informatique.Alumni.Application.Tests\Informatique.Alumni.Application.Tests.csproj]
D:\Projects\Informatique.Alumni\test\Informatique.Alumni.Domain.Tests\Informatique.Alumni.Domain.Tests.csproj : warning NU1903: Package 'Scriban' 6.3.0 has a known high severity vulnerability, https://github.com/advisories/GHSA-grr9-747v-xvcp [D:\Projects\Informatique.Alumni\test\Informatique.Alumni.Application.Tests\Informatique.Alumni.Application.Tests.csproj]
D:\Projects\Informatique.Alumni\src\Informatique.Alumni.EntityFrameworkCore\Informatique.Alumni.EntityFrameworkCore.csproj : warning NU1903: Package 'Scriban' 6.3.0 has a known high severity vulnerability, https://github.com/advisories/GHSA-grr9-747v-xvcp [D:\Projects\Informatique.Alumni\test\Informatique.Alumni.Application.Tests\Informatique.Alumni.Application.Tests.csproj]
D:\Projects\Informatique.Alumni\test\Informatique.Alumni.Application.Tests\Informatique.Alumni.Application.Tests.csproj : warning NU1902: Package 'HtmlSanitizer' 9.0.889 has a known moderate severity vulnerability, https://github.com/advisories/GHSA-j92c-7v7g-gj3f
D:\Projects\Informatique.Alumni\src\Informatique.Alumni.Application\Informatique.Alumni.Application.csproj : warning NU1903: Package 'Scriban' 6.3.0 has a known high severity vulnerability, https://github.com/advisories/GHSA-c875-h985-hvrc [D:\Projects\Informatique.Alumni\test\Informatique.Alumni.Application.Tests\Informatique.Alumni.Application.Tests.csproj]
D:\Projects\Informatique.Alumni\test\Informatique.Alumni.Domain.Tests\Informatique.Alumni.Domain.Tests.csproj : warning NU1902: Package 'Scriban' 6.3.0 has a known moderate severity vulnerability, https://github.com/advisories/GHSA-m2p3-hwv5-xpqw [D:\Projects\Informatique.Alumni\test\Informatique.Alumni.Application.Tests\Informatique.Alumni.Application.Tests.csproj]
D:\Projects\Informatique.Alumni\src\Informatique.Alumni.Domain\Informatique.Alumni.Domain.csproj : warning NU1904: Package 'Scriban' 6.3.0 has a known critical severity vulnerability, https://github.com/advisories/GHSA-5wr9-m6jw-xx44 [D:\Projects\Informatique.Alumni\test\Informatique.Alumni.Application.Tests\Informatique.Alumni.Application.Tests.csproj]
D:\Projects\Informatique.Alumni\src\Informatique.Alumni.Application\Informatique.Alumni.Application.csproj : warning NU1903: Package 'Scriban' 6.3.0 has a known high severity vulnerability, https://github.com/advisories/GHSA-grr9-747v-xvcp [D:\Projects\Informatique.Alumni\test\Informatique.Alumni.Application.Tests\Informatique.Alumni.Application.Tests.csproj]
D:\Projects\Informatique.Alumni\src\Informatique.Alumni.EntityFrameworkCore\Informatique.Alumni.EntityFrameworkCore.csproj : warning NU1902: Package 'Scriban' 6.3.0 has a known moderate severity vulnerability, https://github.com/advisories/GHSA-m2p3-hwv5-xpqw [D:\Projects\Informatique.Alumni\test\Informatique.Alumni.Application.Tests\Informatique.Alumni.Application.Tests.csproj]
D:\Projects\Informatique.Alumni\test\Informatique.Alumni.EntityFrameworkCore.Tests\Informatique.Alumni.EntityFrameworkCore.Tests.csproj : warning NU1903: Package 'Scriban' 6.3.0 has a known high severity vulnerability, https://github.com/advisories/GHSA-c875-h985-hvrc [D:\Projects\Informatique.Alumni\test\Informatique.Alumni.Application.Tests\Informatique.Alumni.Application.Tests.csproj]
D:\Projects\Informatique.Alumni\test\Informatique.Alumni.Domain.Tests\Informatique.Alumni.Domain.Tests.csproj : warning NU1903: Package 'Scriban' 6.3.0 has a known high severity vulnerability, https://github.com/advisories/GHSA-p6q4-fgr8-vx4p [D:\Projects\Informatique.Alumni\test\Informatique.Alumni.Application.Tests\Informatique.Alumni.Application.Tests.csproj]
D:\Projects\Informatique.Alumni\src\Informatique.Alumni.Application\Informatique.Alumni.Application.csproj : warning NU1902: Package 'Scriban' 6.3.0 has a known moderate severity vulnerability, https://github.com/advisories/GHSA-m2p3-hwv5-xpqw [D:\Projects\Informatique.Alumni\test\Informatique.Alumni.Application.Tests\Informatique.Alumni.Application.Tests.csproj]
D:\Projects\Informatique.Alumni\test\Informatique.Alumni.Application.Tests\Informatique.Alumni.Application.Tests.csproj : warning NU1902: Package 'Scriban' 6.3.0 has a known moderate severity vulnerability, https://github.com/advisories/GHSA-5rpf-x9jg-8j5p
D:\Projects\Informatique.Alumni\src\Informatique.Alumni.Domain\Informatique.Alumni.Domain.csproj : warning NU1903: Package 'Scriban' 6.3.0 has a known high severity vulnerability, https://github.com/advisories/GHSA-c875-h985-hvrc [D:\Projects\Informatique.Alumni\test\Informatique.Alumni.Application.Tests\Informatique.Alumni.Application.Tests.csproj]
D:\Projects\Informatique.Alumni\test\Informatique.Alumni.EntityFrameworkCore.Tests\Informatique.Alumni.EntityFrameworkCore.Tests.csproj : warning NU1903: Package 'Scriban' 6.3.0 has a known high severity vulnerability, https://github.com/advisories/GHSA-grr9-747v-xvcp [D:\Projects\Informatique.Alumni\test\Informatique.Alumni.Application.Tests\Informatique.Alumni.Application.Tests.csproj]
D:\Projects\Informatique.Alumni\test\Informatique.Alumni.Domain.Tests\Informatique.Alumni.Domain.Tests.csproj : warning NU1903: Package 'Scriban' 6.3.0 has a known high severity vulnerability, https://github.com/advisories/GHSA-v66j-x4hw-fv9g [D:\Projects\Informatique.Alumni\test\Informatique.Alumni.Application.Tests\Informatique.Alumni.Application.Tests.csproj]
D:\Projects\Informatique.Alumni\src\Informatique.Alumni.EntityFrameworkCore\Informatique.Alumni.EntityFrameworkCore.csproj : warning NU1903: Package 'Scriban' 6.3.0 has a known high severity vulnerability, https://github.com/advisories/GHSA-p6q4-fgr8-vx4p [D:\Projects\Informatique.Alumni\test\Informatique.Alumni.Application.Tests\Informatique.Alumni.Application.Tests.csproj]
D:\Projects\Informatique.Alumni\src\Informatique.Alumni.Application\Informatique.Alumni.Application.csproj : warning NU1903: Package 'Scriban' 6.3.0 has a known high severity vulnerability, https://github.com/advisories/GHSA-p6q4-fgr8-vx4p [D:\Projects\Informatique.Alumni\test\Informatique.Alumni.Application.Tests\Informatique.Alumni.Application.Tests.csproj]
D:\Projects\Informatique.Alumni\test\Informatique.Alumni.Application.Tests\Informatique.Alumni.Application.Tests.csproj : warning NU1904: Package 'Scriban' 6.3.0 has a known critical severity vulnerability, https://github.com/advisories/GHSA-5wr9-m6jw-xx44
D:\Projects\Informatique.Alumni\test\Informatique.Alumni.Domain.Tests\Informatique.Alumni.Domain.Tests.csproj : warning NU1903: Package 'Scriban' 6.3.0 has a known high severity vulnerability, https://github.com/advisories/GHSA-wgh7-7m3c-fx25 [D:\Projects\Informatique.Alumni\test\Informatique.Alumni.Application.Tests\Informatique.Alumni.Application.Tests.csproj]
D:\Projects\Informatique.Alumni\src\Informatique.Alumni.Domain\Informatique.Alumni.Domain.csproj : warning NU1903: Package 'Scriban' 6.3.0 has a known high severity vulnerability, https://github.com/advisories/GHSA-grr9-747v-xvcp [D:\Projects\Informatique.Alumni\test\Informatique.Alumni.Application.Tests\Informatique.Alumni.Application.Tests.csproj]
D:\Projects\Informatique.Alumni\test\Informatique.Alumni.Application.Tests\Informatique.Alumni.Application.Tests.csproj : warning NU1903: Package 'Scriban' 6.3.0 has a known high severity vulnerability, https://github.com/advisories/GHSA-c875-h985-hvrc
D:\Projects\Informatique.Alumni\test\Informatique.Alumni.Domain.Tests\Informatique.Alumni.Domain.Tests.csproj : warning NU1903: Package 'Scriban' 6.3.0 has a known high severity vulnerability, https://github.com/advisories/GHSA-x6m9-38vm-2xhf [D:\Projects\Informatique.Alumni\test\Informatique.Alumni.Application.Tests\Informatique.Alumni.Application.Tests.csproj]
D:\Projects\Informatique.Alumni\test\Informatique.Alumni.Application.Tests\Informatique.Alumni.Application.Tests.csproj : warning NU1903: Package 'Scriban' 6.3.0 has a known high severity vulnerability, https://github.com/advisories/GHSA-grr9-747v-xvcp
D:\Projects\Informatique.Alumni\src\Informatique.Alumni.Domain\Informatique.Alumni.Domain.csproj : warning NU1902: Package 'Scriban' 6.3.0 has a known moderate severity vulnerability, https://github.com/advisories/GHSA-m2p3-hwv5-xpqw [D:\Projects\Informatique.Alumni\test\Informatique.Alumni.Application.Tests\Informatique.Alumni.Application.Tests.csproj]
D:\Projects\Informatique.Alumni\test\Informatique.Alumni.Application.Tests\Informatique.Alumni.Application.Tests.csproj : warning NU1902: Package 'Scriban' 6.3.0 has a known moderate severity vulnerability, https://github.com/advisories/GHSA-m2p3-hwv5-xpqw
D:\Projects\Informatique.Alumni\test\Informatique.Alumni.Domain.Tests\Informatique.Alumni.Domain.Tests.csproj : warning NU1903: Package 'Scriban' 6.3.0 has a known high severity vulnerability, https://github.com/advisories/GHSA-xcx6-vp38-8hr5 [D:\Projects\Informatique.Alumni\test\Informatique.Alumni.Application.Tests\Informatique.Alumni.Application.Tests.csproj]
D:\Projects\Informatique.Alumni\src\Informatique.Alumni.Domain\Informatique.Alumni.Domain.csproj : warning NU1903: Package 'Scriban' 6.3.0 has a known high severity vulnerability, https://github.com/advisories/GHSA-p6q4-fgr8-vx4p [D:\Projects\Informatique.Alumni\test\Informatique.Alumni.Application.Tests\Informatique.Alumni.Application.Tests.csproj]
D:\Projects\Informatique.Alumni\test\Informatique.Alumni.Application.Tests\Informatique.Alumni.Application.Tests.csproj : warning NU1903: Package 'Scriban' 6.3.0 has a known high severity vulnerability, https://github.com/advisories/GHSA-p6q4-fgr8-vx4p
D:\Projects\Informatique.Alumni\test\Informatique.Alumni.Application.Tests\Informatique.Alumni.Application.Tests.csproj : warning NU1903: Package 'Scriban' 6.3.0 has a known high severity vulnerability, https://github.com/advisories/GHSA-v66j-x4hw-fv9g
D:\Projects\Informatique.Alumni\src\Informatique.Alumni.Domain\Informatique.Alumni.Domain.csproj : warning NU1903: Package 'Scriban' 6.3.0 has a known high severity vulnerability, https://github.com/advisories/GHSA-v66j-x4hw-fv9g [D:\Projects\Informatique.Alumni\test\Informatique.Alumni.Application.Tests\Informatique.Alumni.Application.Tests.csproj]
D:\Projects\Informatique.Alumni\test\Informatique.Alumni.Domain.Tests\Informatique.Alumni.Domain.Tests.csproj : warning NU1902: Package 'Scriban' 6.3.0 has a known moderate severity vulnerability, https://github.com/advisories/GHSA-xw6w-9jjh-p9cr [D:\Projects\Informatique.Alumni\test\Informatique.Alumni.Application.Tests\Informatique.Alumni.Application.Tests.csproj]
D:\Projects\Informatique.Alumni\test\Informatique.Alumni.Application.Tests\Informatique.Alumni.Application.Tests.csproj : warning NU1903: Package 'Scriban' 6.3.0 has a known high severity vulnerability, https://github.com/advisories/GHSA-wgh7-7m3c-fx25
D:\Projects\Informatique.Alumni\src\Informatique.Alumni.Domain\Informatique.Alumni.Domain.csproj : warning NU1903: Package 'Scriban' 6.3.0 has a known high severity vulnerability, https://github.com/advisories/GHSA-wgh7-7m3c-fx25 [D:\Projects\Informatique.Alumni\test\Informatique.Alumni.Application.Tests\Informatique.Alumni.Application.Tests.csproj]
D:\Projects\Informatique.Alumni\src\Informatique.Alumni.Domain\Informatique.Alumni.Domain.csproj : warning NU1903: Package 'Scriban' 6.3.0 has a known high severity vulnerability, https://github.com/advisories/GHSA-x6m9-38vm-2xhf [D:\Projects\Informatique.Alumni\test\Informatique.Alumni.Application.Tests\Informatique.Alumni.Application.Tests.csproj]
D:\Projects\Informatique.Alumni\test\Informatique.Alumni.Application.Tests\Informatique.Alumni.Application.Tests.csproj : warning NU1903: Package 'Scriban' 6.3.0 has a known high severity vulnerability, https://github.com/advisories/GHSA-x6m9-38vm-2xhf
D:\Projects\Informatique.Alumni\src\Informatique.Alumni.Domain\Informatique.Alumni.Domain.csproj : warning NU1903: Package 'Scriban' 6.3.0 has a known high severity vulnerability, https://github.com/advisories/GHSA-xcx6-vp38-8hr5 [D:\Projects\Informatique.Alumni\test\Informatique.Alumni.Application.Tests\Informatique.Alumni.Application.Tests.csproj]
D:\Projects\Informatique.Alumni\test\Informatique.Alumni.Application.Tests\Informatique.Alumni.Application.Tests.csproj : warning NU1903: Package 'Scriban' 6.3.0 has a known high severity vulnerability, https://github.com/advisories/GHSA-xcx6-vp38-8hr5
D:\Projects\Informatique.Alumni\test\Informatique.Alumni.Application.Tests\Informatique.Alumni.Application.Tests.csproj : warning NU1902: Package 'Scriban' 6.3.0 has a known moderate severity vulnerability, https://github.com/advisories/GHSA-xw6w-9jjh-p9cr
D:\Projects\Informatique.Alumni\src\Informatique.Alumni.Domain\Informatique.Alumni.Domain.csproj : warning NU1902: Package 'Scriban' 6.3.0 has a known moderate severity vulnerability, https://github.com/advisories/GHSA-xw6w-9jjh-p9cr [D:\Projects\Informatique.Alumni\test\Informatique.Alumni.Application.Tests\Informatique.Alumni.Application.Tests.csproj]
D:\Projects\Informatique.Alumni\test\Informatique.Alumni.EntityFrameworkCore.Tests\Informatique.Alumni.EntityFrameworkCore.Tests.csproj : warning NU1902: Package 'Scriban' 6.3.0 has a known moderate severity vulnerability, https://github.com/advisories/GHSA-m2p3-hwv5-xpqw [D:\Projects\Informatique.Alumni\test\Informatique.Alumni.Application.Tests\Informatique.Alumni.Application.Tests.csproj]
D:\Projects\Informatique.Alumni\src\Informatique.Alumni.Application\Informatique.Alumni.Application.csproj : warning NU1903: Package 'Scriban' 6.3.0 has a known high severity vulnerability, https://github.com/advisories/GHSA-v66j-x4hw-fv9g [D:\Projects\Informatique.Alumni\test\Informatique.Alumni.Application.Tests\Informatique.Alumni.Application.Tests.csproj]
D:\Projects\Informatique.Alumni\test\Informatique.Alumni.EntityFrameworkCore.Tests\Informatique.Alumni.EntityFrameworkCore.Tests.csproj : warning NU1903: Package 'Scriban' 6.3.0 has a known high severity vulnerability, https://github.com/advisories/GHSA-p6q4-fgr8-vx4p [D:\Projects\Informatique.Alumni\test\Informatique.Alumni.Application.Tests\Informatique.Alumni.Application.Tests.csproj]
D:\Projects\Informatique.Alumni\src\Informatique.Alumni.EntityFrameworkCore\Informatique.Alumni.EntityFrameworkCore.csproj : warning NU1903: Package 'Scriban' 6.3.0 has a known high severity vulnerability, https://github.com/advisories/GHSA-v66j-x4hw-fv9g [D:\Projects\Informatique.Alumni\test\Informatique.Alumni.Application.Tests\Informatique.Alumni.Application.Tests.csproj]
D:\Projects\Informatique.Alumni\test\Informatique.Alumni.EntityFrameworkCore.Tests\Informatique.Alumni.EntityFrameworkCore.Tests.csproj : warning NU1903: Package 'Scriban' 6.3.0 has a known high severity vulnerability, https://github.com/advisories/GHSA-v66j-x4hw-fv9g [D:\Projects\Informatique.Alumni\test\Informatique.Alumni.Application.Tests\Informatique.Alumni.Application.Tests.csproj]
D:\Projects\Informatique.Alumni\src\Informatique.Alumni.Application\Informatique.Alumni.Application.csproj : warning NU1903: Package 'Scriban' 6.3.0 has a known high severity vulnerability, https://github.com/advisories/GHSA-wgh7-7m3c-fx25 [D:\Projects\Informatique.Alumni\test\Informatique.Alumni.Application.Tests\Informatique.Alumni.Application.Tests.csproj]
D:\Projects\Informatique.Alumni\test\Informatique.Alumni.EntityFrameworkCore.Tests\Informatique.Alumni.EntityFrameworkCore.Tests.csproj : warning NU1903: Package 'Scriban' 6.3.0 has a known high severity vulnerability, https://github.com/advisories/GHSA-wgh7-7m3c-fx25 [D:\Projects\Informatique.Alumni\test\Informatique.Alumni.Application.Tests\Informatique.Alumni.Application.Tests.csproj]
D:\Projects\Informatique.Alumni\src\Informatique.Alumni.Application\Informatique.Alumni.Application.csproj : warning NU1903: Package 'Scriban' 6.3.0 has a known high severity vulnerability, https://github.com/advisories/GHSA-x6m9-38vm-2xhf [D:\Projects\Informatique.Alumni\test\Informatique.Alumni.Application.Tests\Informatique.Alumni.Application.Tests.csproj]
D:\Projects\Informatique.Alumni\src\Informatique.Alumni.EntityFrameworkCore\Informatique.Alumni.EntityFrameworkCore.csproj : warning NU1903: Package 'Scriban' 6.3.0 has a known high severity vulnerability, https://github.com/advisories/GHSA-wgh7-7m3c-fx25 [D:\Projects\Informatique.Alumni\test\Informatique.Alumni.Application.Tests\Informatique.Alumni.Application.Tests.csproj]
D:\Projects\Informatique.Alumni\src\Informatique.Alumni.Application\Informatique.Alumni.Application.csproj : warning NU1903: Package 'Scriban' 6.3.0 has a known high severity vulnerability, https://github.com/advisories/GHSA-xcx6-vp38-8hr5 [D:\Projects\Informatique.Alumni\test\Informatique.Alumni.Application.Tests\Informatique.Alumni.Application.Tests.csproj]
D:\Projects\Informatique.Alumni\src\Informatique.Alumni.Application\Informatique.Alumni.Application.csproj : warning NU1902: Package 'Scriban' 6.3.0 has a known moderate severity vulnerability, https://github.com/advisories/GHSA-xw6w-9jjh-p9cr [D:\Projects\Informatique.Alumni\test\Informatique.Alumni.Application.Tests\Informatique.Alumni.Application.Tests.csproj]
D:\Projects\Informatique.Alumni\src\Informatique.Alumni.EntityFrameworkCore\Informatique.Alumni.EntityFrameworkCore.csproj : warning NU1903: Package 'Scriban' 6.3.0 has a known high severity vulnerability, https://github.com/advisories/GHSA-x6m9-38vm-2xhf [D:\Projects\Informatique.Alumni\test\Informatique.Alumni.Application.Tests\Informatique.Alumni.Application.Tests.csproj]
D:\Projects\Informatique.Alumni\src\Informatique.Alumni.EntityFrameworkCore\Informatique.Alumni.EntityFrameworkCore.csproj : warning NU1903: Package 'Scriban' 6.3.0 has a known high severity vulnerability, https://github.com/advisories/GHSA-xcx6-vp38-8hr5 [D:\Projects\Informatique.Alumni\test\Informatique.Alumni.Application.Tests\Informatique.Alumni.Application.Tests.csproj]
D:\Projects\Informatique.Alumni\src\Informatique.Alumni.EntityFrameworkCore\Informatique.Alumni.EntityFrameworkCore.csproj : warning NU1902: Package 'Scriban' 6.3.0 has a known moderate severity vulnerability, https://github.com/advisories/GHSA-xw6w-9jjh-p9cr [D:\Projects\Informatique.Alumni\test\Informatique.Alumni.Application.Tests\Informatique.Alumni.Application.Tests.csproj]
D:\Projects\Informatique.Alumni\test\Informatique.Alumni.EntityFrameworkCore.Tests\Informatique.Alumni.EntityFrameworkCore.Tests.csproj : warning NU1903: Package 'Scriban' 6.3.0 has a known high severity vulnerability, https://github.com/advisories/GHSA-x6m9-38vm-2xhf [D:\Projects\Informatique.Alumni\test\Informatique.Alumni.Application.Tests\Informatique.Alumni.Application.Tests.csproj]
D:\Projects\Informatique.Alumni\test\Informatique.Alumni.EntityFrameworkCore.Tests\Informatique.Alumni.EntityFrameworkCore.Tests.csproj : warning NU1903: Package 'Scriban' 6.3.0 has a known high severity vulnerability, https://github.com/advisories/GHSA-xcx6-vp38-8hr5 [D:\Projects\Informatique.Alumni\test\Informatique.Alumni.Application.Tests\Informatique.Alumni.Application.Tests.csproj]
D:\Projects\Informatique.Alumni\test\Informatique.Alumni.EntityFrameworkCore.Tests\Informatique.Alumni.EntityFrameworkCore.Tests.csproj : warning NU1902: Package 'Scriban' 6.3.0 has a known moderate severity vulnerability, https://github.com/advisories/GHSA-xw6w-9jjh-p9cr [D:\Projects\Informatique.Alumni\test\Informatique.Alumni.Application.Tests\Informatique.Alumni.Application.Tests.csproj]
  All projects are up-to-date for restore.
D:\Projects\Informatique.Alumni\test\Informatique.Alumni.Application.Tests\Informatique.Alumni.Application.Tests.csproj : warning NU1903: Package 'AutoMapper' 14.0.0 has a known high severity vulnerability, https://github.com/advisories/GHSA-rvv3-g6hj-g44x
D:\Projects\Informatique.Alumni\test\Informatique.Alumni.Application.Tests\Informatique.Alumni.Application.Tests.csproj : warning NU1902: Package 'HtmlSanitizer' 9.0.889 has a known moderate severity vulnerability, https://github.com/advisories/GHSA-j92c-7v7g-gj3f
D:\Projects\Informatique.Alumni\test\Informatique.Alumni.Application.Tests\Informatique.Alumni.Application.Tests.csproj : warning NU1902: Package 'Scriban' 6.3.0 has a known moderate severity vulnerability, https://github.com/advisories/GHSA-5rpf-x9jg-8j5p
D:\Projects\Informatique.Alumni\test\Informatique.Alumni.Application.Tests\Informatique.Alumni.Application.Tests.csproj : warning NU1904: Package 'Scriban' 6.3.0 has a known critical severity vulnerability, https://github.com/advisories/GHSA-5wr9-m6jw-xx44
D:\Projects\Informatique.Alumni\test\Informatique.Alumni.Application.Tests\Informatique.Alumni.Application.Tests.csproj : warning NU1903: Package 'Scriban' 6.3.0 has a known high severity vulnerability, https://github.com/advisories/GHSA-c875-h985-hvrc
D:\Projects\Informatique.Alumni\test\Informatique.Alumni.Application.Tests\Informatique.Alumni.Application.Tests.csproj : warning NU1903: Package 'Scriban' 6.3.0 has a known high severity vulnerability, https://github.com/advisories/GHSA-grr9-747v-xvcp
D:\Projects\Informatique.Alumni\test\Informatique.Alumni.Application.Tests\Informatique.Alumni.Application.Tests.csproj : warning NU1902: Package 'Scriban' 6.3.0 has a known moderate severity vulnerability, https://github.com/advisories/GHSA-m2p3-hwv5-xpqw
D:\Projects\Informatique.Alumni\test\Informatique.Alumni.Application.Tests\Informatique.Alumni.Application.Tests.csproj : warning NU1903: Package 'Scriban' 6.3.0 has a known high severity vulnerability, https://github.com/advisories/GHSA-p6q4-fgr8-vx4p
D:\Projects\Informatique.Alumni\test\Informatique.Alumni.Application.Tests\Informatique.Alumni.Application.Tests.csproj : warning NU1903: Package 'Scriban' 6.3.0 has a known high severity vulnerability, https://github.com/advisories/GHSA-v66j-x4hw-fv9g
D:\Projects\Informatique.Alumni\test\Informatique.Alumni.Application.Tests\Informatique.Alumni.Application.Tests.csproj : warning NU1903: Package 'Scriban' 6.3.0 has a known high severity vulnerability, https://github.com/advisories/GHSA-wgh7-7m3c-fx25
D:\Projects\Informatique.Alumni\test\Informatique.Alumni.Application.Tests\Informatique.Alumni.Application.Tests.csproj : warning NU1903: Package 'Scriban' 6.3.0 has a known high severity vulnerability, https://github.com/advisories/GHSA-x6m9-38vm-2xhf
D:\Projects\Informatique.Alumni\test\Informatique.Alumni.Application.Tests\Informatique.Alumni.Application.Tests.csproj : warning NU1903: Package 'Scriban' 6.3.0 has a known high severity vulnerability, https://github.com/advisories/GHSA-xcx6-vp38-8hr5
D:\Projects\Informatique.Alumni\test\Informatique.Alumni.Application.Tests\Informatique.Alumni.Application.Tests.csproj : warning NU1902: Package 'Scriban' 6.3.0 has a known moderate severity vulnerability, https://github.com/advisories/GHSA-xw6w-9jjh-p9cr
D:\Projects\Informatique.Alumni\test\Informatique.Alumni.Domain.Tests\Informatique.Alumni.Domain.Tests.csproj : warning NU1902: Package 'Scriban' 6.3.0 has a known moderate severity vulnerability, https://github.com/advisories/GHSA-5rpf-x9jg-8j5p
D:\Projects\Informatique.Alumni\test\Informatique.Alumni.Domain.Tests\Informatique.Alumni.Domain.Tests.csproj : warning NU1904: Package 'Scriban' 6.3.0 has a known critical severity vulnerability, https://github.com/advisories/GHSA-5wr9-m6jw-xx44
D:\Projects\Informatique.Alumni\test\Informatique.Alumni.Domain.Tests\Informatique.Alumni.Domain.Tests.csproj : warning NU1903: Package 'Scriban' 6.3.0 has a known high severity vulnerability, https://github.com/advisories/GHSA-c875-h985-hvrc
D:\Projects\Informatique.Alumni\test\Informatique.Alumni.Domain.Tests\Informatique.Alumni.Domain.Tests.csproj : warning NU1903: Package 'Scriban' 6.3.0 has a known high severity vulnerability, https://github.com/advisories/GHSA-grr9-747v-xvcp
D:\Projects\Informatique.Alumni\test\Informatique.Alumni.Domain.Tests\Informatique.Alumni.Domain.Tests.csproj : warning NU1902: Package 'Scriban' 6.3.0 has a known moderate severity vulnerability, https://github.com/advisories/GHSA-m2p3-hwv5-xpqw
D:\Projects\Informatique.Alumni\test\Informatique.Alumni.Domain.Tests\Informatique.Alumni.Domain.Tests.csproj : warning NU1903: Package 'Scriban' 6.3.0 has a known high severity vulnerability, https://github.com/advisories/GHSA-p6q4-fgr8-vx4p
D:\Projects\Informatique.Alumni\test\Informatique.Alumni.Domain.Tests\Informatique.Alumni.Domain.Tests.csproj : warning NU1903: Package 'Scriban' 6.3.0 has a known high severity vulnerability, https://github.com/advisories/GHSA-v66j-x4hw-fv9g
D:\Projects\Informatique.Alumni\test\Informatique.Alumni.Domain.Tests\Informatique.Alumni.Domain.Tests.csproj : warning NU1903: Package 'Scriban' 6.3.0 has a known high severity vulnerability, https://github.com/advisories/GHSA-wgh7-7m3c-fx25
D:\Projects\Informatique.Alumni\test\Informatique.Alumni.Domain.Tests\Informatique.Alumni.Domain.Tests.csproj : warning NU1903: Package 'Scriban' 6.3.0 has a known high severity vulnerability, https://github.com/advisories/GHSA-x6m9-38vm-2xhf
D:\Projects\Informatique.Alumni\test\Informatique.Alumni.Domain.Tests\Informatique.Alumni.Domain.Tests.csproj : warning NU1903: Package 'Scriban' 6.3.0 has a known high severity vulnerability, https://github.com/advisories/GHSA-xcx6-vp38-8hr5
D:\Projects\Informatique.Alumni\test\Informatique.Alumni.Domain.Tests\Informatique.Alumni.Domain.Tests.csproj : warning NU1902: Package 'Scriban' 6.3.0 has a known moderate severity vulnerability, https://github.com/advisories/GHSA-xw6w-9jjh-p9cr
D:\Projects\Informatique.Alumni\src\Informatique.Alumni.Application\Informatique.Alumni.Application.csproj : warning NU1903: Package 'AutoMapper' 14.0.0 has a known high severity vulnerability, https://github.com/advisories/GHSA-rvv3-g6hj-g44x
D:\Projects\Informatique.Alumni\test\Informatique.Alumni.EntityFrameworkCore.Tests\Informatique.Alumni.EntityFrameworkCore.Tests.csproj : warning NU1902: Package 'Scriban' 6.3.0 has a known moderate severity vulnerability, https://github.com/advisories/GHSA-5rpf-x9jg-8j5p
D:\Projects\Informatique.Alumni\src\Informatique.Alumni.Application\Informatique.Alumni.Application.csproj : warning NU1902: Package 'HtmlSanitizer' 9.0.889 has a known moderate severity vulnerability, https://github.com/advisories/GHSA-j92c-7v7g-gj3f
D:\Projects\Informatique.Alumni\test\Informatique.Alumni.EntityFrameworkCore.Tests\Informatique.Alumni.EntityFrameworkCore.Tests.csproj : warning NU1904: Package 'Scriban' 6.3.0 has a known critical severity vulnerability, https://github.com/advisories/GHSA-5wr9-m6jw-xx44
D:\Projects\Informatique.Alumni\src\Informatique.Alumni.Application\Informatique.Alumni.Application.csproj : warning NU1902: Package 'Scriban' 6.3.0 has a known moderate severity vulnerability, https://github.com/advisories/GHSA-5rpf-x9jg-8j5p
D:\Projects\Informatique.Alumni\test\Informatique.Alumni.EntityFrameworkCore.Tests\Informatique.Alumni.EntityFrameworkCore.Tests.csproj : warning NU1903: Package 'Scriban' 6.3.0 has a known high severity vulnerability, https://github.com/advisories/GHSA-c875-h985-hvrc
D:\Projects\Informatique.Alumni\test\Informatique.Alumni.EntityFrameworkCore.Tests\Informatique.Alumni.EntityFrameworkCore.Tests.csproj : warning NU1903: Package 'Scriban' 6.3.0 has a known high severity vulnerability, https://github.com/advisories/GHSA-grr9-747v-xvcp
D:\Projects\Informatique.Alumni\src\Informatique.Alumni.Application\Informatique.Alumni.Application.csproj : warning NU1904: Package 'Scriban' 6.3.0 has a known critical severity vulnerability, https://github.com/advisories/GHSA-5wr9-m6jw-xx44
D:\Projects\Informatique.Alumni\test\Informatique.Alumni.EntityFrameworkCore.Tests\Informatique.Alumni.EntityFrameworkCore.Tests.csproj : warning NU1902: Package 'Scriban' 6.3.0 has a known moderate severity vulnerability, https://github.com/advisories/GHSA-m2p3-hwv5-xpqw
D:\Projects\Informatique.Alumni\src\Informatique.Alumni.Application\Informatique.Alumni.Application.csproj : warning NU1903: Package 'Scriban' 6.3.0 has a known high severity vulnerability, https://github.com/advisories/GHSA-c875-h985-hvrc
D:\Projects\Informatique.Alumni\test\Informatique.Alumni.EntityFrameworkCore.Tests\Informatique.Alumni.EntityFrameworkCore.Tests.csproj : warning NU1903: Package 'Scriban' 6.3.0 has a known high severity vulnerability, https://github.com/advisories/GHSA-p6q4-fgr8-vx4p
D:\Projects\Informatique.Alumni\src\Informatique.Alumni.Application\Informatique.Alumni.Application.csproj : warning NU1903: Package 'Scriban' 6.3.0 has a known high severity vulnerability, https://github.com/advisories/GHSA-grr9-747v-xvcp
D:\Projects\Informatique.Alumni\test\Informatique.Alumni.EntityFrameworkCore.Tests\Informatique.Alumni.EntityFrameworkCore.Tests.csproj : warning NU1903: Package 'Scriban' 6.3.0 has a known high severity vulnerability, https://github.com/advisories/GHSA-v66j-x4hw-fv9g
D:\Projects\Informatique.Alumni\src\Informatique.Alumni.Application\Informatique.Alumni.Application.csproj : warning NU1902: Package 'Scriban' 6.3.0 has a known moderate severity vulnerability, https://github.com/advisories/GHSA-m2p3-hwv5-xpqw
D:\Projects\Informatique.Alumni\test\Informatique.Alumni.EntityFrameworkCore.Tests\Informatique.Alumni.EntityFrameworkCore.Tests.csproj : warning NU1903: Package 'Scriban' 6.3.0 has a known high severity vulnerability, https://github.com/advisories/GHSA-wgh7-7m3c-fx25
D:\Projects\Informatique.Alumni\src\Informatique.Alumni.Application\Informatique.Alumni.Application.csproj : warning NU1903: Package 'Scriban' 6.3.0 has a known high severity vulnerability, https://github.com/advisories/GHSA-p6q4-fgr8-vx4p
D:\Projects\Informatique.Alumni\test\Informatique.Alumni.EntityFrameworkCore.Tests\Informatique.Alumni.EntityFrameworkCore.Tests.csproj : warning NU1903: Package 'Scriban' 6.3.0 has a known high severity vulnerability, https://github.com/advisories/GHSA-x6m9-38vm-2xhf
D:\Projects\Informatique.Alumni\src\Informatique.Alumni.Application\Informatique.Alumni.Application.csproj : warning NU1903: Package 'Scriban' 6.3.0 has a known high severity vulnerability, https://github.com/advisories/GHSA-v66j-x4hw-fv9g
D:\Projects\Informatique.Alumni\test\Informatique.Alumni.EntityFrameworkCore.Tests\Informatique.Alumni.EntityFrameworkCore.Tests.csproj : warning NU1903: Package 'Scriban' 6.3.0 has a known high severity vulnerability, https://github.com/advisories/GHSA-xcx6-vp38-8hr5
D:\Projects\Informatique.Alumni\src\Informatique.Alumni.Application\Informatique.Alumni.Application.csproj : warning NU1903: Package 'Scriban' 6.3.0 has a known high severity vulnerability, https://github.com/advisories/GHSA-wgh7-7m3c-fx25
D:\Projects\Informatique.Alumni\test\Informatique.Alumni.EntityFrameworkCore.Tests\Informatique.Alumni.EntityFrameworkCore.Tests.csproj : warning NU1902: Package 'Scriban' 6.3.0 has a known moderate severity vulnerability, https://github.com/advisories/GHSA-xw6w-9jjh-p9cr
D:\Projects\Informatique.Alumni\src\Informatique.Alumni.Application\Informatique.Alumni.Application.csproj : warning NU1903: Package 'Scriban' 6.3.0 has a known high severity vulnerability, https://github.com/advisories/GHSA-x6m9-38vm-2xhf
D:\Projects\Informatique.Alumni\src\Informatique.Alumni.Application\Informatique.Alumni.Application.csproj : warning NU1903: Package 'Scriban' 6.3.0 has a known high severity vulnerability, https://github.com/advisories/GHSA-xcx6-vp38-8hr5
D:\Projects\Informatique.Alumni\src\Informatique.Alumni.Application\Informatique.Alumni.Application.csproj : warning NU1902: Package 'Scriban' 6.3.0 has a known moderate severity vulnerability, https://github.com/advisories/GHSA-xw6w-9jjh-p9cr
D:\Projects\Informatique.Alumni\src\Informatique.Alumni.Domain\Informatique.Alumni.Domain.csproj : warning NU1902: Package 'Scriban' 6.3.0 has a known moderate severity vulnerability, https://github.com/advisories/GHSA-5rpf-x9jg-8j5p
D:\Projects\Informatique.Alumni\src\Informatique.Alumni.Domain\Informatique.Alumni.Domain.csproj : warning NU1904: Package 'Scriban' 6.3.0 has a known critical severity vulnerability, https://github.com/advisories/GHSA-5wr9-m6jw-xx44
D:\Projects\Informatique.Alumni\src\Informatique.Alumni.Domain\Informatique.Alumni.Domain.csproj : warning NU1903: Package 'Scriban' 6.3.0 has a known high severity vulnerability, https://github.com/advisories/GHSA-c875-h985-hvrc
D:\Projects\Informatique.Alumni\src\Informatique.Alumni.Domain\Informatique.Alumni.Domain.csproj : warning NU1903: Package 'Scriban' 6.3.0 has a known high severity vulnerability, https://github.com/advisories/GHSA-grr9-747v-xvcp
D:\Projects\Informatique.Alumni\src\Informatique.Alumni.Domain\Informatique.Alumni.Domain.csproj : warning NU1902: Package 'Scriban' 6.3.0 has a known moderate severity vulnerability, https://github.com/advisories/GHSA-m2p3-hwv5-xpqw
D:\Projects\Informatique.Alumni\src\Informatique.Alumni.Domain\Informatique.Alumni.Domain.csproj : warning NU1903: Package 'Scriban' 6.3.0 has a known high severity vulnerability, https://github.com/advisories/GHSA-p6q4-fgr8-vx4p
D:\Projects\Informatique.Alumni\src\Informatique.Alumni.Domain\Informatique.Alumni.Domain.csproj : warning NU1903: Package 'Scriban' 6.3.0 has a known high severity vulnerability, https://github.com/advisories/GHSA-v66j-x4hw-fv9g
D:\Projects\Informatique.Alumni\src\Informatique.Alumni.Domain\Informatique.Alumni.Domain.csproj : warning NU1903: Package 'Scriban' 6.3.0 has a known high severity vulnerability, https://github.com/advisories/GHSA-wgh7-7m3c-fx25
D:\Projects\Informatique.Alumni\src\Informatique.Alumni.Domain\Informatique.Alumni.Domain.csproj : warning NU1903: Package 'Scriban' 6.3.0 has a known high severity vulnerability, https://github.com/advisories/GHSA-x6m9-38vm-2xhf
D:\Projects\Informatique.Alumni\src\Informatique.Alumni.Domain\Informatique.Alumni.Domain.csproj : warning NU1903: Package 'Scriban' 6.3.0 has a known high severity vulnerability, https://github.com/advisories/GHSA-xcx6-vp38-8hr5
D:\Projects\Informatique.Alumni\src\Informatique.Alumni.Domain\Informatique.Alumni.Domain.csproj : warning NU1902: Package 'Scriban' 6.3.0 has a known moderate severity vulnerability, https://github.com/advisories/GHSA-xw6w-9jjh-p9cr
D:\Projects\Informatique.Alumni\src\Informatique.Alumni.EntityFrameworkCore\Informatique.Alumni.EntityFrameworkCore.csproj : warning NU1902: Package 'Scriban' 6.3.0 has a known moderate severity vulnerability, https://github.com/advisories/GHSA-5rpf-x9jg-8j5p
D:\Projects\Informatique.Alumni\src\Informatique.Alumni.EntityFrameworkCore\Informatique.Alumni.EntityFrameworkCore.csproj : warning NU1904: Package 'Scriban' 6.3.0 has a known critical severity vulnerability, https://github.com/advisories/GHSA-5wr9-m6jw-xx44
D:\Projects\Informatique.Alumni\src\Informatique.Alumni.EntityFrameworkCore\Informatique.Alumni.EntityFrameworkCore.csproj : warning NU1903: Package 'Scriban' 6.3.0 has a known high severity vulnerability, https://github.com/advisories/GHSA-c875-h985-hvrc
D:\Projects\Informatique.Alumni\src\Informatique.Alumni.EntityFrameworkCore\Informatique.Alumni.EntityFrameworkCore.csproj : warning NU1903: Package 'Scriban' 6.3.0 has a known high severity vulnerability, https://github.com/advisories/GHSA-grr9-747v-xvcp
D:\Projects\Informatique.Alumni\src\Informatique.Alumni.EntityFrameworkCore\Informatique.Alumni.EntityFrameworkCore.csproj : warning NU1902: Package 'Scriban' 6.3.0 has a known moderate severity vulnerability, https://github.com/advisories/GHSA-m2p3-hwv5-xpqw
D:\Projects\Informatique.Alumni\src\Informatique.Alumni.EntityFrameworkCore\Informatique.Alumni.EntityFrameworkCore.csproj : warning NU1903: Package 'Scriban' 6.3.0 has a known high severity vulnerability, https://github.com/advisories/GHSA-p6q4-fgr8-vx4p
D:\Projects\Informatique.Alumni\src\Informatique.Alumni.EntityFrameworkCore\Informatique.Alumni.EntityFrameworkCore.csproj : warning NU1903: Package 'Scriban' 6.3.0 has a known high severity vulnerability, https://github.com/advisories/GHSA-v66j-x4hw-fv9g
D:\Projects\Informatique.Alumni\src\Informatique.Alumni.EntityFrameworkCore\Informatique.Alumni.EntityFrameworkCore.csproj : warning NU1903: Package 'Scriban' 6.3.0 has a known high severity vulnerability, https://github.com/advisories/GHSA-wgh7-7m3c-fx25
D:\Projects\Informatique.Alumni\src\Informatique.Alumni.EntityFrameworkCore\Informatique.Alumni.EntityFrameworkCore.csproj : warning NU1903: Package 'Scriban' 6.3.0 has a known high severity vulnerability, https://github.com/advisories/GHSA-x6m9-38vm-2xhf
D:\Projects\Informatique.Alumni\src\Informatique.Alumni.EntityFrameworkCore\Informatique.Alumni.EntityFrameworkCore.csproj : warning NU1903: Package 'Scriban' 6.3.0 has a known high severity vulnerability, https://github.com/advisories/GHSA-xcx6-vp38-8hr5
D:\Projects\Informatique.Alumni\src\Informatique.Alumni.EntityFrameworkCore\Informatique.Alumni.EntityFrameworkCore.csproj : warning NU1902: Package 'Scriban' 6.3.0 has a known moderate severity vulnerability, https://github.com/advisories/GHSA-xw6w-9jjh-p9cr
  Informatique.Alumni.Domain.Shared -> D:\Projects\Informatique.Alumni\src\Informatique.Alumni.Domain.Shared\bin\Debug\net10.0\Informatique.Alumni.Domain.Shared.dll
  Informatique.Alumni.TestBase -> D:\Projects\Informatique.Alumni\test\Informatique.Alumni.TestBase\bin\Debug\net10.0\Informatique.Alumni.TestBase.dll
  Informatique.Alumni.Application.Contracts -> D:\Projects\Informatique.Alumni\src\Informatique.Alumni.Application.Contracts\bin\Debug\net10.0\Informatique.Alumni.Application.Contracts.dll
  Informatique.Alumni.Domain -> D:\Projects\Informatique.Alumni\src\Informatique.Alumni.Domain\bin\Debug\net10.0\Informatique.Alumni.Domain.dll
  Informatique.Alumni.Domain.Tests -> D:\Projects\Informatique.Alumni\test\Informatique.Alumni.Domain.Tests\bin\Debug\net10.0\Informatique.Alumni.Domain.Tests.dll
  Informatique.Alumni.EntityFrameworkCore -> D:\Projects\Informatique.Alumni\src\Informatique.Alumni.EntityFrameworkCore\bin\Debug\net10.0\Informatique.Alumni.EntityFrameworkCore.dll
  Informatique.Alumni.Application -> D:\Projects\Informatique.Alumni\src\Informatique.Alumni.Application\bin\Debug\net10.0\Informatique.Alumni.Application.dll
  Informatique.Alumni.EntityFrameworkCore.Tests -> D:\Projects\Informatique.Alumni\test\Informatique.Alumni.EntityFrameworkCore.Tests\bin\Debug\net10.0\Informatique.Alumni.EntityFrameworkCore.Tests.dll
  Informatique.Alumni.Application.Tests -> D:\Projects\Informatique.Alumni\test\Informatique.Alumni.Application.Tests\bin\Debug\net10.0\Informatique.Alumni.Application.Tests.dll
Test run for D:\Projects\Informatique.Alumni\test\Informatique.Alumni.Application.Tests\bin\Debug\net10.0\Informatique.Alumni.Application.Tests.dll (.NETCoreApp,Version=v10.0)
A total of 1 test files matched the specified pattern.
  Failed Informatique.Alumni.Health.MedicalPartnerAppServiceTests.GetListAsync_Should_Return_List [13 s]
  Error Message:
   Volo.Abp.Validation.AbpValidationException : Method arguments are not valid! See ValidationErrors for details.
  Stack Trace:
     at Volo.Abp.Validation.MethodInvocationValidator.ThrowValidationError(MethodInvocationValidationContext context)
   at Volo.Abp.Validation.MethodInvocationValidator.ValidateAsync(MethodInvocationValidationContext context)
   at Volo.Abp.Validation.ValidationInterceptor.ValidateAsync(IAbpMethodInvocation invocation)
   at Volo.Abp.Validation.ValidationInterceptor.InterceptAsync(IAbpMethodInvocation invocation)
   at Volo.Abp.Castle.DynamicProxy.CastleAsyncAbpInterceptorAdapter`1.InterceptAsync[TResult](IInvocation invocation, IInvocationProceedInfo proceedInfo, Func`3 proceed)
   at Castle.DynamicProxy.AsyncInterceptorBase.ProceedAsynchronous[TResult](IInvocation invocation, IInvocationProceedInfo proceedInfo)
   at Volo.Abp.Castle.DynamicProxy.CastleAbpMethodInvocationAdapterWithReturnValue`1.ProceedAsync()
   at Volo.Abp.Uow.UnitOfWorkInterceptor.InterceptAsync(IAbpMethodInvocation invocation)
   at Volo.Abp.Castle.DynamicProxy.CastleAsyncAbpInterceptorAdapter`1.InterceptAsync[TResult](IInvocation invocation, IInvocationProceedInfo proceedInfo, Func`3 proceed)
   at Informatique.Alumni.Health.MedicalPartnerAppServiceTests.GetListAsync_Should_Return_List() in D:\Projects\Informatique.Alumni\test\Informatique.Alumni.Application.Tests\Health\MedicalPartnerAppServiceTests.cs:line 22
--- End of stack trace from previous location ---
  Failed Informatique.Alumni.Health.MedicalPartnerAppService_Tests.Should_Get_List_Of_Medical_Partners [3 s]
  Error Message:
   Volo.Abp.UserFriendlyException : Alumni profile not found for the current user.
  Stack Trace:
     at Informatique.Alumni.AlumniAppService.GetCurrentAlumniProfileIdAsync() in D:\Projects\Informatique.Alumni\src\Informatique.Alumni.Application\AlumniAppService.cs:line 39
   at Informatique.Alumni.Health.MedicalPartnerAppService.GateDiscountCodesAsync(List`1 partners) in D:\Projects\Informatique.Alumni\src\Informatique.Alumni.Application\Health\MedicalPartnerAppService.cs:line 198
   at Informatique.Alumni.Health.MedicalPartnerAppService.GetListAsync(GetMedicalPartnersInput input) in D:\Projects\Informatique.Alumni\src\Informatique.Alumni.Application\Health\MedicalPartnerAppService.cs:line 146
   at Castle.DynamicProxy.AsyncInterceptorBase.ProceedAsynchronous[TResult](IInvocation invocation, IInvocationProceedInfo proceedInfo)
   at Volo.Abp.Castle.DynamicProxy.CastleAbpMethodInvocationAdapterWithReturnValue`1.ProceedAsync()
   at Volo.Abp.GlobalFeatures.GlobalFeatureInterceptor.InterceptAsync(IAbpMethodInvocation invocation)
   at Volo.Abp.Castle.DynamicProxy.CastleAsyncAbpInterceptorAdapter`1.InterceptAsync[TResult](IInvocation invocation, IInvocationProceedInfo proceedInfo, Func`3 proceed)
   at Castle.DynamicProxy.AsyncInterceptorBase.ProceedAsynchronous[TResult](IInvocation invocation, IInvocationProceedInfo proceedInfo)
   at Volo.Abp.Castle.DynamicProxy.CastleAbpMethodInvocationAdapterWithReturnValue`1.ProceedAsync()
   at Volo.Abp.Authorization.AuthorizationInterceptor.InterceptAsync(IAbpMethodInvocation invocation)
   at Volo.Abp.Castle.DynamicProxy.CastleAsyncAbpInterceptorAdapter`1.InterceptAsync[TResult](IInvocation invocation, IInvocationProceedInfo proceedInfo, Func`3 proceed)
   at Castle.DynamicProxy.AsyncInterceptorBase.ProceedAsynchronous[TResult](IInvocation invocation, IInvocationProceedInfo proceedInfo)
   at Volo.Abp.Castle.DynamicProxy.CastleAbpMethodInvocationAdapterWithReturnValue`1.ProceedAsync()
   at Volo.Abp.Auditing.AuditingInterceptor.ProceedByLoggingAsync(IAbpMethodInvocation invocation, AbpAuditingOptions options, IAuditingHelper auditingHelper, IAuditLogScope auditLogScope)
   at Volo.Abp.Auditing.AuditingInterceptor.ProcessWithNewAuditingScopeAsync(IAbpMethodInvocation invocation, AbpAuditingOptions options, ICurrentUser currentUser, IAuditingManager auditingManager, IAuditingHelper auditingHelper, IUnitOfWorkManager unitOfWorkManager)
   at Volo.Abp.Auditing.AuditingInterceptor.ProcessWithNewAuditingScopeAsync(IAbpMethodInvocation invocation, AbpAuditingOptions options, ICurrentUser currentUser, IAuditingManager auditingManager, IAuditingHelper auditingHelper, IUnitOfWorkManager unitOfWorkManager)
   at Volo.Abp.Auditing.AuditingInterceptor.InterceptAsync(IAbpMethodInvocation invocation)
   at Volo.Abp.Castle.DynamicProxy.CastleAsyncAbpInterceptorAdapter`1.InterceptAsync[TResult](IInvocation invocation, IInvocationProceedInfo proceedInfo, Func`3 proceed)
   at Castle.DynamicProxy.AsyncInterceptorBase.ProceedAsynchronous[TResult](IInvocation invocation, IInvocationProceedInfo proceedInfo)
   at Volo.Abp.Castle.DynamicProxy.CastleAbpMethodInvocationAdapterWithReturnValue`1.ProceedAsync()
   at Volo.Abp.Validation.ValidationInterceptor.InterceptAsync(IAbpMethodInvocation invocation)
   at Volo.Abp.Castle.DynamicProxy.CastleAsyncAbpInterceptorAdapter`1.InterceptAsync[TResult](IInvocation invocation, IInvocationProceedInfo proceedInfo, Func`3 proceed)
   at Castle.DynamicProxy.AsyncInterceptorBase.ProceedAsynchronous[TResult](IInvocation invocation, IInvocationProceedInfo proceedInfo)
   at Volo.Abp.Castle.DynamicProxy.CastleAbpMethodInvocationAdapterWithReturnValue`1.ProceedAsync()
   at Volo.Abp.Uow.UnitOfWorkInterceptor.InterceptAsync(IAbpMethodInvocation invocation)
   at Volo.Abp.Castle.DynamicProxy.CastleAsyncAbpInterceptorAdapter`1.InterceptAsync[TResult](IInvocation invocation, IInvocationProceedInfo proceedInfo, Func`3 proceed)
   at Informatique.Alumni.Health.MedicalPartnerAppService_Tests.Should_Get_List_Of_Medical_Partners() in D:\Projects\Informatique.Alumni\test\Informatique.Alumni.Application.Tests\Health\MedicalPartnerAppService_Tests.cs:line 23
--- End of stack trace from previous location ---
  Failed Informatique.Alumni.Certificates.CertificateRequestAppServiceTests.UpdateStatusAsync_Should_Change_Status_And_History [13 s]
  Error Message:
   Volo.Abp.UserFriendlyException : Business Rule Failed: Exception of type 'Volo.Abp.BusinessException' was thrown. Code: Alumni:Certificate:003
  Stack Trace:
     at Informatique.Alumni.Certificates.CertificateRequestAppService.CreateAsync(CreateCertificateRequestDto input) in D:\Projects\Informatique.Alumni\src\Informatique.Alumni.Application\Certificates\CertificateRequestAppService.cs:line 408
   at Castle.DynamicProxy.AsyncInterceptorBase.ProceedAsynchronous[TResult](IInvocation invocation, IInvocationProceedInfo proceedInfo)
   at Volo.Abp.Castle.DynamicProxy.CastleAbpMethodInvocationAdapterWithReturnValue`1.ProceedAsync()
   at Volo.Abp.GlobalFeatures.GlobalFeatureInterceptor.InterceptAsync(IAbpMethodInvocation invocation)
   at Volo.Abp.Castle.DynamicProxy.CastleAsyncAbpInterceptorAdapter`1.InterceptAsync[TResult](IInvocation invocation, IInvocationProceedInfo proceedInfo, Func`3 proceed)
   at Castle.DynamicProxy.AsyncInterceptorBase.ProceedAsynchronous[TResult](IInvocation invocation, IInvocationProceedInfo proceedInfo)
   at Volo.Abp.Castle.DynamicProxy.CastleAbpMethodInvocationAdapterWithReturnValue`1.ProceedAsync()
   at Volo.Abp.Authorization.AuthorizationInterceptor.InterceptAsync(IAbpMethodInvocation invocation)
   at Volo.Abp.Castle.DynamicProxy.CastleAsyncAbpInterceptorAdapter`1.InterceptAsync[TResult](IInvocation invocation, IInvocationProceedInfo proceedInfo, Func`3 proceed)
   at Castle.DynamicProxy.AsyncInterceptorBase.ProceedAsynchronous[TResult](IInvocation invocation, IInvocationProceedInfo proceedInfo)
   at Volo.Abp.Castle.DynamicProxy.CastleAbpMethodInvocationAdapterWithReturnValue`1.ProceedAsync()
   at Volo.Abp.Auditing.AuditingInterceptor.ProceedByLoggingAsync(IAbpMethodInvocation invocation, AbpAuditingOptions options, IAuditingHelper auditingHelper, IAuditLogScope auditLogScope)
   at Volo.Abp.Auditing.AuditingInterceptor.ProcessWithNewAuditingScopeAsync(IAbpMethodInvocation invocation, AbpAuditingOptions options, ICurrentUser currentUser, IAuditingManager auditingManager, IAuditingHelper auditingHelper, IUnitOfWorkManager unitOfWorkManager)
   at Volo.Abp.Auditing.AuditingInterceptor.ProcessWithNewAuditingScopeAsync(IAbpMethodInvocation invocation, AbpAuditingOptions options, ICurrentUser currentUser, IAuditingManager auditingManager, IAuditingHelper auditingHelper, IUnitOfWorkManager unitOfWorkManager)
   at Volo.Abp.Auditing.AuditingInterceptor.InterceptAsync(IAbpMethodInvocation invocation)
   at Volo.Abp.Castle.DynamicProxy.CastleAsyncAbpInterceptorAdapter`1.InterceptAsync[TResult](IInvocation invocation, IInvocationProceedInfo proceedInfo, Func`3 proceed)
   at Castle.DynamicProxy.AsyncInterceptorBase.ProceedAsynchronous[TResult](IInvocation invocation, IInvocationProceedInfo proceedInfo)
   at Volo.Abp.Castle.DynamicProxy.CastleAbpMethodInvocationAdapterWithReturnValue`1.ProceedAsync()
   at Volo.Abp.Validation.ValidationInterceptor.InterceptAsync(IAbpMethodInvocation invocation)
   at Volo.Abp.Castle.DynamicProxy.CastleAsyncAbpInterceptorAdapter`1.InterceptAsync[TResult](IInvocation invocation, IInvocationProceedInfo proceedInfo, Func`3 proceed)
   at Castle.DynamicProxy.AsyncInterceptorBase.ProceedAsynchronous[TResult](IInvocation invocation, IInvocationProceedInfo proceedInfo)
   at Volo.Abp.Castle.DynamicProxy.CastleAbpMethodInvocationAdapterWithReturnValue`1.ProceedAsync()
   at Volo.Abp.Uow.UnitOfWorkInterceptor.InterceptAsync(IAbpMethodInvocation invocation)
   at Volo.Abp.Castle.DynamicProxy.CastleAsyncAbpInterceptorAdapter`1.InterceptAsync[TResult](IInvocation invocation, IInvocationProceedInfo proceedInfo, Func`3 proceed)
   at Informatique.Alumni.Certificates.CertificateRequestAppServiceTests.UpdateStatusAsync_Should_Change_Status_And_History() in D:\Projects\Informatique.Alumni\test\Informatique.Alumni.Application.Tests\Certificates\CertificateRequestAppServiceTests.cs:line 199
--- End of stack trace from previous location ---
  Failed Informatique.Alumni.Health.MedicalPartnerAppService_Tests.Should_Filter_By_Text_In_Category [3 s]
  Error Message:
   Volo.Abp.UserFriendlyException : Alumni profile not found for the current user.
  Stack Trace:
     at Informatique.Alumni.AlumniAppService.GetCurrentAlumniProfileIdAsync() in D:\Projects\Informatique.Alumni\src\Informatique.Alumni.Application\AlumniAppService.cs:line 39
   at Informatique.Alumni.Health.MedicalPartnerAppService.GateDiscountCodesAsync(List`1 partners) in D:\Projects\Informatique.Alumni\src\Informatique.Alumni.Application\Health\MedicalPartnerAppService.cs:line 198
   at Informatique.Alumni.Health.MedicalPartnerAppService.GetListAsync(GetMedicalPartnersInput input) in D:\Projects\Informatique.Alumni\src\Informatique.Alumni.Application\Health\MedicalPartnerAppService.cs:line 146
   at Castle.DynamicProxy.AsyncInterceptorBase.ProceedAsynchronous[TResult](IInvocation invocation, IInvocationProceedInfo proceedInfo)
   at Volo.Abp.Castle.DynamicProxy.CastleAbpMethodInvocationAdapterWithReturnValue`1.ProceedAsync()
   at Volo.Abp.GlobalFeatures.GlobalFeatureInterceptor.InterceptAsync(IAbpMethodInvocation invocation)
   at Volo.Abp.Castle.DynamicProxy.CastleAsyncAbpInterceptorAdapter`1.InterceptAsync[TResult](IInvocation invocation, IInvocationProceedInfo proceedInfo, Func`3 proceed)
   at Castle.DynamicProxy.AsyncInterceptorBase.ProceedAsynchronous[TResult](IInvocation invocation, IInvocationProceedInfo proceedInfo)
   at Volo.Abp.Castle.DynamicProxy.CastleAbpMethodInvocationAdapterWithReturnValue`1.ProceedAsync()
   at Volo.Abp.Authorization.AuthorizationInterceptor.InterceptAsync(IAbpMethodInvocation invocation)
   at Volo.Abp.Castle.DynamicProxy.CastleAsyncAbpInterceptorAdapter`1.InterceptAsync[TResult](IInvocation invocation, IInvocationProceedInfo proceedInfo, Func`3 proceed)
   at Castle.DynamicProxy.AsyncInterceptorBase.ProceedAsynchronous[TResult](IInvocation invocation, IInvocationProceedInfo proceedInfo)
   at Volo.Abp.Castle.DynamicProxy.CastleAbpMethodInvocationAdapterWithReturnValue`1.ProceedAsync()
   at Volo.Abp.Auditing.AuditingInterceptor.ProceedByLoggingAsync(IAbpMethodInvocation invocation, AbpAuditingOptions options, IAuditingHelper auditingHelper, IAuditLogScope auditLogScope)
   at Volo.Abp.Auditing.AuditingInterceptor.ProcessWithNewAuditingScopeAsync(IAbpMethodInvocation invocation, AbpAuditingOptions options, ICurrentUser currentUser, IAuditingManager auditingManager, IAuditingHelper auditingHelper, IUnitOfWorkManager unitOfWorkManager)
   at Volo.Abp.Auditing.AuditingInterceptor.ProcessWithNewAuditingScopeAsync(IAbpMethodInvocation invocation, AbpAuditingOptions options, ICurrentUser currentUser, IAuditingManager auditingManager, IAuditingHelper auditingHelper, IUnitOfWorkManager unitOfWorkManager)
   at Volo.Abp.Auditing.AuditingInterceptor.InterceptAsync(IAbpMethodInvocation invocation)
   at Volo.Abp.Castle.DynamicProxy.CastleAsyncAbpInterceptorAdapter`1.InterceptAsync[TResult](IInvocation invocation, IInvocationProceedInfo proceedInfo, Func`3 proceed)
   at Castle.DynamicProxy.AsyncInterceptorBase.ProceedAsynchronous[TResult](IInvocation invocation, IInvocationProceedInfo proceedInfo)
   at Volo.Abp.Castle.DynamicProxy.CastleAbpMethodInvocationAdapterWithReturnValue`1.ProceedAsync()
   at Volo.Abp.Validation.ValidationInterceptor.InterceptAsync(IAbpMethodInvocation invocation)
   at Volo.Abp.Castle.DynamicProxy.CastleAsyncAbpInterceptorAdapter`1.InterceptAsync[TResult](IInvocation invocation, IInvocationProceedInfo proceedInfo, Func`3 proceed)
   at Castle.DynamicProxy.AsyncInterceptorBase.ProceedAsynchronous[TResult](IInvocation invocation, IInvocationProceedInfo proceedInfo)
   at Volo.Abp.Castle.DynamicProxy.CastleAbpMethodInvocationAdapterWithReturnValue`1.ProceedAsync()
   at Volo.Abp.Uow.UnitOfWorkInterceptor.InterceptAsync(IAbpMethodInvocation invocation)
   at Volo.Abp.Castle.DynamicProxy.CastleAsyncAbpInterceptorAdapter`1.InterceptAsync[TResult](IInvocation invocation, IInvocationProceedInfo proceedInfo, Func`3 proceed)
   at Informatique.Alumni.Health.MedicalPartnerAppService_Tests.Should_Filter_By_Text_In_Category() in D:\Projects\Informatique.Alumni\test\Informatique.Alumni.Application.Tests\Health\MedicalPartnerAppService_Tests.cs:line 37
--- End of stack trace from previous location ---
  Failed Informatique.Alumni.Certificates.CertificateRequestAppServiceTests.GetListAsync_Should_Filter_By_Branch_For_Admin [3 s]
  Error Message:
   Volo.Abp.Domain.Entities.EntityNotFoundException`1[[Volo.Abp.Identity.IdentityUser, Volo.Abp.Identity.Domain, Version=10.0.1.0, Culture=neutral, PublicKeyToken=null]] : There is no such an entity. Entity type: Volo.Abp.Identity.IdentityUser, id: 4694a9e6-67d6-9214-453f-3a20602d452a
  Stack Trace:
     at Volo.Abp.Domain.Repositories.EntityFrameworkCore.EfCoreRepository`3.GetAsync(TKey id, Boolean includeDetails, CancellationToken cancellationToken)
   at Castle.DynamicProxy.AsyncInterceptorBase.ProceedAsynchronous[TResult](IInvocation invocation, IInvocationProceedInfo proceedInfo)
   at Volo.Abp.Castle.DynamicProxy.CastleAbpMethodInvocationAdapterWithReturnValue`1.ProceedAsync()
   at Volo.Abp.Uow.UnitOfWorkInterceptor.InterceptAsync(IAbpMethodInvocation invocation)
   at Volo.Abp.Castle.DynamicProxy.CastleAsyncAbpInterceptorAdapter`1.InterceptAsync[TResult](IInvocation invocation, IInvocationProceedInfo proceedInfo, Func`3 proceed)
   at Informatique.Alumni.Directory.CacheSyncHandler.HandleEventAsync(EntityChangedEventData`1 eventData) in D:\Projects\Informatique.Alumni\src\Informatique.Alumni.Domain\Directory\CacheSyncHandler.cs:line 43
   at Castle.DynamicProxy.AsyncInterceptorBase.ProceedAsynchronous(IInvocation invocation, IInvocationProceedInfo proceedInfo)
   at Volo.Abp.Castle.DynamicProxy.CastleAbpMethodInvocationAdapter.ProceedAsync()
   at Volo.Abp.Uow.UnitOfWorkInterceptor.InterceptAsync(IAbpMethodInvocation invocation)
   at Volo.Abp.Castle.DynamicProxy.CastleAsyncAbpInterceptorAdapter`1.InterceptAsync(IInvocation invocation, IInvocationProceedInfo proceedInfo, Func`3 proceed)
   at Volo.Abp.EventBus.EventHandlerInvoker.InvokeAsync(IEventHandler eventHandler, Object eventData, Type eventType)
   at Volo.Abp.EventBus.EventBusBase.TriggerHandlerAsync(IEventHandlerFactory asyncHandlerFactory, Type eventType, Object eventData, List`1 exceptions, InboxConfig inboxConfig)
   at System.AbpExceptionExtensions.ReThrow(Exception exception)
   at Volo.Abp.EventBus.EventBusBase.ThrowOriginalExceptions(Type eventType, List`1 exceptions)
   at Volo.Abp.EventBus.EventBusBase.TriggerHandlersAsync(Type eventType, Object eventData)
   at Volo.Abp.EventBus.Local.LocalEventBus.PublishAsync(LocalEventMessage localEventMessage)
   at Volo.Abp.EventBus.Local.LocalEventBus.PublishToEventBusAsync(Type eventType, Object eventData)
   at Volo.Abp.EventBus.EventBusBase.PublishAsync(Type eventType, Object eventData, Boolean onUnitOfWorkComplete)
   at Volo.Abp.EventBus.UnitOfWorkEventPublisher.PublishLocalEventsAsync(IEnumerable`1 localEvents)
   at Volo.Abp.Uow.UnitOfWork.CompleteAsync(CancellationToken cancellationToken)
   at Volo.Abp.Uow.UnitOfWorkInterceptor.InterceptAsync(IAbpMethodInvocation invocation)
   at Volo.Abp.Castle.DynamicProxy.CastleAsyncAbpInterceptorAdapter`1.InterceptAsync[TResult](IInvocation invocation, IInvocationProceedInfo proceedInfo, Func`3 proceed)
   at Informatique.Alumni.Certificates.CertificateRequestAppServiceTests.SetupAlumniDataAsync(Guid userId) in D:\Projects\Informatique.Alumni\test\Informatique.Alumni.Application.Tests\Certificates\CertificateRequestAppServiceTests.cs:line 109
   at Informatique.Alumni.Certificates.CertificateRequestAppServiceTests.GetListAsync_Should_Filter_By_Branch_For_Admin() in D:\Projects\Informatique.Alumni\test\Informatique.Alumni.Application.Tests\Certificates\CertificateRequestAppServiceTests.cs:line 144
--- End of stack trace from previous location ---
  Failed Informatique.Alumni.Events.EventsAppServiceTests.GetMyRegistrationsAsync_Should_Bulk_Load_Event_Names [6 s]
  Error Message:
   Volo.Abp.UserFriendlyException : Access denied. Active membership required.
  Stack Trace:
     at Informatique.Alumni.Membership.MembershipGuard.CheckAsync() in D:\Projects\Informatique.Alumni\src\Informatique.Alumni.Application\Membership\MembershipGuard.cs:line 47
   at Informatique.Alumni.Events.EventsAppService.RegisterAsync(Guid id) in D:\Projects\Informatique.Alumni\src\Informatique.Alumni.Application\Events\EventsAppService.cs:line 473
   at Castle.DynamicProxy.AsyncInterceptorBase.ProceedAsynchronous[TResult](IInvocation invocation, IInvocationProceedInfo proceedInfo)
   at Volo.Abp.Castle.DynamicProxy.CastleAbpMethodInvocationAdapterWithReturnValue`1.ProceedAsync()
   at Volo.Abp.GlobalFeatures.GlobalFeatureInterceptor.InterceptAsync(IAbpMethodInvocation invocation)
   at Volo.Abp.Castle.DynamicProxy.CastleAsyncAbpInterceptorAdapter`1.InterceptAsync[TResult](IInvocation invocation, IInvocationProceedInfo proceedInfo, Func`3 proceed)
   at Castle.DynamicProxy.AsyncInterceptorBase.ProceedAsynchronous[TResult](IInvocation invocation, IInvocationProceedInfo proceedInfo)
   at Volo.Abp.Castle.DynamicProxy.CastleAbpMethodInvocationAdapterWithReturnValue`1.ProceedAsync()
   at Volo.Abp.Authorization.AuthorizationInterceptor.InterceptAsync(IAbpMethodInvocation invocation)
   at Volo.Abp.Castle.DynamicProxy.CastleAsyncAbpInterceptorAdapter`1.InterceptAsync[TResult](IInvocation invocation, IInvocationProceedInfo proceedInfo, Func`3 proceed)
   at Castle.DynamicProxy.AsyncInterceptorBase.ProceedAsynchronous[TResult](IInvocation invocation, IInvocationProceedInfo proceedInfo)
   at Volo.Abp.Castle.DynamicProxy.CastleAbpMethodInvocationAdapterWithReturnValue`1.ProceedAsync()
   at Volo.Abp.Auditing.AuditingInterceptor.ProceedByLoggingAsync(IAbpMethodInvocation invocation, AbpAuditingOptions options, IAuditingHelper auditingHelper, IAuditLogScope auditLogScope)
   at Volo.Abp.Auditing.AuditingInterceptor.ProcessWithNewAuditingScopeAsync(IAbpMethodInvocation invocation, AbpAuditingOptions options, ICurrentUser currentUser, IAuditingManager auditingManager, IAuditingHelper auditingHelper, IUnitOfWorkManager unitOfWorkManager)
   at Volo.Abp.Auditing.AuditingInterceptor.ProcessWithNewAuditingScopeAsync(IAbpMethodInvocation invocation, AbpAuditingOptions options, ICurrentUser currentUser, IAuditingManager auditingManager, IAuditingHelper auditingHelper, IUnitOfWorkManager unitOfWorkManager)
   at Volo.Abp.Auditing.AuditingInterceptor.InterceptAsync(IAbpMethodInvocation invocation)
   at Volo.Abp.Castle.DynamicProxy.CastleAsyncAbpInterceptorAdapter`1.InterceptAsync[TResult](IInvocation invocation, IInvocationProceedInfo proceedInfo, Func`3 proceed)
   at Castle.DynamicProxy.AsyncInterceptorBase.ProceedAsynchronous[TResult](IInvocation invocation, IInvocationProceedInfo proceedInfo)
   at Volo.Abp.Castle.DynamicProxy.CastleAbpMethodInvocationAdapterWithReturnValue`1.ProceedAsync()
   at Volo.Abp.Validation.ValidationInterceptor.InterceptAsync(IAbpMethodInvocation invocation)
   at Volo.Abp.Castle.DynamicProxy.CastleAsyncAbpInterceptorAdapter`1.InterceptAsync[TResult](IInvocation invocation, IInvocationProceedInfo proceedInfo, Func`3 proceed)
   at Castle.DynamicProxy.AsyncInterceptorBase.ProceedAsynchronous[TResult](IInvocation invocation, IInvocationProceedInfo proceedInfo)
   at Volo.Abp.Castle.DynamicProxy.CastleAbpMethodInvocationAdapterWithReturnValue`1.ProceedAsync()
   at Volo.Abp.Uow.UnitOfWorkInterceptor.InterceptAsync(IAbpMethodInvocation invocation)
   at Volo.Abp.Castle.DynamicProxy.CastleAsyncAbpInterceptorAdapter`1.InterceptAsync[TResult](IInvocation invocation, IInvocationProceedInfo proceedInfo, Func`3 proceed)
   at Informatique.Alumni.Events.EventsAppServiceTests.GetMyRegistrationsAsync_Should_Bulk_Load_Event_Names() in D:\Projects\Informatique.Alumni\test\Informatique.Alumni.Application.Tests\Events\EventsAppServiceTests.cs:line 114
--- End of stack trace from previous location ---
  Failed Informatique.Alumni.Health.MedicalPartnerAppService_Tests.Should_Filter_By_City [3 s]
  Error Message:
   Volo.Abp.UserFriendlyException : Alumni profile not found for the current user.
  Stack Trace:
     at Informatique.Alumni.AlumniAppService.GetCurrentAlumniProfileIdAsync() in D:\Projects\Informatique.Alumni\src\Informatique.Alumni.Application\AlumniAppService.cs:line 39
   at Informatique.Alumni.Health.MedicalPartnerAppService.GateDiscountCodesAsync(List`1 partners) in D:\Projects\Informatique.Alumni\src\Informatique.Alumni.Application\Health\MedicalPartnerAppService.cs:line 198
   at Informatique.Alumni.Health.MedicalPartnerAppService.GetListAsync(GetMedicalPartnersInput input) in D:\Projects\Informatique.Alumni\src\Informatique.Alumni.Application\Health\MedicalPartnerAppService.cs:line 146
   at Castle.DynamicProxy.AsyncInterceptorBase.ProceedAsynchronous[TResult](IInvocation invocation, IInvocationProceedInfo proceedInfo)
   at Volo.Abp.Castle.DynamicProxy.CastleAbpMethodInvocationAdapterWithReturnValue`1.ProceedAsync()
   at Volo.Abp.GlobalFeatures.GlobalFeatureInterceptor.InterceptAsync(IAbpMethodInvocation invocation)
   at Volo.Abp.Castle.DynamicProxy.CastleAsyncAbpInterceptorAdapter`1.InterceptAsync[TResult](IInvocation invocation, IInvocationProceedInfo proceedInfo, Func`3 proceed)
   at Castle.DynamicProxy.AsyncInterceptorBase.ProceedAsynchronous[TResult](IInvocation invocation, IInvocationProceedInfo proceedInfo)
   at Volo.Abp.Castle.DynamicProxy.CastleAbpMethodInvocationAdapterWithReturnValue`1.ProceedAsync()
   at Volo.Abp.Authorization.AuthorizationInterceptor.InterceptAsync(IAbpMethodInvocation invocation)
   at Volo.Abp.Castle.DynamicProxy.CastleAsyncAbpInterceptorAdapter`1.InterceptAsync[TResult](IInvocation invocation, IInvocationProceedInfo proceedInfo, Func`3 proceed)
   at Castle.DynamicProxy.AsyncInterceptorBase.ProceedAsynchronous[TResult](IInvocation invocation, IInvocationProceedInfo proceedInfo)
   at Volo.Abp.Castle.DynamicProxy.CastleAbpMethodInvocationAdapterWithReturnValue`1.ProceedAsync()
   at Volo.Abp.Auditing.AuditingInterceptor.ProceedByLoggingAsync(IAbpMethodInvocation invocation, AbpAuditingOptions options, IAuditingHelper auditingHelper, IAuditLogScope auditLogScope)
   at Volo.Abp.Auditing.AuditingInterceptor.ProcessWithNewAuditingScopeAsync(IAbpMethodInvocation invocation, AbpAuditingOptions options, ICurrentUser currentUser, IAuditingManager auditingManager, IAuditingHelper auditingHelper, IUnitOfWorkManager unitOfWorkManager)
   at Volo.Abp.Auditing.AuditingInterceptor.ProcessWithNewAuditingScopeAsync(IAbpMethodInvocation invocation, AbpAuditingOptions options, ICurrentUser currentUser, IAuditingManager auditingManager, IAuditingHelper auditingHelper, IUnitOfWorkManager unitOfWorkManager)
   at Volo.Abp.Auditing.AuditingInterceptor.InterceptAsync(IAbpMethodInvocation invocation)
   at Volo.Abp.Castle.DynamicProxy.CastleAsyncAbpInterceptorAdapter`1.InterceptAsync[TResult](IInvocation invocation, IInvocationProceedInfo proceedInfo, Func`3 proceed)
   at Castle.DynamicProxy.AsyncInterceptorBase.ProceedAsynchronous[TResult](IInvocation invocation, IInvocationProceedInfo proceedInfo)
   at Volo.Abp.Castle.DynamicProxy.CastleAbpMethodInvocationAdapterWithReturnValue`1.ProceedAsync()
   at Volo.Abp.Validation.ValidationInterceptor.InterceptAsync(IAbpMethodInvocation invocation)
   at Volo.Abp.Castle.DynamicProxy.CastleAsyncAbpInterceptorAdapter`1.InterceptAsync[TResult](IInvocation invocation, IInvocationProceedInfo proceedInfo, Func`3 proceed)
   at Castle.DynamicProxy.AsyncInterceptorBase.ProceedAsynchronous[TResult](IInvocation invocation, IInvocationProceedInfo proceedInfo)
   at Volo.Abp.Castle.DynamicProxy.CastleAbpMethodInvocationAdapterWithReturnValue`1.ProceedAsync()
   at Volo.Abp.Uow.UnitOfWorkInterceptor.InterceptAsync(IAbpMethodInvocation invocation)
   at Volo.Abp.Castle.DynamicProxy.CastleAsyncAbpInterceptorAdapter`1.InterceptAsync[TResult](IInvocation invocation, IInvocationProceedInfo proceedInfo, Func`3 proceed)
   at Informatique.Alumni.Health.MedicalPartnerAppService_Tests.Should_Filter_By_City() in D:\Projects\Informatique.Alumni\test\Informatique.Alumni.Application.Tests\Health\MedicalPartnerAppService_Tests.cs:line 51
--- End of stack trace from previous location ---
  Failed Informatique.Alumni.Career.JobAppServiceTests.ApplyAsync_Should_Fail_If_No_CV [5 s]
  Error Message:
   Shouldly.ShouldAssertException : exception.Message
    should contain (case insensitive comparison)
"create a CV"
    but was actually
"Alumni profile not found for the current user."
  Stack Trace:
     at Informatique.Alumni.Career.JobAppServiceTests.ApplyAsync_Should_Fail_If_No_CV() in D:\Projects\Informatique.Alumni\test\Informatique.Alumni.Application.Tests\Career\JobAppServiceTests.cs:line 51
   at System.Runtime.ExceptionServices.ExceptionDispatchInfo.Throw()
   at System.Runtime.CompilerServices.TaskAwaiter.ThrowForNonSuccess(Task task)
   at System.Runtime.CompilerServices.TaskAwaiter.HandleNonSuccessAndDebuggerNotification(Task task, ConfigureAwaitOptions options)
--- End of stack trace from previous location ---
   at System.Runtime.ExceptionServices.ExceptionDispatchInfo.Throw()
   at System.Runtime.CompilerServices.TaskAwaiter.ThrowForNonSuccess(Task task)
   at System.Runtime.CompilerServices.TaskAwaiter.HandleNonSuccessAndDebuggerNotification(Task task, ConfigureAwaitOptions options)
   at System.Runtime.ExceptionServices.ExceptionDispatchInfo.Throw()
   at System.Runtime.CompilerServices.TaskAwaiter.ThrowForNonSuccess(Task task)
   at System.Runtime.CompilerServices.TaskAwaiter.HandleNonSuccessAndDebuggerNotification(Task task, ConfigureAwaitOptions options)
  Failed Informatique.Alumni.Certificates.CertificateRequestAppServiceTests.CreateAsync_Should_Create_Request_Successfully [3 s]
  Error Message:
   Volo.Abp.UserFriendlyException : Business Rule Failed: Exception of type 'Volo.Abp.BusinessException' was thrown. Code: Alumni:Certificate:003
  Stack Trace:
     at Informatique.Alumni.Certificates.CertificateRequestAppService.CreateAsync(CreateCertificateRequestDto input) in D:\Projects\Informatique.Alumni\src\Informatique.Alumni.Application\Certificates\CertificateRequestAppService.cs:line 408
   at Castle.DynamicProxy.AsyncInterceptorBase.ProceedAsynchronous[TResult](IInvocation invocation, IInvocationProceedInfo proceedInfo)
   at Volo.Abp.Castle.DynamicProxy.CastleAbpMethodInvocationAdapterWithReturnValue`1.ProceedAsync()
   at Volo.Abp.GlobalFeatures.GlobalFeatureInterceptor.InterceptAsync(IAbpMethodInvocation invocation)
   at Volo.Abp.Castle.DynamicProxy.CastleAsyncAbpInterceptorAdapter`1.InterceptAsync[TResult](IInvocation invocation, IInvocationProceedInfo proceedInfo, Func`3 proceed)
   at Castle.DynamicProxy.AsyncInterceptorBase.ProceedAsynchronous[TResult](IInvocation invocation, IInvocationProceedInfo proceedInfo)
   at Volo.Abp.Castle.DynamicProxy.CastleAbpMethodInvocationAdapterWithReturnValue`1.ProceedAsync()
   at Volo.Abp.Authorization.AuthorizationInterceptor.InterceptAsync(IAbpMethodInvocation invocation)
   at Volo.Abp.Castle.DynamicProxy.CastleAsyncAbpInterceptorAdapter`1.InterceptAsync[TResult](IInvocation invocation, IInvocationProceedInfo proceedInfo, Func`3 proceed)
   at Castle.DynamicProxy.AsyncInterceptorBase.ProceedAsynchronous[TResult](IInvocation invocation, IInvocationProceedInfo proceedInfo)
   at Volo.Abp.Castle.DynamicProxy.CastleAbpMethodInvocationAdapterWithReturnValue`1.ProceedAsync()
   at Volo.Abp.Auditing.AuditingInterceptor.ProceedByLoggingAsync(IAbpMethodInvocation invocation, AbpAuditingOptions options, IAuditingHelper auditingHelper, IAuditLogScope auditLogScope)
   at Volo.Abp.Auditing.AuditingInterceptor.ProcessWithNewAuditingScopeAsync(IAbpMethodInvocation invocation, AbpAuditingOptions options, ICurrentUser currentUser, IAuditingManager auditingManager, IAuditingHelper auditingHelper, IUnitOfWorkManager unitOfWorkManager)
   at Volo.Abp.Auditing.AuditingInterceptor.ProcessWithNewAuditingScopeAsync(IAbpMethodInvocation invocation, AbpAuditingOptions options, ICurrentUser currentUser, IAuditingManager auditingManager, IAuditingHelper auditingHelper, IUnitOfWorkManager unitOfWorkManager)
   at Volo.Abp.Auditing.AuditingInterceptor.InterceptAsync(IAbpMethodInvocation invocation)
   at Volo.Abp.Castle.DynamicProxy.CastleAsyncAbpInterceptorAdapter`1.InterceptAsync[TResult](IInvocation invocation, IInvocationProceedInfo proceedInfo, Func`3 proceed)
   at Castle.DynamicProxy.AsyncInterceptorBase.ProceedAsynchronous[TResult](IInvocation invocation, IInvocationProceedInfo proceedInfo)
   at Volo.Abp.Castle.DynamicProxy.CastleAbpMethodInvocationAdapterWithReturnValue`1.ProceedAsync()
   at Volo.Abp.Validation.ValidationInterceptor.InterceptAsync(IAbpMethodInvocation invocation)
   at Volo.Abp.Castle.DynamicProxy.CastleAsyncAbpInterceptorAdapter`1.InterceptAsync[TResult](IInvocation invocation, IInvocationProceedInfo proceedInfo, Func`3 proceed)
   at Castle.DynamicProxy.AsyncInterceptorBase.ProceedAsynchronous[TResult](IInvocation invocation, IInvocationProceedInfo proceedInfo)
   at Volo.Abp.Castle.DynamicProxy.CastleAbpMethodInvocationAdapterWithReturnValue`1.ProceedAsync()
   at Volo.Abp.Uow.UnitOfWorkInterceptor.InterceptAsync(IAbpMethodInvocation invocation)
   at Volo.Abp.Castle.DynamicProxy.CastleAsyncAbpInterceptorAdapter`1.InterceptAsync[TResult](IInvocation invocation, IInvocationProceedInfo proceedInfo, Func`3 proceed)
   at Informatique.Alumni.Certificates.CertificateRequestAppServiceTests.CreateAsync_Should_Create_Request_Successfully() in D:\Projects\Informatique.Alumni\test\Informatique.Alumni.Application.Tests\Certificates\CertificateRequestAppServiceTests.cs:line 88
--- End of stack trace from previous location ---
  Failed Informatique.Alumni.Career.JobAppServiceTests.ApplyAsync_Should_Create_Application_Successfully [2 s]
  Error Message:
   Volo.Abp.UserFriendlyException : Alumni profile not found for the current user.
  Stack Trace:
     at Informatique.Alumni.AlumniAppService.GetCurrentAlumniProfileIdAsync() in D:\Projects\Informatique.Alumni\src\Informatique.Alumni.Application\AlumniAppService.cs:line 39
   at Informatique.Alumni.Career.JobAppService.ApplyAsync(Guid jobId) in D:\Projects\Informatique.Alumni\src\Informatique.Alumni.Application\Career\JobAppService.cs:line 73
   at Castle.DynamicProxy.AsyncInterceptorBase.ProceedAsynchronous(IInvocation invocation, IInvocationProceedInfo proceedInfo)
   at Volo.Abp.Castle.DynamicProxy.CastleAbpMethodInvocationAdapter.ProceedAsync()
   at Volo.Abp.GlobalFeatures.GlobalFeatureInterceptor.InterceptAsync(IAbpMethodInvocation invocation)
   at Volo.Abp.Castle.DynamicProxy.CastleAsyncAbpInterceptorAdapter`1.InterceptAsync(IInvocation invocation, IInvocationProceedInfo proceedInfo, Func`3 proceed)
   at Castle.DynamicProxy.AsyncInterceptorBase.ProceedAsynchronous(IInvocation invocation, IInvocationProceedInfo proceedInfo)
   at Volo.Abp.Castle.DynamicProxy.CastleAbpMethodInvocationAdapter.ProceedAsync()
   at Volo.Abp.Authorization.AuthorizationInterceptor.InterceptAsync(IAbpMethodInvocation invocation)
   at Volo.Abp.Castle.DynamicProxy.CastleAsyncAbpInterceptorAdapter`1.InterceptAsync(IInvocation invocation, IInvocationProceedInfo proceedInfo, Func`3 proceed)
   at Castle.DynamicProxy.AsyncInterceptorBase.ProceedAsynchronous(IInvocation invocation, IInvocationProceedInfo proceedInfo)
   at Volo.Abp.Castle.DynamicProxy.CastleAbpMethodInvocationAdapter.ProceedAsync()
   at Volo.Abp.Auditing.AuditingInterceptor.ProceedByLoggingAsync(IAbpMethodInvocation invocation, AbpAuditingOptions options, IAuditingHelper auditingHelper, IAuditLogScope auditLogScope)
   at Volo.Abp.Auditing.AuditingInterceptor.ProcessWithNewAuditingScopeAsync(IAbpMethodInvocation invocation, AbpAuditingOptions options, ICurrentUser currentUser, IAuditingManager auditingManager, IAuditingHelper auditingHelper, IUnitOfWorkManager unitOfWorkManager)
   at Volo.Abp.Auditing.AuditingInterceptor.ProcessWithNewAuditingScopeAsync(IAbpMethodInvocation invocation, AbpAuditingOptions options, ICurrentUser currentUser, IAuditingManager auditingManager, IAuditingHelper auditingHelper, IUnitOfWorkManager unitOfWorkManager)
   at Volo.Abp.Auditing.AuditingInterceptor.InterceptAsync(IAbpMethodInvocation invocation)
   at Volo.Abp.Castle.DynamicProxy.CastleAsyncAbpInterceptorAdapter`1.InterceptAsync(IInvocation invocation, IInvocationProceedInfo proceedInfo, Func`3 proceed)
   at Castle.DynamicProxy.AsyncInterceptorBase.ProceedAsynchronous(IInvocation invocation, IInvocationProceedInfo proceedInfo)
   at Volo.Abp.Castle.DynamicProxy.CastleAbpMethodInvocationAdapter.ProceedAsync()
   at Volo.Abp.Validation.ValidationInterceptor.InterceptAsync(IAbpMethodInvocation invocation)
   at Volo.Abp.Castle.DynamicProxy.CastleAsyncAbpInterceptorAdapter`1.InterceptAsync(IInvocation invocation, IInvocationProceedInfo proceedInfo, Func`3 proceed)
   at Castle.DynamicProxy.AsyncInterceptorBase.ProceedAsynchronous(IInvocation invocation, IInvocationProceedInfo proceedInfo)
   at Volo.Abp.Castle.DynamicProxy.CastleAbpMethodInvocationAdapter.ProceedAsync()
   at Volo.Abp.Uow.UnitOfWorkInterceptor.InterceptAsync(IAbpMethodInvocation invocation)
   at Volo.Abp.Castle.DynamicProxy.CastleAsyncAbpInterceptorAdapter`1.InterceptAsync(IInvocation invocation, IInvocationProceedInfo proceedInfo, Func`3 proceed)
   at Informatique.Alumni.Career.JobAppServiceTests.ApplyAsync_Should_Create_Application_Successfully() in D:\Projects\Informatique.Alumni\test\Informatique.Alumni.Application.Tests\Career\JobAppServiceTests.cs:line 121
--- End of stack trace from previous location ---
  Failed Informatique.Alumni.Syndicates.SyndicateAppServiceTests.Should_Apply_For_Syndicate [1 s]
  Error Message:
   Volo.Abp.UserFriendlyException : Alumni profile not found for the current user.
  Stack Trace:
     at Informatique.Alumni.AlumniAppService.GetCurrentAlumniProfileIdAsync() in D:\Projects\Informatique.Alumni\src\Informatique.Alumni.Application\AlumniAppService.cs:line 39
   at Informatique.Alumni.Syndicates.SyndicateAppService.ApplyAsync(ApplySyndicateDto input) in D:\Projects\Informatique.Alumni\src\Informatique.Alumni.Application\Syndicates\SyndicateAppService.cs:line 67
   at Castle.DynamicProxy.AsyncInterceptorBase.ProceedAsynchronous[TResult](IInvocation invocation, IInvocationProceedInfo proceedInfo)
   at Volo.Abp.Castle.DynamicProxy.CastleAbpMethodInvocationAdapterWithReturnValue`1.ProceedAsync()
   at Volo.Abp.GlobalFeatures.GlobalFeatureInterceptor.InterceptAsync(IAbpMethodInvocation invocation)
   at Volo.Abp.Castle.DynamicProxy.CastleAsyncAbpInterceptorAdapter`1.InterceptAsync[TResult](IInvocation invocation, IInvocationProceedInfo proceedInfo, Func`3 proceed)
   at Castle.DynamicProxy.AsyncInterceptorBase.ProceedAsynchronous[TResult](IInvocation invocation, IInvocationProceedInfo proceedInfo)
   at Volo.Abp.Castle.DynamicProxy.CastleAbpMethodInvocationAdapterWithReturnValue`1.ProceedAsync()
   at Volo.Abp.Authorization.AuthorizationInterceptor.InterceptAsync(IAbpMethodInvocation invocation)
   at Volo.Abp.Castle.DynamicProxy.CastleAsyncAbpInterceptorAdapter`1.InterceptAsync[TResult](IInvocation invocation, IInvocationProceedInfo proceedInfo, Func`3 proceed)
   at Castle.DynamicProxy.AsyncInterceptorBase.ProceedAsynchronous[TResult](IInvocation invocation, IInvocationProceedInfo proceedInfo)
   at Volo.Abp.Castle.DynamicProxy.CastleAbpMethodInvocationAdapterWithReturnValue`1.ProceedAsync()
   at Volo.Abp.Auditing.AuditingInterceptor.ProceedByLoggingAsync(IAbpMethodInvocation invocation, AbpAuditingOptions options, IAuditingHelper auditingHelper, IAuditLogScope auditLogScope)
   at Volo.Abp.Auditing.AuditingInterceptor.ProcessWithNewAuditingScopeAsync(IAbpMethodInvocation invocation, AbpAuditingOptions options, ICurrentUser currentUser, IAuditingManager auditingManager, IAuditingHelper auditingHelper, IUnitOfWorkManager unitOfWorkManager)
   at Volo.Abp.Auditing.AuditingInterceptor.ProcessWithNewAuditingScopeAsync(IAbpMethodInvocation invocation, AbpAuditingOptions options, ICurrentUser currentUser, IAuditingManager auditingManager, IAuditingHelper auditingHelper, IUnitOfWorkManager unitOfWorkManager)
   at Volo.Abp.Auditing.AuditingInterceptor.InterceptAsync(IAbpMethodInvocation invocation)
   at Volo.Abp.Castle.DynamicProxy.CastleAsyncAbpInterceptorAdapter`1.InterceptAsync[TResult](IInvocation invocation, IInvocationProceedInfo proceedInfo, Func`3 proceed)
   at Castle.DynamicProxy.AsyncInterceptorBase.ProceedAsynchronous[TResult](IInvocation invocation, IInvocationProceedInfo proceedInfo)
   at Volo.Abp.Castle.DynamicProxy.CastleAbpMethodInvocationAdapterWithReturnValue`1.ProceedAsync()
   at Volo.Abp.Validation.ValidationInterceptor.InterceptAsync(IAbpMethodInvocation invocation)
   at Volo.Abp.Castle.DynamicProxy.CastleAsyncAbpInterceptorAdapter`1.InterceptAsync[TResult](IInvocation invocation, IInvocationProceedInfo proceedInfo, Func`3 proceed)
   at Castle.DynamicProxy.AsyncInterceptorBase.ProceedAsynchronous[TResult](IInvocation invocation, IInvocationProceedInfo proceedInfo)
   at Volo.Abp.Castle.DynamicProxy.CastleAbpMethodInvocationAdapterWithReturnValue`1.ProceedAsync()
   at Volo.Abp.Uow.UnitOfWorkInterceptor.InterceptAsync(IAbpMethodInvocation invocation)
   at Volo.Abp.Castle.DynamicProxy.CastleAsyncAbpInterceptorAdapter`1.InterceptAsync[TResult](IInvocation invocation, IInvocationProceedInfo proceedInfo, Func`3 proceed)
   at Informatique.Alumni.Syndicates.SyndicateAppServiceTests.Should_Apply_For_Syndicate() in D:\Projects\Informatique.Alumni\test\Informatique.Alumni.Application.Tests\Syndicates\SyndicateAppServiceTests.cs:line 55
--- End of stack trace from previous location ---

Failed!  - Failed:    11, Passed:    29, Skipped:     0, Total:    40, Duration: 29 s - Informatique.Alumni.Application.Tests.dll (net10.0)
